Archive member included to satisfy reference by file (symbol)

/usr/lib/gcc/arm-none-eabi/10.3.1/thumb/v6-m/nofp/libgcc.a(_dvmd_tls.o)
                              CMakeFiles/pushButton.dir/home/arun/pico/pico-sdk/src/rp2_common/pico_divider/divider.S.obj (__aeabi_idiv0)
/usr/lib/gcc/arm-none-eabi/10.3.1/../../../arm-none-eabi/lib/thumb/v6-m/nofp/libg.a(lib_a-atexit.o)
                              /usr/lib/gcc/arm-none-eabi/10.3.1/../../../arm-none-eabi/lib/thumb/v6-m/nofp/crt0.o (atexit)
/usr/lib/gcc/arm-none-eabi/10.3.1/../../../arm-none-eabi/lib/thumb/v6-m/nofp/libg.a(lib_a-calloc.o)
                              CMakeFiles/pushButton.dir/home/arun/pico/pico-sdk/src/rp2_common/pico_malloc/pico_malloc.c.obj (calloc)
/usr/lib/gcc/arm-none-eabi/10.3.1/../../../arm-none-eabi/lib/thumb/v6-m/nofp/libg.a(lib_a-callocr.o)
                              /usr/lib/gcc/arm-none-eabi/10.3.1/../../../arm-none-eabi/lib/thumb/v6-m/nofp/libg.a(lib_a-calloc.o) (_calloc_r)
/usr/lib/gcc/arm-none-eabi/10.3.1/../../../arm-none-eabi/lib/thumb/v6-m/nofp/libg.a(lib_a-fini.o)
                              /usr/lib/gcc/arm-none-eabi/10.3.1/../../../arm-none-eabi/lib/thumb/v6-m/nofp/crt0.o (__libc_fini_array)
/usr/lib/gcc/arm-none-eabi/10.3.1/../../../arm-none-eabi/lib/thumb/v6-m/nofp/libg.a(lib_a-impure.o)
                              /usr/lib/gcc/arm-none-eabi/10.3.1/../../../arm-none-eabi/lib/thumb/v6-m/nofp/libg.a(lib_a-calloc.o) (_impure_ptr)
/usr/lib/gcc/arm-none-eabi/10.3.1/../../../arm-none-eabi/lib/thumb/v6-m/nofp/libg.a(lib_a-init.o)
                              /usr/lib/gcc/arm-none-eabi/10.3.1/../../../arm-none-eabi/lib/thumb/v6-m/nofp/crt0.o (__libc_init_array)
/usr/lib/gcc/arm-none-eabi/10.3.1/../../../arm-none-eabi/lib/thumb/v6-m/nofp/libg.a(lib_a-malloc.o)
                              CMakeFiles/pushButton.dir/home/arun/pico/pico-sdk/src/rp2_common/pico_malloc/pico_malloc.c.obj (malloc)
/usr/lib/gcc/arm-none-eabi/10.3.1/../../../arm-none-eabi/lib/thumb/v6-m/nofp/libg.a(lib_a-mallocr.o)
                              /usr/lib/gcc/arm-none-eabi/10.3.1/../../../arm-none-eabi/lib/thumb/v6-m/nofp/libg.a(lib_a-callocr.o) (_malloc_r)
/usr/lib/gcc/arm-none-eabi/10.3.1/../../../arm-none-eabi/lib/thumb/v6-m/nofp/libg.a(lib_a-mlock.o)
                              /usr/lib/gcc/arm-none-eabi/10.3.1/../../../arm-none-eabi/lib/thumb/v6-m/nofp/libg.a(lib_a-mallocr.o) (__malloc_lock)
/usr/lib/gcc/arm-none-eabi/10.3.1/../../../arm-none-eabi/lib/thumb/v6-m/nofp/libg.a(lib_a-realloc.o)
                              CMakeFiles/pushButton.dir/home/arun/pico/pico-sdk/src/rp2_common/pico_malloc/pico_malloc.c.obj (realloc)
/usr/lib/gcc/arm-none-eabi/10.3.1/../../../arm-none-eabi/lib/thumb/v6-m/nofp/libg.a(lib_a-reallocr.o)
                              /usr/lib/gcc/arm-none-eabi/10.3.1/../../../arm-none-eabi/lib/thumb/v6-m/nofp/libg.a(lib_a-realloc.o) (_realloc_r)
/usr/lib/gcc/arm-none-eabi/10.3.1/../../../arm-none-eabi/lib/thumb/v6-m/nofp/libg.a(lib_a-sbrkr.o)
                              /usr/lib/gcc/arm-none-eabi/10.3.1/../../../arm-none-eabi/lib/thumb/v6-m/nofp/libg.a(lib_a-mallocr.o) (_sbrk_r)
/usr/lib/gcc/arm-none-eabi/10.3.1/../../../arm-none-eabi/lib/thumb/v6-m/nofp/libg.a(lib_a-strlen-stub.o)
                              CMakeFiles/pushButton.dir/home/arun/pico/pico-sdk/src/rp2_common/pico_stdio/stdio.c.obj (strlen)
/usr/lib/gcc/arm-none-eabi/10.3.1/../../../arm-none-eabi/lib/thumb/v6-m/nofp/libg.a(lib_a-__atexit.o)
                              /usr/lib/gcc/arm-none-eabi/10.3.1/../../../arm-none-eabi/lib/thumb/v6-m/nofp/libg.a(lib_a-atexit.o) (__register_exitproc)
/usr/lib/gcc/arm-none-eabi/10.3.1/../../../arm-none-eabi/lib/thumb/v6-m/nofp/libg.a(lib_a-freer.o)
                              /usr/lib/gcc/arm-none-eabi/10.3.1/../../../arm-none-eabi/lib/thumb/v6-m/nofp/libg.a(lib_a-malloc.o) (_free_r)
/usr/lib/gcc/arm-none-eabi/10.3.1/../../../arm-none-eabi/lib/thumb/v6-m/nofp/libg.a(lib_a-memmove.o)
                              /usr/lib/gcc/arm-none-eabi/10.3.1/../../../arm-none-eabi/lib/thumb/v6-m/nofp/libg.a(lib_a-reallocr.o) (memmove)
/usr/lib/gcc/arm-none-eabi/10.3.1/../../../arm-none-eabi/lib/thumb/v6-m/nofp/libg.a(lib_a-reent.o)
                              /usr/lib/gcc/arm-none-eabi/10.3.1/../../../arm-none-eabi/lib/thumb/v6-m/nofp/libg.a(lib_a-sbrkr.o) (errno)

Discarded input sections

 .text          0x0000000000000000        0x0 /usr/lib/gcc/arm-none-eabi/10.3.1/thumb/v6-m/nofp/crti.o
 .data          0x0000000000000000        0x0 /usr/lib/gcc/arm-none-eabi/10.3.1/thumb/v6-m/nofp/crti.o
 .bss           0x0000000000000000        0x0 /usr/lib/gcc/arm-none-eabi/10.3.1/thumb/v6-m/nofp/crti.o
 .data          0x0000000000000000        0x4 /usr/lib/gcc/arm-none-eabi/10.3.1/thumb/v6-m/nofp/crtbegin.o
 .rodata        0x0000000000000000       0x24 /usr/lib/gcc/arm-none-eabi/10.3.1/thumb/v6-m/nofp/crtbegin.o
 .fini_array    0x0000000000000000        0x4 /usr/lib/gcc/arm-none-eabi/10.3.1/thumb/v6-m/nofp/crtbegin.o
[...]
Memory Configuration

Name             Origin             Length             Attributes
FLASH            0x0000000010000000 0x0000000000200000 xr
RAM              0x0000000020000000 0x0000000000040000 xrw
SCRATCH_X        0x0000000020040000 0x0000000000001000 xrw
SCRATCH_Y        0x0000000020041000 0x0000000000001000 xrw
*default*        0x0000000000000000 0xffffffffffffffff

Linker script and memory map

LOAD /usr/lib/gcc/arm-none-eabi/10.3.1/thumb/v6-m/nofp/crti.o
LOAD /usr/lib/gcc/arm-none-eabi/10.3.1/thumb/v6-m/nofp/crtbegin.o
LOAD /usr/lib/gcc/arm-none-eabi/10.3.1/../../../arm-none-eabi/lib/thumb/v6-m/nofp/crt0.o

.flash_begin    0x0000000010000000        0x0
                0x0000000010000000                __flash_binary_start = .

.boot2          0x0000000010000000      0x100
                0x0000000010000000                __boot2_start__ = .
 *(.boot2)
 .boot2         0x0000000010000000      0x100 /tmp/cc7NNDtJ.o
                0x0000000010000100                __boot2_end__ = .
                0x0000000000000001                ASSERT (((__boot2_end__ - __boot2_start__) == 0x100), ERROR: Pico second stage bootloader must be 256 bytes in size)

.text           0x0000000010000100     0x4308
                0x0000000010000100                __logical_binary_start = .
 *(.vectors)
 .vectors       0x0000000010000100       0xd4 CMakeFiles/pushButton.dir/home/arun/pico/pico-sdk/src/rp2_common/pico_standard_link/crt0.S.obj
                0x0000000010000100                __vectors
                0x0000000010000100                __VECTOR_TABLE
                0x00000000100001c0                isr_invalid
                0x00000000100001c0                __default_isrs_start
                0x00000000100001c2                isr_nmi
                0x00000000100001c4                isr_hardfault
                0x00000000100001c6                isr_svcall
                0x00000000100001c8                isr_pendsv
                0x00000000100001ca                isr_systick
                0x00000000100001cc                isr_irq30
                0x00000000100001cc                __unhandled_user_irq
                0x00000000100001cc                isr_irq13
                0x00000000100001cc                isr_irq27
                0x00000000100001cc                isr_irq31
                0x00000000100001cc                isr_irq5
                0x00000000100001cc                isr_irq11
                0x00000000100001cc                isr_irq23
                0x00000000100001cc                isr_irq18
                0x00000000100001cc                isr_irq28
                0x00000000100001cc                isr_irq19
                0x00000000100001cc                isr_irq0
                0x00000000100001cc                isr_irq6
                0x00000000100001cc                isr_irq22
                0x00000000100001cc                isr_irq17
                0x00000000100001cc                isr_irq14
                0x00000000100001cc                isr_irq2
                0x00000000100001cc                isr_irq10
                0x00000000100001cc                isr_irq8
                0x00000000100001cc                isr_irq24
                0x00000000100001cc                isr_irq1
                0x00000000100001cc                isr_irq7
                0x00000000100001cc                isr_irq21
                0x00000000100001cc                isr_irq20
                0x00000000100001cc                isr_irq15
                0x00000000100001cc                isr_irq25
                0x00000000100001cc                isr_irq4
                0x00000000100001cc                isr_irq16
                0x00000000100001cc                isr_irq29
                0x00000000100001cc                isr_irq26
                0x00000000100001cc                __default_isrs_end
                0x00000000100001cc                isr_irq3
                0x00000000100001cc                isr_irq12
                0x00000000100001cc                isr_irq9
                0x00000000100001d2                unhandled_user_irq_num_in_r0
 *(.binary_info_header)
 .binary_info_header
                0x00000000100001d4       0x14 CMakeFiles/pushButton.dir/home/arun/pico/pico-sdk/src/rp2_common/pico_standard_link/crt0.S.obj
                0x00000000100001e8                __binary_info_header_end = .
 *(.reset)
 .reset         0x00000000100001e8       0xa0 CMakeFiles/pushButton.dir/home/arun/pico/pico-sdk/src/rp2_common/pico_standard_link/crt0.S.obj
                0x00000000100001e8                _entry_point
 .reset         0x0000000010000288       0x30 CMakeFiles/pushButton.dir/home/arun/pico/pico-sdk/src/rp2_common/pico_standard_link/binary_info.c.obj
 *(.init)
 .init          0x00000000100002b8        0x4 /usr/lib/gcc/arm-none-eabi/10.3.1/thumb/v6-m/nofp/crti.o
                0x00000000100002b8                _init
 *(EXCLUDE_FILE(*libm.a: *libc.a:*lib_a-mem*.o *libgcc.a:) .text*)
 .text          0x00000000100002bc       0x98 /usr/lib/gcc/arm-none-eabi/10.3.1/thumb/v6-m/nofp/crtbegin.o
 .text.main     0x0000000010000354       0x40 CMakeFiles/pushButton.dir/push.c.obj
                0x0000000010000354                main
 .text.gpio_conf_pin_mode
                0x0000000010000394       0x14 CMakeFiles/pushButton.dir/home/arun/pico/GPIO_Drivers/gpio/gpio.c.obj
                0x0000000010000394                gpio_conf_pin_mode
 .text.gpio_conf_pin_dir
                0x00000000100003a8       0x38 CMakeFiles/pushButton.dir/home/arun/pico/GPIO_Drivers/gpio/gpio.c.obj
                0x00000000100003a8                gpio_conf_pin_dir
 .text.gpio_conf_pin_pullupdown
                0x00000000100003e0       0x34 CMakeFiles/pushButton.dir/home/arun/pico/GPIO_Drivers/gpio/gpio.c.obj
                0x00000000100003e0                gpio_conf_pin_pullupdown
 .text.gpio_read_from_pin
                0x0000000010000414       0x14 CMakeFiles/pushButton.dir/home/arun/pico/GPIO_Drivers/gpio/gpio.c.obj
                0x0000000010000414                gpio_read_from_pin
 .text.gpio_write_to_pin
                0x0000000010000428       0x2c CMakeFiles/pushButton.dir/home/arun/pico/GPIO_Drivers/gpio/gpio.c.obj
                0x0000000010000428                gpio_write_to_pin
 .text.running_on_fpga
                0x0000000010000454       0x14 CMakeFiles/pushButton.dir/home/arun/pico/pico-sdk/src/rp2_common/pico_platform/platform.c.obj
                0x0000000010000454                running_on_fpga
 .text.hw_claim_lock
                0x0000000010000468       0x18 CMakeFiles/pushButton.dir/home/arun/pico/pico-sdk/src/rp2_common/hardware_claim/claim.c.obj
                0x0000000010000468                hw_claim_lock
 .text.hw_claim_unlock
                0x0000000010000480       0x14 CMakeFiles/pushButton.dir/home/arun/pico/pico-sdk/src/rp2_common/hardware_claim/claim.c.obj
                0x0000000010000480                hw_claim_unlock
 .text.hw_claim_or_assert
                0x0000000010000494       0x32 CMakeFiles/pushButton.dir/home/arun/pico/pico-sdk/src/rp2_common/hardware_claim/claim.c.obj
                0x0000000010000494                hw_claim_or_assert
 *fill*         0x00000000100004c6        0x2 
 .text.spin_locks_reset
                0x00000000100004c8       0x20 CMakeFiles/pushButton.dir/home/arun/pico/pico-sdk/src/rp2_common/hardware_sync/sync.c.obj
                0x00000000100004c8                spin_locks_reset
 .text.next_striped_spin_lock_num
                0x00000000100004e8       0x1c CMakeFiles/pushButton.dir/home/arun/pico/pico-sdk/src/rp2_common/hardware_sync/sync.c.obj
                0x00000000100004e8                next_striped_spin_lock_num
 .text.set_raw_irq_handler_and_unlock
                0x0000000010000504       0x28 CMakeFiles/pushButton.dir/home/arun/pico/pico-sdk/src/rp2_common/hardware_irq/irq.c.obj
 .text.make_branch
                0x000000001000052c       0x48 CMakeFiles/pushButton.dir/home/arun/pico/pico-sdk/src/rp2_common/hardware_irq/irq.c.obj
 .text.insert_branch_and_link
                0x0000000010000574       0x40 CMakeFiles/pushButton.dir/home/arun/pico/pico-sdk/src/rp2_common/hardware_irq/irq.c.obj
 .text.irq_is_enabled
                0x00000000100005b4       0x18 CMakeFiles/pushButton.dir/home/arun/pico/pico-sdk/src/rp2_common/hardware_irq/irq.c.obj
                0x00000000100005b4                irq_is_enabled
 .text.irq_set_mask_enabled
                0x00000000100005cc       0x20 CMakeFiles/pushButton.dir/home/arun/pico/pico-sdk/src/rp2_common/hardware_irq/irq.c.obj
                0x00000000100005cc                irq_set_mask_enabled
 .text.irq_set_enabled
                0x00000000100005ec        0xe CMakeFiles/pushButton.dir/home/arun/pico/pico-sdk/src/rp2_common/hardware_irq/irq.c.obj
                0x00000000100005ec                irq_set_enabled
 *fill*         0x00000000100005fa        0x2 
 .text.irq_get_vtable_handler
                0x00000000100005fc       0x10 CMakeFiles/pushButton.dir/home/arun/pico/pico-sdk/src/rp2_common/hardware_irq/irq.c.obj
                0x00000000100005fc                irq_get_vtable_handler
 .text.irq_set_exclusive_handler
                0x000000001000060c       0x54 CMakeFiles/pushButton.dir/home/arun/pico/pico-sdk/src/rp2_common/hardware_irq/irq.c.obj
                0x000000001000060c                irq_set_exclusive_handler
 .text.irq_remove_handler
                0x0000000010000660      0x1ac CMakeFiles/pushButton.dir/home/arun/pico/pico-sdk/src/rp2_common/hardware_irq/irq.c.obj
                0x0000000010000660                irq_remove_handler
 .text.irq_add_tail_to_free_list
                0x000000001000080c       0xf0 CMakeFiles/pushButton.dir/home/arun/pico/pico-sdk/src/rp2_common/hardware_irq/irq.c.obj
                0x000000001000080c                irq_add_tail_to_free_list
 .text.irq_init_priorities
                0x00000000100008fc       0x1c CMakeFiles/pushButton.dir/home/arun/pico/pico-sdk/src/rp2_common/hardware_irq/irq.c.obj
                0x00000000100008fc                irq_init_priorities
 .text.lock_init
                0x0000000010000918       0x10 CMakeFiles/pushButton.dir/home/arun/pico/pico-sdk/src/common/pico_sync/lock_core.c.obj
                0x0000000010000918                lock_init
 .text.mutex_init
                0x0000000010000928       0x1a CMakeFiles/pushButton.dir/home/arun/pico/pico-sdk/src/common/pico_sync/mutex.c.obj
                0x0000000010000928                mutex_init
 .text.recursive_mutex_init
                0x0000000010000942       0x1e CMakeFiles/pushButton.dir/home/arun/pico/pico-sdk/src/common/pico_sync/mutex.c.obj
                0x0000000010000942                recursive_mutex_init
 .text.alarm_pool_post_alloc_init
                0x0000000010000960       0x40 CMakeFiles/pushButton.dir/home/arun/pico/pico-sdk/src/common/pico_time/time.c.obj
 .text.sleep_until_callback
                0x00000000100009a0       0x30 CMakeFiles/pushButton.dir/home/arun/pico/pico-sdk/src/common/pico_time/time.c.obj
 .text.timer_pool_entry_comparator
                0x00000000100009d0       0x7c CMakeFiles/pushButton.dir/home/arun/pico/pico-sdk/src/common/pico_time/time.c.obj
                0x00000000100009d0                timer_pool_entry_comparator
 .text.ph_add_child_node
                0x0000000010000a4c       0xa4 CMakeFiles/pushButton.dir/home/arun/pico/pico-sdk/src/common/pico_time/time.c.obj
 .text.ph_merge_nodes
                0x0000000010000af0       0x3e CMakeFiles/pushButton.dir/home/arun/pico/pico-sdk/src/common/pico_time/time.c.obj
 *fill*         0x0000000010000b2e        0x2 
 .text.add_alarm_under_lock
                0x0000000010000b30      0x174 CMakeFiles/pushButton.dir/home/arun/pico/pico-sdk/src/common/pico_time/time.c.obj
 .text.alarm_pool_alarm_callback
                0x0000000010000ca4      0x33c CMakeFiles/pushButton.dir/home/arun/pico/pico-sdk/src/common/pico_time/time.c.obj
 .text.alarm_pool_init_default
                0x0000000010000fe0       0x40 CMakeFiles/pushButton.dir/home/arun/pico/pico-sdk/src/common/pico_time/time.c.obj
                0x0000000010000fe0                alarm_pool_init_default
 .text.alarm_pool_get_default
                0x0000000010001020       0x2c CMakeFiles/pushButton.dir/home/arun/pico/pico-sdk/src/common/pico_time/time.c.obj
                0x0000000010001020                alarm_pool_get_default
 .text.alarm_pool_add_alarm_at
                0x000000001000104c      0x168 CMakeFiles/pushButton.dir/home/arun/pico/pico-sdk/src/common/pico_time/time.c.obj
                0x000000001000104c                alarm_pool_add_alarm_at
 .text.alarm_pool_cancel_alarm
                0x00000000100011b4       0xf0 CMakeFiles/pushButton.dir/home/arun/pico/pico-sdk/src/common/pico_time/time.c.obj
                0x00000000100011b4                alarm_pool_cancel_alarm
 .text.sleep_until
                0x00000000100012a4       0xfc CMakeFiles/pushButton.dir/home/arun/pico/pico-sdk/src/common/pico_time/time.c.obj
                0x00000000100012a4                sleep_until
 .text.sleep_us
                0x00000000100013a0       0x58 CMakeFiles/pushButton.dir/home/arun/pico/pico-sdk/src/common/pico_time/time.c.obj
                0x00000000100013a0                sleep_us
 .text.sleep_ms
                0x00000000100013f8       0x14 CMakeFiles/pushButton.dir/home/arun/pico/pico-sdk/src/common/pico_time/time.c.obj
                0x00000000100013f8                sleep_ms
 .text.best_effort_wfe_or_timeout
                0x000000001000140c       0xac CMakeFiles/pushButton.dir/home/arun/pico/pico-sdk/src/common/pico_time/time.c.obj
                0x000000001000140c                best_effort_wfe_or_timeout
 .text.hardware_alarm_irq_handler
                0x00000000100014b8       0x90 CMakeFiles/pushButton.dir/home/arun/pico/pico-sdk/src/rp2_common/hardware_timer/timer.c.obj
 .text.hardware_alarm_claim
                0x0000000010001548       0x18 CMakeFiles/pushButton.dir/home/arun/pico/pico-sdk/src/rp2_common/hardware_timer/timer.c.obj
                0x0000000010001548                hardware_alarm_claim
 .text.time_us_64
                0x0000000010001560       0x18 CMakeFiles/pushButton.dir/home/arun/pico/pico-sdk/src/rp2_common/hardware_timer/timer.c.obj
                0x0000000010001560                time_us_64
 .text.busy_wait_until
                0x0000000010001578       0x28 CMakeFiles/pushButton.dir/home/arun/pico/pico-sdk/src/rp2_common/hardware_timer/timer.c.obj
                0x0000000010001578                busy_wait_until
 .text.hardware_alarm_set_callback
                0x00000000100015a0       0x90 CMakeFiles/pushButton.dir/home/arun/pico/pico-sdk/src/rp2_common/hardware_timer/timer.c.obj
                0x00000000100015a0                hardware_alarm_set_callback
 .text.hardware_alarm_set_target
                0x0000000010001630       0xe8 CMakeFiles/pushButton.dir/home/arun/pico/pico-sdk/src/rp2_common/hardware_timer/timer.c.obj
                0x0000000010001630                hardware_alarm_set_target
 .text.hardware_alarm_cancel
                0x0000000010001718       0x40 CMakeFiles/pushButton.dir/home/arun/pico/pico-sdk/src/rp2_common/hardware_timer/timer.c.obj
                0x0000000010001718                hardware_alarm_cancel
 .text.ph_add_child_node
                0x0000000010001758       0xa4 CMakeFiles/pushButton.dir/home/arun/pico/pico-sdk/src/common/pico_util/pheap.c.obj
 .text.ph_merge_nodes
                0x00000000100017fc       0x3e CMakeFiles/pushButton.dir/home/arun/pico/pico-sdk/src/common/pico_util/pheap.c.obj
 *fill*         0x000000001000183a        0x2 
 .text.ph_clear
                0x000000001000183c       0x70 CMakeFiles/pushButton.dir/home/arun/pico/pico-sdk/src/common/pico_util/pheap.c.obj
                0x000000001000183c                ph_clear
 .text.ph_post_alloc_init
                0x00000000100018ac        0xe CMakeFiles/pushButton.dir/home/arun/pico/pico-sdk/src/common/pico_util/pheap.c.obj
                0x00000000100018ac                ph_post_alloc_init
 *fill*         0x00000000100018ba        0x2 
 .text.ph_merge_two_pass
                0x00000000100018bc       0xa8 CMakeFiles/pushButton.dir/home/arun/pico/pico-sdk/src/common/pico_util/pheap.c.obj
                0x00000000100018bc                ph_merge_two_pass
 .text.ph_remove_any_head
                0x0000000010001964      0x128 CMakeFiles/pushButton.dir/home/arun/pico/pico-sdk/src/common/pico_util/pheap.c.obj
 .text.ph_remove_head
                0x0000000010001a8c       0x14 CMakeFiles/pushButton.dir/home/arun/pico/pico-sdk/src/common/pico_util/pheap.c.obj
                0x0000000010001a8c                ph_remove_head
 .text.ph_remove_and_free_node
                0x0000000010001aa0       0xf8 CMakeFiles/pushButton.dir/home/arun/pico/pico-sdk/src/common/pico_util/pheap.c.obj
                0x0000000010001aa0                ph_remove_and_free_node
 .text.clock_configure
                0x0000000010001b98      0x104 CMakeFiles/pushButton.dir/home/arun/pico/pico-sdk/src/rp2_common/hardware_clocks/clocks.c.obj
                0x0000000010001b98                clock_configure
 .text.clocks_init
                0x0000000010001c9c      0x100 CMakeFiles/pushButton.dir/home/arun/pico/pico-sdk/src/rp2_common/hardware_clocks/clocks.c.obj
                0x0000000010001c9c                clocks_init
 .text.pll_init
                0x0000000010001d9c      0x12c CMakeFiles/pushButton.dir/home/arun/pico/pico-sdk/src/rp2_common/hardware_pll/pll.c.obj
                0x0000000010001d9c                pll_init
 .text.watchdog_start_tick
                0x0000000010001ec8       0x10 CMakeFiles/pushButton.dir/home/arun/pico/pico-sdk/src/rp2_common/hardware_watchdog/watchdog.c.obj
                0x0000000010001ec8                watchdog_start_tick
 .text.xosc_init
                0x0000000010001ed8       0x28 CMakeFiles/pushButton.dir/home/arun/pico/pico-sdk/src/rp2_common/hardware_xosc/xosc.c.obj
                0x0000000010001ed8                xosc_init
 .text._exit    0x0000000010001f00        0x4 CMakeFiles/pushButton.dir/home/arun/pico/pico-sdk/src/rp2_common/pico_runtime/runtime.c.obj
                0x0000000010001f00                _exit
 .text.exit     0x0000000010001f04        0x6 CMakeFiles/pushButton.dir/home/arun/pico/pico-sdk/src/rp2_common/pico_runtime/runtime.c.obj
                0x0000000010001f04                exit
 *fill*         0x0000000010001f0a        0x2 
 .text.__assert_func
                0x0000000010001f0c       0x3c CMakeFiles/pushButton.dir/home/arun/pico/pico-sdk/src/rp2_common/pico_runtime/runtime.c.obj
                0x0000000010001f0c                __assert_func
 .text.runtime_init
                0x0000000010001f48       0xf8 CMakeFiles/pushButton.dir/home/arun/pico/pico-sdk/src/rp2_common/pico_runtime/runtime.c.obj
                0x0000000010001f48                runtime_init
 .text.panic    0x0000000010002040       0x30 CMakeFiles/pushButton.dir/home/arun/pico/pico-sdk/src/rp2_common/pico_runtime/runtime.c.obj
                0x0000000010002040                panic
 .text._out_null
                0x0000000010002070        0x2 CMakeFiles/pushButton.dir/home/arun/pico/pico-sdk/src/rp2_common/pico_printf/printf.c.obj
 .text._out_fct
                0x0000000010002072        0xe CMakeFiles/pushButton.dir/home/arun/pico/pico-sdk/src/rp2_common/pico_printf/printf.c.obj
 .text._atoi    0x0000000010002080       0x24 CMakeFiles/pushButton.dir/home/arun/pico/pico-sdk/src/rp2_common/pico_printf/printf.c.obj
 .text._out_rev
                0x00000000100020a4       0xae CMakeFiles/pushButton.dir/home/arun/pico/pico-sdk/src/rp2_common/pico_printf/printf.c.obj
 .text._ntoa_format
                0x0000000010002152      0x112 CMakeFiles/pushButton.dir/home/arun/pico/pico-sdk/src/rp2_common/pico_printf/printf.c.obj
 .text._ntoa_long
                0x0000000010002264       0xbc CMakeFiles/pushButton.dir/home/arun/pico/pico-sdk/src/rp2_common/pico_printf/printf.c.obj
 .text._ntoa_long_long
                0x0000000010002320       0xe2 CMakeFiles/pushButton.dir/home/arun/pico/pico-sdk/src/rp2_common/pico_printf/printf.c.obj
 *fill*         0x0000000010002402        0x2 
 .text._etoa    0x0000000010002404      0x414 CMakeFiles/pushButton.dir/home/arun/pico/pico-sdk/src/rp2_common/pico_printf/printf.c.obj
 .text._ftoa    0x0000000010002818      0x354 CMakeFiles/pushButton.dir/home/arun/pico/pico-sdk/src/rp2_common/pico_printf/printf.c.obj
 .text._vsnprintf
                0x0000000010002b6c      0x624 CMakeFiles/pushButton.dir/home/arun/pico/pico-sdk/src/rp2_common/pico_printf/printf.c.obj
 .text.vfctprintf
                0x0000000010003190       0x20 CMakeFiles/pushButton.dir/home/arun/pico/pico-sdk/src/rp2_common/pico_printf/printf.c.obj
                0x0000000010003190                vfctprintf
 .text          0x00000000100031b0       0x10 CMakeFiles/pushButton.dir/home/arun/pico/pico-sdk/src/rp2_common/pico_bit_ops/bit_ops_aeabi.S.obj
 .text.rom_func_lookup
                0x00000000100031c0       0x10 CMakeFiles/pushButton.dir/home/arun/pico/pico-sdk/src/rp2_common/pico_bootrom/bootrom.c.obj
                0x00000000100031c0                rom_func_lookup
 .text.rom_data_lookup
                0x00000000100031d0       0x10 CMakeFiles/pushButton.dir/home/arun/pico/pico-sdk/src/rp2_common/pico_bootrom/bootrom.c.obj
                0x00000000100031d0                rom_data_lookup
 .text.rom_funcs_lookup
                0x00000000100031e0       0x36 CMakeFiles/pushButton.dir/home/arun/pico/pico-sdk/src/rp2_common/pico_bootrom/bootrom.c.obj
                0x00000000100031e0                rom_funcs_lookup
 *fill*         0x0000000010003216        0x2 
 .text.__wrap___aeabi_idiv
                0x0000000010003218       0x50 CMakeFiles/pushButton.dir/home/arun/pico/pico-sdk/src/rp2_common/pico_divider/divider.S.obj
                0x0000000010003218                __wrap___aeabi_idivmod
                0x0000000010003218                divmod_s32s32
                0x0000000010003218                div_s32s32
                0x0000000010003218                __wrap___aeabi_idiv
                0x0000000010003220                divmod_s32s32_unsafe
                0x000000001000324c                divmod_s32s32_savestate
 .text.__wrap___aeabi_uidiv
                0x0000000010003268       0x4c CMakeFiles/pushButton.dir/home/arun/pico/pico-sdk/src/rp2_common/pico_divider/divider.S.obj
                0x0000000010003268                __wrap___aeabi_uidiv
                0x0000000010003268                __wrap___aeabi_uidivmod
                0x0000000010003268                div_u32u32
                0x0000000010003268                divmod_u32u32
                0x0000000010003270                divmod_u32u32_unsafe
                0x0000000010003298                divmod_u32u32_savestate
 .text.__wrap___aeabi_ldiv
                0x00000000100032b4      0x424 CMakeFiles/pushButton.dir/home/arun/pico/pico-sdk/src/rp2_common/pico_divider/divider.S.obj
                0x00000000100032b4                div_s64s64
                0x00000000100032b4                divmod_s64s64
                0x00000000100032b4                __wrap___aeabi_ldivmod
                0x00000000100032e4                div_u64u64
                0x00000000100032e4                divmod_u64u64
                0x00000000100032e4                __wrap___aeabi_uldivmod
                0x00000000100032f4                divmod_u64u64_savestate
                0x0000000010003314                divmod_s64s64_unsafe
                0x000000001000339c                divmod_u64u64_unsafe
 .text.__wrap___aeabi_darithmetic
                0x00000000100036d8       0x80 CMakeFiles/pushButton.dir/home/arun/pico/pico-sdk/src/rp2_common/pico_double/double_aeabi.S.obj
                0x00000000100036d8                __wrap___aeabi_drsub
                0x00000000100036de                __wrap___aeabi_dsub
                0x00000000100036f0                __wrap___aeabi_dadd
                0x0000000010003702                __wrap___aeabi_ddiv
                0x000000001000373e                __wrap___aeabi_dmul
 .text.__wrap___aeabi_cdcmple
                0x0000000010003758       0x6c CMakeFiles/pushButton.dir/home/arun/pico/pico-sdk/src/rp2_common/pico_double/double_aeabi.S.obj
                0x0000000010003758                __wrap___aeabi_cdrcmple
                0x0000000010003768                __wrap___aeabi_cdcmple
                0x0000000010003768                __wrap___aeabi_cdcmpeq
 .text.__wrap___aeabi_dcmplt
                0x00000000100037c4        0xc CMakeFiles/pushButton.dir/home/arun/pico/pico-sdk/src/rp2_common/pico_double/double_aeabi.S.obj
                0x00000000100037c4                __wrap___aeabi_dcmplt
 .text.__wrap___aeabi_dcmple
                0x00000000100037d0       0x10 CMakeFiles/pushButton.dir/home/arun/pico/pico-sdk/src/rp2_common/pico_double/double_aeabi.S.obj
                0x00000000100037d0                __wrap___aeabi_dcmple
 .text.__wrap___aeabi_dcmpge
                0x00000000100037e0       0x10 CMakeFiles/pushButton.dir/home/arun/pico/pico-sdk/src/rp2_common/pico_double/double_aeabi.S.obj
                0x00000000100037e0                __wrap___aeabi_dcmpge
 .text.__wrap___aeabi_dcmpgt
                0x00000000100037f0        0xa CMakeFiles/pushButton.dir/home/arun/pico/pico-sdk/src/rp2_common/pico_double/double_aeabi.S.obj
                0x00000000100037f0                __wrap___aeabi_dcmpgt
 .text.__wrap___aeabi_dcmpun
                0x00000000100037fa       0x1c CMakeFiles/pushButton.dir/home/arun/pico/pico-sdk/src/rp2_common/pico_double/double_aeabi.S.obj
                0x00000000100037fa                __wrap___aeabi_dcmpun
 *fill*         0x0000000010003816        0x2 
 .text.__wrap___aeabi_i2d
                0x0000000010003818       0x38 CMakeFiles/pushButton.dir/home/arun/pico/pico-sdk/src/rp2_common/pico_double/double_aeabi.S.obj
                0x0000000010003818                __wrap___aeabi_ui2d
                0x0000000010003820                __wrap___aeabi_i2d
 .text.__wrap___aeabi_d2iz
                0x0000000010003850       0x48 CMakeFiles/pushButton.dir/home/arun/pico/pico-sdk/src/rp2_common/pico_double/double_aeabi.S.obj
                0x0000000010003850                __wrap___aeabi_d2iz
                0x0000000010003850                double2int_z
 .text.__wrap___aeabi_d2uiz
                0x0000000010003898       0x18 CMakeFiles/pushButton.dir/home/arun/pico/pico-sdk/src/rp2_common/pico_double/double_aeabi.S.obj
                0x0000000010003898                double2uint
                0x0000000010003898                __wrap___aeabi_d2uiz
 .text.__aeabi_double_init
                0x00000000100038b0       0xc8 CMakeFiles/pushButton.dir/home/arun/pico/pico-sdk/src/rp2_common/pico_double/double_init_rom.c.obj
                0x00000000100038b0                __aeabi_double_init
 .text.double_table_shim_on_use_helper
                0x0000000010003978       0x34 CMakeFiles/pushButton.dir/home/arun/pico/pico-sdk/src/rp2_common/pico_double/double_v1_rom_shim.S.obj
                0x0000000010003978                double_table_shim_on_use_helper
 .text.__wrap___aeabi_dsub
                0x00000000100039ac       0x10 CMakeFiles/pushButton.dir/home/arun/pico/pico-sdk/src/rp2_common/pico_double/double_v1_rom_shim.S.obj
                0x00000000100039ac                drsub_shim
                0x00000000100039b2                dsub_shim
 .text.dadd_shim
                0x00000000100039bc      0x15c CMakeFiles/pushButton.dir/home/arun/pico/pico-sdk/src/rp2_common/pico_double/double_v1_rom_shim.S.obj
                0x00000000100039bc                dadd_shim
 .text.dmul_shim
                0x0000000010003b18      0x15c CMakeFiles/pushButton.dir/home/arun/pico/pico-sdk/src/rp2_common/pico_double/double_v1_rom_shim.S.obj
                0x0000000010003b18                dmul_shim
 .text.ddiv_shim
                0x0000000010003c74      0x1b0 CMakeFiles/pushButton.dir/home/arun/pico/pico-sdk/src/rp2_common/pico_double/double_v1_rom_shim.S.obj
                0x0000000010003c74                ddiv_shim
 .text.double2uint_shim
                0x0000000010003e24        0xe CMakeFiles/pushButton.dir/home/arun/pico/pico-sdk/src/rp2_common/pico_double/double_v1_rom_shim.S.obj
                0x0000000010003e24                double2uint_shim
                0x0000000010003e26                double2ufix_shim
 *fill*         0x0000000010003e32        0x2 
 .text.double2uint64_shim
                0x0000000010003e34       0x70 CMakeFiles/pushButton.dir/home/arun/pico/pico-sdk/src/rp2_common/pico_double/double_v1_rom_shim.S.obj
                0x0000000010003e34                double2uint64_shim
                0x0000000010003e36                double2ufix64_shim
                0x0000000010003e56                d2fix_a
 .text.dunpacks
                0x0000000010003ea4       0x3c CMakeFiles/pushButton.dir/home/arun/pico/pico-sdk/src/rp2_common/pico_double/double_v1_rom_shim.S.obj
                0x0000000010003ea4                dunpacks
 .text.__aeabi_lmul
                0x0000000010003ee0       0x32 CMakeFiles/pushButton.dir/home/arun/pico/pico-sdk/src/rp2_common/pico_int64_ops/pico_int64_ops_aeabi.S.obj
                0x0000000010003ee0                __wrap___aeabi_lmul
 *fill*         0x0000000010003f12        0x2 
 .text.__aeabi_float_init
                0x0000000010003f14       0xfc CMakeFiles/pushButton.dir/home/arun/pico/pico-sdk/src/rp2_common/pico_float/float_init_rom.c.obj
                0x0000000010003f14                __aeabi_float_init
 .text.float_table_shim_on_use_helper
                0x0000000010004010       0x34 CMakeFiles/pushButton.dir/home/arun/pico/pico-sdk/src/rp2_common/pico_float/float_v1_rom_shim.S.obj
                0x0000000010004010                float_table_shim_on_use_helper
 .text          0x0000000010004044       0x10 CMakeFiles/pushButton.dir/home/arun/pico/pico-sdk/src/rp2_common/pico_mem_ops/mem_ops_aeabi.S.obj
                0x0000000010004044                __aeabi_mem_init
 .text.memset   0x0000000010004054        0xc CMakeFiles/pushButton.dir/home/arun/pico/pico-sdk/src/rp2_common/pico_mem_ops/mem_ops_aeabi.S.obj
                0x0000000010004054                __wrap_memset
 .text.memcpy   0x0000000010004060        0xc CMakeFiles/pushButton.dir/home/arun/pico/pico-sdk/src/rp2_common/pico_mem_ops/mem_ops_aeabi.S.obj
                0x0000000010004060                __wrap___aeabi_memcpy
                0x0000000010004060                __wrap_memcpy
 .text.stdio_out_chars_no_crlf
                0x000000001000406c        0xe CMakeFiles/pushButton.dir/home/arun/pico/pico-sdk/src/rp2_common/pico_stdio/stdio.c.obj
 *fill*         0x000000001000407a        0x2 
 .text.stdio_out_chars_crlf
                0x000000001000407c       0x80 CMakeFiles/pushButton.dir/home/arun/pico/pico-sdk/src/rp2_common/pico_stdio/stdio.c.obj
 .text.stdio_stack_buffer_flush
                0x00000000100040fc       0x44 CMakeFiles/pushButton.dir/home/arun/pico/pico-sdk/src/rp2_common/pico_stdio/stdio.c.obj
 .text.stdio_buffered_printer
                0x0000000010004140       0x20 CMakeFiles/pushButton.dir/home/arun/pico/pico-sdk/src/rp2_common/pico_stdio/stdio.c.obj
 .text.stdout_serialize_begin
                0x0000000010004160       0x5c CMakeFiles/pushButton.dir/home/arun/pico/pico-sdk/src/rp2_common/pico_stdio/stdio.c.obj
                0x0000000010004160                stdout_serialize_begin
 .text.stdout_serialize_end
                0x00000000100041bc       0x10 CMakeFiles/pushButton.dir/home/arun/pico/pico-sdk/src/rp2_common/pico_stdio/stdio.c.obj
                0x00000000100041bc                stdout_serialize_end
 .text.stdio_put_string
                0x00000000100041cc       0x98 CMakeFiles/pushButton.dir/home/arun/pico/pico-sdk/src/rp2_common/pico_stdio/stdio.c.obj
 .text.stdio_flush
                0x0000000010004264       0x20 CMakeFiles/pushButton.dir/home/arun/pico/pico-sdk/src/rp2_common/pico_stdio/stdio.c.obj
                0x0000000010004264                stdio_flush
 .text.__wrap_puts
                0x0000000010004284       0x1e CMakeFiles/pushButton.dir/home/arun/pico/pico-sdk/src/rp2_common/pico_stdio/stdio.c.obj
                0x0000000010004284                __wrap_puts
 *fill*         0x00000000100042a2        0x2 
 .text.__wrap_vprintf
                0x00000000100042a4       0x40 CMakeFiles/pushButton.dir/home/arun/pico/pico-sdk/src/rp2_common/pico_stdio/stdio.c.obj
                0x00000000100042a4                __wrap_vprintf
 .text.__wrap_printf
                0x00000000100042e4       0x18 CMakeFiles/pushButton.dir/home/arun/pico/pico-sdk/src/rp2_common/pico_stdio/stdio.c.obj
                0x00000000100042e4                __wrap_printf
 .text._retrieve_unique_id_on_boot
                0x00000000100042fc       0x10 CMakeFiles/pushButton.dir/home/arun/pico/pico-sdk/src/rp2_common/pico_unique_id/unique_id.c.obj
 .text.flash_get_unique_id
                0x000000001000430c       0x46 CMakeFiles/pushButton.dir/home/arun/pico/pico-sdk/src/rp2_common/hardware_flash/flash.c.obj
                0x000000001000430c                flash_get_unique_id
 *fill*         0x0000000010004352        0x2 
 .text          0x0000000010004354       0x5c /usr/lib/gcc/arm-none-eabi/10.3.1/../../../arm-none-eabi/lib/thumb/v6-m/nofp/libg.a(lib_a-strlen-stub.o)
                0x0000000010004354                strlen
 *(.fini)
 .fini          0x00000000100043b0        0x4 /usr/lib/gcc/arm-none-eabi/10.3.1/thumb/v6-m/nofp/crti.o
                0x00000000100043b0                _fini
 *fill*         0x00000000100043b4        0x4 
 .fini.__stub   0x00000000100043b8       0x50 linker stubs
 *crtbegin.o(.ctors)
 *crtbegin?.o(.ctors)
 *(EXCLUDE_FILE(*crtend.o *crtend?.o) .ctors)
 *(SORT_BY_NAME(.ctors.*))
 *(.ctors)
 *crtbegin.o(.dtors)
 *crtbegin?.o(.dtors)
 *(EXCLUDE_FILE(*crtend.o *crtend?.o) .dtors)
 *(SORT_BY_NAME(.dtors.*))
 *(.dtors)
 *(.eh_frame*)
 .eh_frame      0x0000000010004408        0x0 /usr/lib/gcc/arm-none-eabi/10.3.1/thumb/v6-m/nofp/crtbegin.o
                0x0000000010004408                . = ALIGN (0x4)

.glue_7         0x0000000010004408        0x0
 .glue_7        0x0000000010004408        0x0 linker stubs

.glue_7t        0x0000000010004408        0x0
 .glue_7t       0x0000000010004408        0x0 linker stubs

.vfp11_veneer   0x0000000010004408        0x0
 .vfp11_veneer  0x0000000010004408        0x0 linker stubs

.v4_bx          0x0000000010004408        0x0
 .v4_bx         0x0000000010004408        0x0 linker stubs

.iplt           0x0000000010004408        0x0
 .iplt          0x0000000010004408        0x0 /usr/lib/gcc/arm-none-eabi/10.3.1/thumb/v6-m/nofp/crtbegin.o

.rodata         0x0000000010004408     0x1040
 *(EXCLUDE_FILE(*libm.a: *libc.a:*lib_a-mem*.o *libgcc.a:) .rodata*)
 .rodata.make_branch.str1.4
                0x0000000010004408       0x6b CMakeFiles/pushButton.dir/home/arun/pico/pico-sdk/src/rp2_common/hardware_irq/irq.c.obj
 *fill*         0x0000000010004473        0x1 
 .rodata.insert_branch_and_link.str1.4
                0x0000000010004474       0x10 CMakeFiles/pushButton.dir/home/arun/pico/pico-sdk/src/rp2_common/hardware_irq/irq.c.obj
 .rodata.irq_set_exclusive_handler.str1.4
                0x0000000010004484       0x36 CMakeFiles/pushButton.dir/home/arun/pico/pico-sdk/src/rp2_common/hardware_irq/irq.c.obj
 *fill*         0x00000000100044ba        0x2 
 .rodata.irq_add_shared_handler.str1.4
                0x00000000100044bc       0xd9 CMakeFiles/pushButton.dir/home/arun/pico/pico-sdk/src/rp2_common/hardware_irq/irq.c.obj
 *fill*         0x0000000010004595        0x3 
 .rodata.irq_remove_handler.str1.4
                0x0000000010004598       0x3a CMakeFiles/pushButton.dir/home/arun/pico/pico-sdk/src/rp2_common/hardware_irq/irq.c.obj
 *fill*         0x00000000100045d2        0x2 
 .rodata.irq_add_tail_to_free_list.str1.4
                0x00000000100045d4       0x3a CMakeFiles/pushButton.dir/home/arun/pico/pico-sdk/src/rp2_common/hardware_irq/irq.c.obj
 *fill*         0x000000001000460e        0x2 
 .rodata.__func__.0
                0x0000000010004610       0x1a CMakeFiles/pushButton.dir/home/arun/pico/pico-sdk/src/rp2_common/hardware_irq/irq.c.obj
 *fill*         0x000000001000462a        0x2 
 .rodata.__func__.1
                0x000000001000462c       0x17 CMakeFiles/pushButton.dir/home/arun/pico/pico-sdk/src/rp2_common/hardware_irq/irq.c.obj
 *fill*         0x0000000010004643        0x1 
 .rodata.__func__.2
                0x0000000010004644       0x13 CMakeFiles/pushButton.dir/home/arun/pico/pico-sdk/src/rp2_common/hardware_irq/irq.c.obj
 *fill*         0x0000000010004657        0x1 
 .rodata.__func__.3
                0x0000000010004658        0xc CMakeFiles/pushButton.dir/home/arun/pico/pico-sdk/src/rp2_common/hardware_irq/irq.c.obj
 .rodata.__func__.4
                0x0000000010004664        0xf CMakeFiles/pushButton.dir/home/arun/pico/pico-sdk/src/rp2_common/hardware_irq/irq.c.obj
 *fill*         0x0000000010004673        0x1 
 .rodata.__func__.6
                0x0000000010004674       0x1a CMakeFiles/pushButton.dir/home/arun/pico/pico-sdk/src/rp2_common/hardware_irq/irq.c.obj
 *fill*         0x000000001000468e        0x2 
 .rodata.str1.4
                0x0000000010004690       0xe9 CMakeFiles/pushButton.dir/home/arun/pico/pico-sdk/src/common/pico_sync/mutex.c.obj
 *fill*         0x0000000010004779        0x3 
 .rodata.__func__.1
                0x000000001000477c        0xb CMakeFiles/pushButton.dir/home/arun/pico/pico-sdk/src/common/pico_sync/mutex.c.obj
 *fill*         0x0000000010004787        0x1 
 .rodata.__func__.3
                0x0000000010004788       0x18 CMakeFiles/pushButton.dir/home/arun/pico/pico-sdk/src/common/pico_sync/mutex.c.obj
 .rodata.repeating_timer_callback.str1.4
                0x00000000100047a0       0x49 CMakeFiles/pushButton.dir/home/arun/pico/pico-sdk/src/common/pico_time/time.c.obj
 *fill*         0x00000000100047e9        0x3 
 .rodata.timer_pool_entry_comparator.str1.4
                0x00000000100047ec       0x22 CMakeFiles/pushButton.dir/home/arun/pico/pico-sdk/src/common/pico_time/time.c.obj
 *fill*         0x000000001000480e        0x2 
 .rodata.ph_add_child_node.str1.4
                0x0000000010004810       0x92 CMakeFiles/pushButton.dir/home/arun/pico/pico-sdk/src/common/pico_time/time.c.obj
 *fill*         0x00000000100048a2        0x2 
 .rodata.add_alarm_under_lock.str1.4
                0x00000000100048a4       0x28 CMakeFiles/pushButton.dir/home/arun/pico/pico-sdk/src/common/pico_time/time.c.obj
                                         0x2b (size before relaxing)
 .rodata.alarm_pool_alarm_callback.str1.4
                0x00000000100048cc       0x98 CMakeFiles/pushButton.dir/home/arun/pico/pico-sdk/src/common/pico_time/time.c.obj
                                         0xf8 (size before relaxing)
 .rodata.alarm_pool_get_default.str1.4
                0x0000000010004964       0x21 CMakeFiles/pushButton.dir/home/arun/pico/pico-sdk/src/common/pico_time/time.c.obj
 *fill*         0x0000000010004985        0x3 
 .rodata.alarm_pool_cancel_alarm.str1.4
                0x0000000010004988       0x27 CMakeFiles/pushButton.dir/home/arun/pico/pico-sdk/src/common/pico_time/time.c.obj
 *fill*         0x00000000100049af        0x1 
 .rodata.sleep_until.str1.4
                0x00000000100049b0       0x4d CMakeFiles/pushButton.dir/home/arun/pico/pico-sdk/src/common/pico_time/time.c.obj
 *fill*         0x00000000100049fd        0x3 
 .rodata.__func__.1
                0x0000000010004a00       0x18 CMakeFiles/pushButton.dir/home/arun/pico/pico-sdk/src/common/pico_time/time.c.obj
 .rodata.__func__.10
                0x0000000010004a18       0x15 CMakeFiles/pushButton.dir/home/arun/pico/pico-sdk/src/common/pico_time/time.c.obj
 *fill*         0x0000000010004a2d        0x3 
 .rodata.__func__.11
                0x0000000010004a30       0x1a CMakeFiles/pushButton.dir/home/arun/pico/pico-sdk/src/common/pico_time/time.c.obj
 *fill*         0x0000000010004a4a        0x2 
 .rodata.__func__.12
                0x0000000010004a4c        0xa CMakeFiles/pushButton.dir/home/arun/pico/pico-sdk/src/common/pico_time/time.c.obj
 *fill*         0x0000000010004a56        0x2 
 .rodata.__func__.3
                0x0000000010004a58       0x17 CMakeFiles/pushButton.dir/home/arun/pico/pico-sdk/src/common/pico_time/time.c.obj
 *fill*         0x0000000010004a6f        0x1 
 .rodata.__func__.4
                0x0000000010004a70       0x12 CMakeFiles/pushButton.dir/home/arun/pico/pico-sdk/src/common/pico_time/time.c.obj
 *fill*         0x0000000010004a82        0x2 
 .rodata.__func__.5
                0x0000000010004a84        0xd CMakeFiles/pushButton.dir/home/arun/pico/pico-sdk/src/common/pico_time/time.c.obj
 *fill*         0x0000000010004a91        0x3 
 .rodata.__func__.6
                0x0000000010004a94       0x12 CMakeFiles/pushButton.dir/home/arun/pico/pico-sdk/src/common/pico_time/time.c.obj
 *fill*         0x0000000010004aa6        0x2 
 .rodata.__func__.7
                0x0000000010004aa8        0xf CMakeFiles/pushButton.dir/home/arun/pico/pico-sdk/src/common/pico_time/time.c.obj
 *fill*         0x0000000010004ab7        0x1 
 .rodata.__func__.8
                0x0000000010004ab8        0xc CMakeFiles/pushButton.dir/home/arun/pico/pico-sdk/src/common/pico_time/time.c.obj
 .rodata.__func__.9
                0x0000000010004ac4       0x15 CMakeFiles/pushButton.dir/home/arun/pico/pico-sdk/src/common/pico_time/time.c.obj
 *fill*         0x0000000010004ad9        0x3 
 .rodata.hardware_alarm_claim.str1.4
                0x0000000010004adc       0x22 CMakeFiles/pushButton.dir/home/arun/pico/pico-sdk/src/rp2_common/hardware_timer/timer.c.obj
 *fill*         0x0000000010004afe        0x2 
 .rodata.hardware_alarm_set_target.str1.4
                0x0000000010004b00       0x63 CMakeFiles/pushButton.dir/home/arun/pico/pico-sdk/src/rp2_common/hardware_timer/timer.c.obj
 *fill*         0x0000000010004b63        0x1 
 .rodata.__func__.0
                0x0000000010004b64       0x1a CMakeFiles/pushButton.dir/home/arun/pico/pico-sdk/src/rp2_common/hardware_timer/timer.c.obj
 .rodata.ph_add_child_node.str1.4
                0x0000000010004b7e       0x92 CMakeFiles/pushButton.dir/home/arun/pico/pico-sdk/src/common/pico_util/pheap.c.obj
 *fill*         0x0000000010004b7e        0x2 
 .rodata.ph_remove_any_head.str1.4
                0x0000000010004b80       0x8c CMakeFiles/pushButton.dir/home/arun/pico/pico-sdk/src/common/pico_util/pheap.c.obj
                                         0xa0 (size before relaxing)
 .rodata.ph_remove_and_free_node.str1.4
                0x0000000010004c0c       0x1e CMakeFiles/pushButton.dir/home/arun/pico/pico-sdk/src/common/pico_util/pheap.c.obj
                                         0x26 (size before relaxing)
 *fill*         0x0000000010004c2a        0x2 
 .rodata.__func__.0
                0x0000000010004c2c       0x18 CMakeFiles/pushButton.dir/home/arun/pico/pico-sdk/src/common/pico_util/pheap.c.obj
 .rodata.__func__.1
                0x0000000010004c44       0x13 CMakeFiles/pushButton.dir/home/arun/pico/pico-sdk/src/common/pico_util/pheap.c.obj
 *fill*         0x0000000010004c57        0x1 
 .rodata.__func__.2
                0x0000000010004c58       0x12 CMakeFiles/pushButton.dir/home/arun/pico/pico-sdk/src/common/pico_util/pheap.c.obj
 *fill*         0x0000000010004c6a        0x2 
 .rodata.__func__.3
                0x0000000010004c6c        0xc CMakeFiles/pushButton.dir/home/arun/pico/pico-sdk/src/common/pico_util/pheap.c.obj
 .rodata.clock_configure.str1.4
                0x0000000010004c78       0x55 CMakeFiles/pushButton.dir/home/arun/pico/pico-sdk/src/rp2_common/hardware_clocks/clocks.c.obj
 *fill*         0x0000000010004ccd        0x3 
 .rodata.__func__.1
                0x0000000010004cd0       0x10 CMakeFiles/pushButton.dir/home/arun/pico/pico-sdk/src/rp2_common/hardware_clocks/clocks.c.obj
 .rodata.pll_init.str1.4
                0x0000000010004ce0      0x11f CMakeFiles/pushButton.dir/home/arun/pico/pico-sdk/src/rp2_common/hardware_pll/pll.c.obj
 *fill*         0x0000000010004dff        0x1 
 .rodata.__func__.0
                0x0000000010004e00        0x9 CMakeFiles/pushButton.dir/home/arun/pico/pico-sdk/src/rp2_common/hardware_pll/pll.c.obj
 *fill*         0x0000000010004e09        0x3 
 .rodata.__assert_func.str1.4
                0x0000000010004e0c       0x3f CMakeFiles/pushButton.dir/home/arun/pico/pico-sdk/src/rp2_common/pico_runtime/runtime.c.obj
                                         0x43 (size before relaxing)
 *fill*         0x0000000010004e4b        0x1 
 .rodata.runtime_init.str1.4
                0x0000000010004e4c       0x5f CMakeFiles/pushButton.dir/home/arun/pico/pico-sdk/src/rp2_common/pico_runtime/runtime.c.obj
 *fill*         0x0000000010004eab        0x1 
 .rodata.panic.str1.4
                0x0000000010004eac       0x12 CMakeFiles/pushButton.dir/home/arun/pico/pico-sdk/src/rp2_common/pico_runtime/runtime.c.obj
 *fill*         0x0000000010004ebe        0x2 
 .rodata.__func__.2
                0x0000000010004ec0        0xd CMakeFiles/pushButton.dir/home/arun/pico/pico-sdk/src/rp2_common/pico_runtime/runtime.c.obj
 *fill*         0x0000000010004ecd        0x3 
 .rodata._ftoa.str1.4
                0x0000000010004ed0       0x15 CMakeFiles/pushButton.dir/home/arun/pico/pico-sdk/src/rp2_common/pico_printf/printf.c.obj
 *fill*         0x0000000010004ee5        0x3 
 .rodata._vsnprintf
                0x0000000010004ee8      0x1e0 CMakeFiles/pushButton.dir/home/arun/pico/pico-sdk/src/rp2_common/pico_printf/printf.c.obj
 .rodata.pow10.0
                0x00000000100050c8       0x50 CMakeFiles/pushButton.dir/home/arun/pico/pico-sdk/src/rp2_common/pico_printf/printf.c.obj
 .rodata.__aeabi_double_init.str1.4
                0x0000000010005118       0xa6 CMakeFiles/pushButton.dir/home/arun/pico/pico-sdk/src/rp2_common/pico_double/double_init_rom.c.obj
 *fill*         0x00000000100051be        0x2 
 .rodata.__func__.0
                0x00000000100051c0       0x14 CMakeFiles/pushButton.dir/home/arun/pico/pico-sdk/src/rp2_common/pico_double/double_init_rom.c.obj
 .rodata.__aeabi_float_init.str1.4
                0x00000000100051d4       0x78 CMakeFiles/pushButton.dir/home/arun/pico/pico-sdk/src/rp2_common/pico_float/float_init_rom.c.obj
                                         0x7c (size before relaxing)
 .rodata.__func__.0
                0x000000001000524c       0x13 CMakeFiles/pushButton.dir/home/arun/pico/pico-sdk/src/rp2_common/pico_float/float_init_rom.c.obj
 *fill*         0x000000001000525f        0x1 
 .rodata.str1.4
                0x0000000010005260       0x40 CMakeFiles/pushButton.dir/home/arun/pico/pico-sdk/src/rp2_common/pico_standard_link/binary_info.c.obj
 .rodata.__bi_44
                0x00000000100052a0        0xc CMakeFiles/pushButton.dir/home/arun/pico/pico-sdk/src/rp2_common/pico_standard_link/binary_info.c.obj
 .rodata.__bi_75
                0x00000000100052ac        0xc CMakeFiles/pushButton.dir/home/arun/pico/pico-sdk/src/rp2_common/pico_standard_link/binary_info.c.obj
 .rodata.__bi_81
                0x00000000100052b8        0xc CMakeFiles/pushButton.dir/home/arun/pico/pico-sdk/src/rp2_common/pico_standard_link/binary_info.c.obj
 .rodata.stdout_serialize_begin.str1.4
                0x00000000100052c4       0x5f CMakeFiles/pushButton.dir/home/arun/pico/pico-sdk/src/rp2_common/pico_stdio/stdio.c.obj
 .rodata.__func__.3
                0x00000000100052c4       0x15 CMakeFiles/pushButton.dir/home/arun/pico/pico-sdk/src/rp2_common/pico_stdio/stdio.c.obj
 *fill*         0x00000000100052d9        0x3 
 .rodata.crlf_str.2
                0x00000000100052dc        0x2 CMakeFiles/pushButton.dir/home/arun/pico/pico-sdk/src/rp2_common/pico_stdio/stdio.c.obj
 *fill*         0x00000000100052de        0x2 
 .rodata.str1.4
                0x00000000100052e0      0x156 CMakeFiles/pushButton.dir/home/arun/pico/pico-sdk/src/rp2_common/hardware_flash/flash.c.obj
 *fill*         0x0000000010005436        0x2 
 .rodata.__func__.0
                0x0000000010005438        0xd CMakeFiles/pushButton.dir/home/arun/pico/pico-sdk/src/rp2_common/hardware_flash/flash.c.obj
                0x0000000010005448                . = ALIGN (0x4)
 *fill*         0x0000000010005445        0x3 
 *(SORT_BY_ALIGNMENT(SORT_BY_NAME(.flashdata*)))
                0x0000000010005448                . = ALIGN (0x4)

.rel.dyn        0x0000000010005448        0x0
 .rel.iplt      0x0000000010005448        0x0 /usr/lib/gcc/arm-none-eabi/10.3.1/thumb/v6-m/nofp/crtbegin.o

.ARM.extab
 *(.ARM.extab* .gnu.linkonce.armextab.*)
                0x0000000010005448                __exidx_start = .

.ARM.exidx
 *(.ARM.exidx* .gnu.linkonce.armexidx.*)
                0x0000000010005448                __exidx_end = .
                0x0000000010005448                . = ALIGN (0x4)
                0x0000000010005448                __binary_info_start = .

.binary_info    0x0000000010005448       0x1c
 *(.binary_info.keep.*)
 .binary_info.keep.__bi_ptr22
                0x0000000010005448        0x4 CMakeFiles/pushButton.dir/home/arun/pico/pico-sdk/src/rp2_common/pico_standard_link/binary_info.c.obj
 .binary_info.keep.__bi_ptr30
                0x000000001000544c        0x4 CMakeFiles/pushButton.dir/home/arun/pico/pico-sdk/src/rp2_common/pico_standard_link/binary_info.c.obj
 .binary_info.keep.__bi_ptr38
                0x0000000010005450        0x4 CMakeFiles/pushButton.dir/home/arun/pico/pico-sdk/src/rp2_common/pico_standard_link/binary_info.c.obj
 .binary_info.keep.__bi_ptr44
                0x0000000010005454        0x4 CMakeFiles/pushButton.dir/home/arun/pico/pico-sdk/src/rp2_common/pico_standard_link/binary_info.c.obj
 .binary_info.keep.__bi_ptr50
                0x0000000010005458        0x4 CMakeFiles/pushButton.dir/home/arun/pico/pico-sdk/src/rp2_common/pico_standard_link/binary_info.c.obj
 .binary_info.keep.__bi_ptr75
                0x000000001000545c        0x4 CMakeFiles/pushButton.dir/home/arun/pico/pico-sdk/src/rp2_common/pico_standard_link/binary_info.c.obj
 .binary_info.keep.__bi_ptr81
                0x0000000010005460        0x4 CMakeFiles/pushButton.dir/home/arun/pico/pico-sdk/src/rp2_common/pico_standard_link/binary_info.c.obj
 *(.binary_info.*)
                0x0000000010005464                __binary_info_end = .
                0x0000000010005464                . = ALIGN (0x4)
                0x0000000010005464                __etext = .

.ram_vector_table
                0x0000000020000000       0xc0
 *(.ram_vector_table)
 .ram_vector_table
                0x0000000020000000       0xc0 CMakeFiles/pushButton.dir/home/arun/pico/pico-sdk/src/rp2_common/pico_runtime/runtime.c.obj
                0x0000000020000000                ram_vector_table

.data           0x00000000200000c0      0x390 load address 0x0000000010005464
                0x00000000200000c0                __data_start__ = .
 *(vtable)
 *(.time_critical*)
 .time_critical.mutex_try_enter
                0x00000000200000c0       0x46 CMakeFiles/pushButton.dir/home/arun/pico/pico-sdk/src/common/pico_sync/mutex.c.obj
                0x00000000200000c0                mutex_try_enter
 *fill*         0x0000000020000106        0x2 
 .time_critical.mutex_enter_block_until
                0x0000000020000108       0x8c CMakeFiles/pushButton.dir/home/arun/pico/pico-sdk/src/common/pico_sync/mutex.c.obj
                0x0000000020000108                mutex_enter_block_until
 .time_critical.mutex_try_enter_block_until
                0x0000000020000194       0x34 CMakeFiles/pushButton.dir/home/arun/pico/pico-sdk/src/common/pico_sync/mutex.c.obj
                0x0000000020000194                mutex_try_enter_block_until
 .time_critical.mutex_exit
                0x00000000200001c8       0x4c CMakeFiles/pushButton.dir/home/arun/pico/pico-sdk/src/common/pico_sync/mutex.c.obj
                0x00000000200001c8                mutex_exit
 .time_critical.flash_init_boot2_copyout
                0x0000000020000214       0x30 CMakeFiles/pushButton.dir/home/arun/pico/pico-sdk/src/rp2_common/hardware_flash/flash.c.obj
 .time_critical.flash_enable_xip_via_boot2
                0x0000000020000244       0x10 CMakeFiles/pushButton.dir/home/arun/pico/pico-sdk/src/rp2_common/hardware_flash/flash.c.obj
 .time_critical.flash_cs_force
                0x0000000020000254       0x28 CMakeFiles/pushButton.dir/home/arun/pico/pico-sdk/src/rp2_common/hardware_flash/flash.c.obj
 .time_critical.flash_do_cmd
                0x000000002000027c       0xd8 CMakeFiles/pushButton.dir/home/arun/pico/pico-sdk/src/rp2_common/hardware_flash/flash.c.obj
                0x000000002000027c                flash_do_cmd
 *(.text*)
 .text          0x0000000020000354        0x4 /usr/lib/gcc/arm-none-eabi/10.3.1/thumb/v6-m/nofp/libgcc.a(_dvmd_tls.o)
                0x0000000020000354                __aeabi_ldiv0
                0x0000000020000354                __aeabi_idiv0
 .text.__stub   0x0000000020000358       0x20 linker stubs
                0x0000000020000378                . = ALIGN (0x4)
 *(.rodata*)
                0x0000000020000378                . = ALIGN (0x4)
 *(.data*)
 .data.PADS_BANK0_BASE
                0x0000000020000378        0x4 CMakeFiles/pushButton.dir/home/arun/pico/GPIO_Drivers/gpio/gpio.c.obj
                0x0000000020000378                PADS_BANK0_BASE
 .data.SIO_GPIO_IN
                0x000000002000037c        0x4 CMakeFiles/pushButton.dir/home/arun/pico/GPIO_Drivers/gpio/gpio.c.obj
                0x000000002000037c                SIO_GPIO_IN
 .data.SIO_GPIO_OE_CLR
                0x0000000020000380        0x4 CMakeFiles/pushButton.dir/home/arun/pico/GPIO_Drivers/gpio/gpio.c.obj
                0x0000000020000380                SIO_GPIO_OE_CLR
 .data.SIO_GPIO_OE_SET
                0x0000000020000384        0x4 CMakeFiles/pushButton.dir/home/arun/pico/GPIO_Drivers/gpio/gpio.c.obj
                0x0000000020000384                SIO_GPIO_OE_SET
 .data.SIO_GPIO_OUT_CLR
                0x0000000020000388        0x4 CMakeFiles/pushButton.dir/home/arun/pico/GPIO_Drivers/gpio/gpio.c.obj
                0x0000000020000388                SIO_GPIO_OUT_CLR
 .data.SIO_GPIO_OUT_SET
                0x000000002000038c        0x4 CMakeFiles/pushButton.dir/home/arun/pico/GPIO_Drivers/gpio/gpio.c.obj
                0x000000002000038c                SIO_GPIO_OUT_SET
 .data.striped_spin_lock_num
                0x0000000020000390        0x1 CMakeFiles/pushButton.dir/home/arun/pico/pico-sdk/src/rp2_common/hardware_sync/sync.c.obj
 *fill*         0x0000000020000391        0x3 
 .data          0x0000000020000394       0x48 CMakeFiles/pushButton.dir/home/arun/pico/pico-sdk/src/rp2_common/hardware_irq/irq_handler_chain.S.obj
                0x0000000020000394                irq_handler_chain_slots
                0x00000000200003c4                irq_handler_chain_first_slot
                0x00000000200003ce                irq_handler_chain_remove_tail
 .data.default_alarm_pool
                0x00000000200003dc       0x18 CMakeFiles/pushButton.dir/home/arun/pico/pico-sdk/src/common/pico_time/time.c.obj
 .data.default_alarm_pool_heap
                0x00000000200003f4       0x10 CMakeFiles/pushButton.dir/home/arun/pico/pico-sdk/src/common/pico_time/time.c.obj
 *fill*         0x0000000020000404        0xc 
 .data.aeabi_bits_funcs
                0x0000000020000410       0x10 CMakeFiles/pushButton.dir/home/arun/pico/pico-sdk/src/rp2_common/pico_bit_ops/bit_ops_aeabi.S.obj
                0x0000000020000410                aeabi_bits_funcs
                0x0000000020000420                aeabi_bits_funcs_end
 .data.aeabi_mem_funcs
                0x0000000020000420       0x10 CMakeFiles/pushButton.dir/home/arun/pico/pico-sdk/src/rp2_common/pico_mem_ops/mem_ops_aeabi.S.obj
                0x0000000020000420                aeabi_mem_funcs
                0x0000000020000430                aeabi_mem_funcs_end
                0x0000000020000430                . = ALIGN (0x4)
 *(.after_data.*)
                0x0000000020000430                . = ALIGN (0x4)
                0x0000000020000430                PROVIDE (__mutex_array_start = .)
 *(SORT_BY_NAME(.mutex_array.*))
 *(.mutex_array)
 .mutex_array   0x0000000020000430        0x8 CMakeFiles/pushButton.dir/home/arun/pico/pico-sdk/src/rp2_common/pico_stdio/stdio.c.obj
                0x0000000020000438                PROVIDE (__mutex_array_end = .)
                0x0000000020000438                . = ALIGN (0x4)
                0x0000000020000438                PROVIDE (__preinit_array_start = .)
 *(SORT_BY_NAME(.preinit_array.*))
 .preinit_array.00001
                0x0000000020000438        0x4 CMakeFiles/pushButton.dir/home/arun/pico/pico-sdk/src/rp2_common/pico_mem_ops/mem_ops_aeabi.S.obj
 .preinit_array.00010
                0x000000002000043c        0x4 CMakeFiles/pushButton.dir/home/arun/pico/pico-sdk/src/rp2_common/pico_bit_ops/bit_ops_aeabi.S.obj
 .preinit_array.00020
                0x0000000020000440        0x4 CMakeFiles/pushButton.dir/home/arun/pico/pico-sdk/src/rp2_common/pico_double/double_aeabi.S.obj
 .preinit_array.00020
                0x0000000020000444        0x4 CMakeFiles/pushButton.dir/home/arun/pico/pico-sdk/src/rp2_common/pico_float/float_aeabi.S.obj
 *(.preinit_array)
                0x0000000020000448                PROVIDE (__preinit_array_end = .)
                0x0000000020000448                . = ALIGN (0x4)
                0x0000000020000448                PROVIDE (__init_array_start = .)
 *(SORT_BY_NAME(.init_array.*))
 *(.init_array)
 .init_array    0x0000000020000448        0x4 /usr/lib/gcc/arm-none-eabi/10.3.1/thumb/v6-m/nofp/crtbegin.o
 .init_array    0x000000002000044c        0x4 CMakeFiles/pushButton.dir/home/arun/pico/pico-sdk/src/rp2_common/pico_unique_id/unique_id.c.obj
                0x0000000020000450                PROVIDE (__init_array_end = .)
                0x0000000020000450                . = ALIGN (0x4)
                0x0000000020000450                PROVIDE (__fini_array_start = .)
 *(SORT_BY_NAME(.fini_array.*))
 *(.fini_array)
                0x0000000020000450                PROVIDE (__fini_array_end = .)
 *(.jcr)
                0x0000000020000450                . = ALIGN (0x4)
                0x0000000020000450                __data_end__ = .

.tm_clone_table
                0x0000000020000450        0x0 load address 0x00000000100057f4
 .tm_clone_table
                0x0000000020000450        0x0 /usr/lib/gcc/arm-none-eabi/10.3.1/thumb/v6-m/nofp/crtbegin.o
 .tm_clone_table
                0x0000000020000450        0x0 /usr/lib/gcc/arm-none-eabi/10.3.1/thumb/v6-m/nofp/crtend.o

.igot.plt       0x0000000020000450        0x0 load address 0x00000000100057f4
 .igot.plt      0x0000000020000450        0x0 /usr/lib/gcc/arm-none-eabi/10.3.1/thumb/v6-m/nofp/crtbegin.o

.uninitialized_data
                0x0000000020000450        0x0 load address 0x00000000100057f4
                0x0000000020000450                . = ALIGN (0x4)
 *(.uninitialized_data*)

.scratch_x      0x0000000020040000        0x0 load address 0x00000000100057f4
                0x0000000020040000                __scratch_x_start__ = .
 *(.scratch_x.*)
                0x0000000020040000                . = ALIGN (0x4)
                0x0000000020040000                __scratch_x_end__ = .
                0x00000000100057f4                __scratch_x_source__ = LOADADDR (.scratch_x)

.scratch_y      0x0000000020041000        0x0 load address 0x00000000100057f4
                0x0000000020041000                __scratch_y_start__ = .
 *(.scratch_y.*)
                0x0000000020041000                . = ALIGN (0x4)
                0x0000000020041000                __scratch_y_end__ = .
                0x00000000100057f4                __scratch_y_source__ = LOADADDR (.scratch_y)

.bss            0x0000000020000450      0x4d0
                0x0000000020000450                . = ALIGN (0x4)
                0x0000000020000450                __bss_start__ = .
 *(SORT_BY_ALIGNMENT(SORT_BY_NAME(.bss*)))
 .bss.default_alarm_pool_entries
                0x0000000020000450      0x100 CMakeFiles/pushButton.dir/home/arun/pico/pico-sdk/src/common/pico_time/time.c.obj
 .bss           0x0000000020000550       0x1c /usr/lib/gcc/arm-none-eabi/10.3.1/thumb/v6-m/nofp/crtbegin.o
 .bss.alarm_callbacks
                0x000000002000056c       0x10 CMakeFiles/pushButton.dir/home/arun/pico/pico-sdk/src/rp2_common/hardware_timer/timer.c.obj
 .bss.boot2_copyout
                0x000000002000057c      0x100 CMakeFiles/pushButton.dir/home/arun/pico/pico-sdk/src/rp2_common/hardware_flash/flash.c.obj
 .bss.configured_freq
                0x000000002000067c       0x28 CMakeFiles/pushButton.dir/home/arun/pico/pico-sdk/src/rp2_common/hardware_clocks/clocks.c.obj
 .bss.default_alarm_pool_entry_ids_high
                0x00000000200006a4       0x10 CMakeFiles/pushButton.dir/home/arun/pico/pico-sdk/src/common/pico_time/time.c.obj
 .bss.default_alarm_pool_heap_nodes
                0x00000000200006b4       0x30 CMakeFiles/pushButton.dir/home/arun/pico/pico-sdk/src/common/pico_time/time.c.obj
 .bss.drivers   0x00000000200006e4        0x4 CMakeFiles/pushButton.dir/home/arun/pico/pico-sdk/src/rp2_common/pico_stdio/stdio.c.obj
 .bss.filter    0x00000000200006e8        0x4 CMakeFiles/pushButton.dir/home/arun/pico/pico-sdk/src/rp2_common/pico_stdio/stdio.c.obj
 .bss.pools     0x00000000200006ec       0x10 CMakeFiles/pushButton.dir/home/arun/pico/pico-sdk/src/common/pico_time/time.c.obj
 .bss.retrieved_id
                0x00000000200006fc        0x8 CMakeFiles/pushButton.dir/home/arun/pico/pico-sdk/src/rp2_common/pico_unique_id/unique_id.c.obj
 .bss.sd_table  0x0000000020000704      0x100 CMakeFiles/pushButton.dir/home/arun/pico/pico-sdk/src/rp2_common/pico_double/double_init_rom.c.obj
                0x0000000020000704                sd_table
 .bss.sf_clz_func
                0x0000000020000804        0x4 CMakeFiles/pushButton.dir/home/arun/pico/pico-sdk/src/rp2_common/pico_double/double_init_rom.c.obj
                0x0000000020000804                sf_clz_func
 .bss.sf_table  0x0000000020000808      0x100 CMakeFiles/pushButton.dir/home/arun/pico/pico-sdk/src/rp2_common/pico_float/float_init_rom.c.obj
                0x0000000020000808                sf_table
 .bss.sleep_notifier
                0x0000000020000908        0x4 CMakeFiles/pushButton.dir/home/arun/pico/pico-sdk/src/common/pico_time/time.c.obj
 .bss.target_hi
                0x000000002000090c       0x10 CMakeFiles/pushButton.dir/home/arun/pico/pico-sdk/src/rp2_common/hardware_timer/timer.c.obj
 .bss.boot2_copyout_valid
                0x000000002000091c        0x1 CMakeFiles/pushButton.dir/home/arun/pico/pico-sdk/src/rp2_common/hardware_flash/flash.c.obj
 .bss.claimed   0x000000002000091d        0x1 CMakeFiles/pushButton.dir/home/arun/pico/pico-sdk/src/rp2_common/hardware_timer/timer.c.obj
 .bss.irq_hander_chain_free_slot_head
                0x000000002000091e        0x1 CMakeFiles/pushButton.dir/home/arun/pico/pico-sdk/src/rp2_common/hardware_irq/irq.c.obj
 .bss.timer_callbacks_pending
                0x000000002000091f        0x1 CMakeFiles/pushButton.dir/home/arun/pico/pico-sdk/src/rp2_common/hardware_timer/timer.c.obj
 *(COMMON)
                0x0000000020000920                . = ALIGN (0x4)
                0x0000000020000920                __bss_end__ = .

.heap           0x0000000020000920      0x800
                0x0000000020000920                __end__ = .
                0x0000000020000920                end = __end__
 *(.heap*)
 .heap          0x0000000020000920      0x800 CMakeFiles/pushButton.dir/home/arun/pico/pico-sdk/src/rp2_common/pico_standard_link/crt0.S.obj
                0x0000000020001120                __HeapLimit = .

.stack1_dummy   0x0000000020040000        0x0
 *(.stack1*)

.stack_dummy    0x0000000020041000      0x800
 *(.stack*)
 .stack         0x0000000020041000      0x800 CMakeFiles/pushButton.dir/home/arun/pico/pico-sdk/src/rp2_common/pico_standard_link/crt0.S.obj

.flash_end      0x00000000100057f4        0x0
                0x00000000100057f4                __flash_binary_end = .
                0x0000000020040000                __StackLimit = (ORIGIN (RAM) + LENGTH (RAM))
                0x0000000020041000                __StackOneTop = (ORIGIN (SCRATCH_X) + LENGTH (SCRATCH_X))
                0x0000000020042000                __StackTop = (ORIGIN (SCRATCH_Y) + LENGTH (SCRATCH_Y))
                0x0000000020041000                __StackOneBottom = (__StackOneTop - SIZEOF (.stack1_dummy))
                0x0000000020041800                __StackBottom = (__StackTop - SIZEOF (.stack_dummy))
                0x0000000020042000                PROVIDE (__stack = __StackTop)
                0x0000000000000001                ASSERT ((__StackLimit >= __HeapLimit), region RAM overflowed)
                0x0000000000000001                ASSERT (((__binary_info_header_end - __logical_binary_start) <= 0x100), Binary info must be in first 256 bytes of the binary)
LOAD CMakeFiles/pushButton.dir/push.c.obj
LOAD CMakeFiles/pushButton.dir/home/arun/pico/GPIO_Drivers/gpio/gpio.c.obj
LOAD CMakeFiles/pushButton.dir/home/arun/pico/pico-sdk/src/rp2_common/pico_stdlib/stdlib.c.obj
LOAD CMakeFiles/pushButton.dir/home/arun/pico/pico-sdk/src/rp2_common/hardware_gpio/gpio.c.obj
LOAD CMakeFiles/pushButton.dir/home/arun/pico/pico-sdk/src/rp2_common/pico_platform/platform.c.obj
LOAD CMakeFiles/pushButton.dir/home/arun/pico/pico-sdk/src/rp2_common/hardware_claim/claim.c.obj
LOAD CMakeFiles/pushButton.dir/home/arun/pico/pico-sdk/src/rp2_common/hardware_sync/sync.c.obj
LOAD CMakeFiles/pushButton.dir/home/arun/pico/pico-sdk/src/rp2_common/hardware_irq/irq.c.obj
LOAD CMakeFiles/pushButton.dir/home/arun/pico/pico-sdk/src/rp2_common/hardware_irq/irq_handler_chain.S.obj
LOAD CMakeFiles/pushButton.dir/home/arun/pico/pico-sdk/src/common/pico_sync/sem.c.obj
LOAD CMakeFiles/pushButton.dir/home/arun/pico/pico-sdk/src/common/pico_sync/lock_core.c.obj
LOAD CMakeFiles/pushButton.dir/home/arun/pico/pico-sdk/src/common/pico_sync/mutex.c.obj
LOAD CMakeFiles/pushButton.dir/home/arun/pico/pico-sdk/src/common/pico_sync/critical_section.c.obj
LOAD CMakeFiles/pushButton.dir/home/arun/pico/pico-sdk/src/common/pico_time/time.c.obj
LOAD CMakeFiles/pushButton.dir/home/arun/pico/pico-sdk/src/common/pico_time/timeout_helper.c.obj
LOAD CMakeFiles/pushButton.dir/home/arun/pico/pico-sdk/src/rp2_common/hardware_timer/timer.c.obj
LOAD CMakeFiles/pushButton.dir/home/arun/pico/pico-sdk/src/common/pico_util/datetime.c.obj
LOAD CMakeFiles/pushButton.dir/home/arun/pico/pico-sdk/src/common/pico_util/pheap.c.obj
LOAD CMakeFiles/pushButton.dir/home/arun/pico/pico-sdk/src/common/pico_util/queue.c.obj
LOAD CMakeFiles/pushButton.dir/home/arun/pico/pico-sdk/src/rp2_common/hardware_uart/uart.c.obj
LOAD CMakeFiles/pushButton.dir/home/arun/pico/pico-sdk/src/rp2_common/hardware_clocks/clocks.c.obj
LOAD CMakeFiles/pushButton.dir/home/arun/pico/pico-sdk/src/rp2_common/hardware_pll/pll.c.obj
LOAD CMakeFiles/pushButton.dir/home/arun/pico/pico-sdk/src/rp2_common/hardware_vreg/vreg.c.obj
LOAD CMakeFiles/pushButton.dir/home/arun/pico/pico-sdk/src/rp2_common/hardware_watchdog/watchdog.c.obj
LOAD CMakeFiles/pushButton.dir/home/arun/pico/pico-sdk/src/rp2_common/hardware_xosc/xosc.c.obj
LOAD CMakeFiles/pushButton.dir/home/arun/pico/pico-sdk/src/rp2_common/hardware_divider/divider.S.obj
LOAD CMakeFiles/pushButton.dir/home/arun/pico/pico-sdk/src/rp2_common/pico_runtime/runtime.c.obj
LOAD CMakeFiles/pushButton.dir/home/arun/pico/pico-sdk/src/rp2_common/pico_printf/printf.c.obj
LOAD CMakeFiles/pushButton.dir/home/arun/pico/pico-sdk/src/rp2_common/pico_bit_ops/bit_ops_aeabi.S.obj
LOAD CMakeFiles/pushButton.dir/home/arun/pico/pico-sdk/src/rp2_common/pico_bootrom/bootrom.c.obj
LOAD CMakeFiles/pushButton.dir/home/arun/pico/pico-sdk/src/rp2_common/pico_divider/divider.S.obj
LOAD CMakeFiles/pushButton.dir/home/arun/pico/pico-sdk/src/rp2_common/pico_double/double_aeabi.S.obj
LOAD CMakeFiles/pushButton.dir/home/arun/pico/pico-sdk/src/rp2_common/pico_double/double_init_rom.c.obj
LOAD CMakeFiles/pushButton.dir/home/arun/pico/pico-sdk/src/rp2_common/pico_double/double_math.c.obj
LOAD CMakeFiles/pushButton.dir/home/arun/pico/pico-sdk/src/rp2_common/pico_double/double_v1_rom_shim.S.obj
LOAD CMakeFiles/pushButton.dir/home/arun/pico/pico-sdk/src/rp2_common/pico_int64_ops/pico_int64_ops_aeabi.S.obj
LOAD CMakeFiles/pushButton.dir/home/arun/pico/pico-sdk/src/rp2_common/pico_float/float_aeabi.S.obj
LOAD CMakeFiles/pushButton.dir/home/arun/pico/pico-sdk/src/rp2_common/pico_float/float_init_rom.c.obj
LOAD CMakeFiles/pushButton.dir/home/arun/pico/pico-sdk/src/rp2_common/pico_float/float_math.c.obj
LOAD CMakeFiles/pushButton.dir/home/arun/pico/pico-sdk/src/rp2_common/pico_float/float_v1_rom_shim.S.obj
LOAD CMakeFiles/pushButton.dir/home/arun/pico/pico-sdk/src/rp2_common/pico_malloc/pico_malloc.c.obj
LOAD CMakeFiles/pushButton.dir/home/arun/pico/pico-sdk/src/rp2_common/pico_mem_ops/mem_ops_aeabi.S.obj
LOAD CMakeFiles/pushButton.dir/home/arun/pico/pico-sdk/src/rp2_common/pico_standard_link/crt0.S.obj
LOAD CMakeFiles/pushButton.dir/home/arun/pico/pico-sdk/src/rp2_common/pico_standard_link/new_delete.cpp.obj
LOAD CMakeFiles/pushButton.dir/home/arun/pico/pico-sdk/src/rp2_common/pico_standard_link/binary_info.c.obj
LOAD CMakeFiles/pushButton.dir/home/arun/pico/pico-sdk/src/rp2_common/pico_stdio/stdio.c.obj
LOAD CMakeFiles/pushButton.dir/home/arun/pico/pico-sdk/src/rp2_common/pico_stdio_usb/reset_interface.c.obj
LOAD CMakeFiles/pushButton.dir/home/arun/pico/pico-sdk/src/rp2_common/pico_stdio_usb/stdio_usb.c.obj
LOAD CMakeFiles/pushButton.dir/home/arun/pico/pico-sdk/src/rp2_common/pico_stdio_usb/stdio_usb_descriptors.c.obj
LOAD CMakeFiles/pushButton.dir/home/arun/pico/pico-sdk/src/rp2_common/pico_unique_id/unique_id.c.obj
LOAD CMakeFiles/pushButton.dir/home/arun/pico/pico-sdk/src/rp2_common/hardware_flash/flash.c.obj
LOAD CMakeFiles/pushButton.dir/home/arun/pico/pico-sdk/lib/tinyusb/src/portable/raspberrypi/rp2040/dcd_rp2040.c.obj
LOAD CMakeFiles/pushButton.dir/home/arun/pico/pico-sdk/lib/tinyusb/src/portable/raspberrypi/rp2040/rp2040_usb.c.obj
LOAD CMakeFiles/pushButton.dir/home/arun/pico/pico-sdk/lib/tinyusb/src/device/usbd.c.obj
LOAD CMakeFiles/pushButton.dir/home/arun/pico/pico-sdk/lib/tinyusb/src/device/usbd_control.c.obj
LOAD CMakeFiles/pushButton.dir/home/arun/pico/pico-sdk/lib/tinyusb/src/class/audio/audio_device.c.obj
LOAD CMakeFiles/pushButton.dir/home/arun/pico/pico-sdk/lib/tinyusb/src/class/cdc/cdc_device.c.obj
LOAD CMakeFiles/pushButton.dir/home/arun/pico/pico-sdk/lib/tinyusb/src/class/dfu/dfu_device.c.obj
LOAD CMakeFiles/pushButton.dir/home/arun/pico/pico-sdk/lib/tinyusb/src/class/dfu/dfu_rt_device.c.obj
LOAD CMakeFiles/pushButton.dir/home/arun/pico/pico-sdk/lib/tinyusb/src/class/hid/hid_device.c.obj
LOAD CMakeFiles/pushButton.dir/home/arun/pico/pico-sdk/lib/tinyusb/src/class/midi/midi_device.c.obj
LOAD CMakeFiles/pushButton.dir/home/arun/pico/pico-sdk/lib/tinyusb/src/class/msc/msc_device.c.obj
LOAD CMakeFiles/pushButton.dir/home/arun/pico/pico-sdk/lib/tinyusb/src/class/net/ecm_rndis_device.c.obj
LOAD CMakeFiles/pushButton.dir/home/arun/pico/pico-sdk/lib/tinyusb/src/class/net/ncm_device.c.obj
LOAD CMakeFiles/pushButton.dir/home/arun/pico/pico-sdk/lib/tinyusb/src/class/usbtmc/usbtmc_device.c.obj
LOAD CMakeFiles/pushButton.dir/home/arun/pico/pico-sdk/lib/tinyusb/src/class/vendor/vendor_device.c.obj
LOAD CMakeFiles/pushButton.dir/home/arun/pico/pico-sdk/lib/tinyusb/src/class/video/video_device.c.obj
LOAD CMakeFiles/pushButton.dir/home/arun/pico/pico-sdk/lib/tinyusb/src/tusb.c.obj
LOAD CMakeFiles/pushButton.dir/home/arun/pico/pico-sdk/lib/tinyusb/src/common/tusb_fifo.c.obj
LOAD CMakeFiles/pushButton.dir/home/arun/pico/pico-sdk/src/rp2_common/pico_fix/rp2040_usb_device_enumeration/rp2040_usb_device_enumeration.c.obj
LOAD /tmp/cc7NNDtJ.o
LOAD /usr/lib/gcc/arm-none-eabi/10.3.1/../../../arm-none-eabi/lib/thumb/v6-m/nofp/libstdc++.a
LOAD /usr/lib/gcc/arm-none-eabi/10.3.1/../../../arm-none-eabi/lib/thumb/v6-m/nofp/libm.a
START GROUP
LOAD /usr/lib/gcc/arm-none-eabi/10.3.1/thumb/v6-m/nofp/libgcc.a
LOAD /usr/lib/gcc/arm-none-eabi/10.3.1/../../../arm-none-eabi/lib/thumb/v6-m/nofp/libg.a
LOAD /usr/lib/gcc/arm-none-eabi/10.3.1/../../../arm-none-eabi/lib/thumb/v6-m/nofp/libc.a
END GROUP
START GROUP
LOAD /usr/lib/gcc/arm-none-eabi/10.3.1/thumb/v6-m/nofp/libgcc.a
LOAD /usr/lib/gcc/arm-none-eabi/10.3.1/../../../arm-none-eabi/lib/thumb/v6-m/nofp/libc.a
LOAD /usr/lib/gcc/arm-none-eabi/10.3.1/../../../arm-none-eabi/lib/thumb/v6-m/nofp/libnosys.a
END GROUP
LOAD /usr/lib/gcc/arm-none-eabi/10.3.1/thumb/v6-m/nofp/crtend.o
LOAD /usr/lib/gcc/arm-none-eabi/10.3.1/thumb/v6-m/nofp/crtn.o
OUTPUT(pushButton.elf elf32-littlearm)
LOAD linker stubs

.ARM.attributes
                0x0000000000000000       0x28
 .ARM.attributes
                0x0000000000000000       0x1e /usr/lib/gcc/arm-none-eabi/10.3.1/thumb/v6-m/nofp/crti.o
 .ARM.attributes
                0x000000000000001e       0x2c /usr/lib/gcc/arm-none-eabi/10.3.1/thumb/v6-m/nofp/crtbegin.o
 .ARM.attributes
                0x000000000000004a       0x2c CMakeFiles/pushButton.dir/push.c.obj
 .ARM.attributes
                0x0000000000000076       0x2c CMakeFiles/pushButton.dir/home/arun/pico/GPIO_Drivers/gpio/gpio.c.obj
 .ARM.attributes
                0x00000000000000a2       0x2c CMakeFiles/pushButton.dir/home/arun/pico/pico-sdk/src/rp2_common/pico_platform/platform.c.obj
 .ARM.attributes
                0x00000000000000ce       0x2c CMakeFiles/pushButton.dir/home/arun/pico/pico-sdk/src/rp2_common/hardware_claim/claim.c.obj
 .ARM.attributes
                0x00000000000000fa       0x2c CMakeFiles/pushButton.dir/home/arun/pico/pico-sdk/src/rp2_common/hardware_sync/sync.c.obj
 .ARM.attributes
                0x0000000000000126       0x2c CMakeFiles/pushButton.dir/home/arun/pico/pico-sdk/src/rp2_common/hardware_irq/irq.c.obj
 .ARM.attributes
                0x0000000000000152       0x22 CMakeFiles/pushButton.dir/home/arun/pico/pico-sdk/src/rp2_common/hardware_irq/irq_handler_chain.S.obj
 .ARM.attributes
                0x0000000000000174       0x2c CMakeFiles/pushButton.dir/home/arun/pico/pico-sdk/src/common/pico_sync/lock_core.c.obj
 .ARM.attributes
                0x00000000000001a0       0x2c CMakeFiles/pushButton.dir/home/arun/pico/pico-sdk/src/common/pico_sync/mutex.c.obj
 .ARM.attributes
                0x00000000000001cc       0x2c CMakeFiles/pushButton.dir/home/arun/pico/pico-sdk/src/common/pico_time/time.c.obj
 .ARM.attributes
                0x00000000000001f8       0x2c CMakeFiles/pushButton.dir/home/arun/pico/pico-sdk/src/rp2_common/hardware_timer/timer.c.obj
 .ARM.attributes
                0x0000000000000224       0x2c CMakeFiles/pushButton.dir/home/arun/pico/pico-sdk/src/common/pico_util/pheap.c.obj
 .ARM.attributes
                0x0000000000000250       0x2c CMakeFiles/pushButton.dir/home/arun/pico/pico-sdk/src/rp2_common/hardware_clocks/clocks.c.obj
 .ARM.attributes
                0x000000000000027c       0x2c CMakeFiles/pushButton.dir/home/arun/pico/pico-sdk/src/rp2_common/hardware_pll/pll.c.obj
 .ARM.attributes
                0x00000000000002a8       0x2c CMakeFiles/pushButton.dir/home/arun/pico/pico-sdk/src/rp2_common/hardware_watchdog/watchdog.c.obj
 .ARM.attributes
                0x00000000000002d4       0x2c CMakeFiles/pushButton.dir/home/arun/pico/pico-sdk/src/rp2_common/hardware_xosc/xosc.c.obj
 .ARM.attributes
                0x0000000000000300       0x2c CMakeFiles/pushButton.dir/home/arun/pico/pico-sdk/src/rp2_common/pico_runtime/runtime.c.obj
 .ARM.attributes
                0x000000000000032c       0x2c CMakeFiles/pushButton.dir/home/arun/pico/pico-sdk/src/rp2_common/pico_printf/printf.c.obj
 .ARM.attributes
                0x0000000000000358       0x22 CMakeFiles/pushButton.dir/home/arun/pico/pico-sdk/src/rp2_common/pico_bit_ops/bit_ops_aeabi.S.obj
 .ARM.attributes
                0x000000000000037a       0x2c CMakeFiles/pushButton.dir/home/arun/pico/pico-sdk/src/rp2_common/pico_bootrom/bootrom.c.obj
 .ARM.attributes
                0x00000000000003a6       0x22 CMakeFiles/pushButton.dir/home/arun/pico/pico-sdk/src/rp2_common/pico_divider/divider.S.obj
 .ARM.attributes
                0x00000000000003c8       0x22 CMakeFiles/pushButton.dir/home/arun/pico/pico-sdk/src/rp2_common/pico_double/double_aeabi.S.obj
 .ARM.attributes
                0x00000000000003ea       0x2c CMakeFiles/pushButton.dir/home/arun/pico/pico-sdk/src/rp2_common/pico_double/double_init_rom.c.obj
 .ARM.attributes
                0x0000000000000416       0x22 CMakeFiles/pushButton.dir/home/arun/pico/pico-sdk/src/rp2_common/pico_double/double_v1_rom_shim.S.obj
 .ARM.attributes
                0x0000000000000438       0x22 CMakeFiles/pushButton.dir/home/arun/pico/pico-sdk/src/rp2_common/pico_int64_ops/pico_int64_ops_aeabi.S.obj
 .ARM.attributes
                0x000000000000045a       0x22 CMakeFiles/pushButton.dir/home/arun/pico/pico-sdk/src/rp2_common/pico_float/float_aeabi.S.obj
 .ARM.attributes
                0x000000000000047c       0x2c CMakeFiles/pushButton.dir/home/arun/pico/pico-sdk/src/rp2_common/pico_float/float_init_rom.c.obj
 .ARM.attributes
                0x00000000000004a8       0x22 CMakeFiles/pushButton.dir/home/arun/pico/pico-sdk/src/rp2_common/pico_float/float_v1_rom_shim.S.obj
 .ARM.attributes
                0x00000000000004ca       0x22 CMakeFiles/pushButton.dir/home/arun/pico/pico-sdk/src/rp2_common/pico_mem_ops/mem_ops_aeabi.S.obj
 .ARM.attributes
                0x00000000000004ec       0x22 CMakeFiles/pushButton.dir/home/arun/pico/pico-sdk/src/rp2_common/pico_standard_link/crt0.S.obj
 .ARM.attributes
                0x000000000000050e       0x32 CMakeFiles/pushButton.dir/home/arun/pico/pico-sdk/src/rp2_common/pico_standard_link/binary_info.c.obj
 .ARM.attributes
                0x0000000000000540       0x2c CMakeFiles/pushButton.dir/home/arun/pico/pico-sdk/src/rp2_common/pico_stdio/stdio.c.obj
 .ARM.attributes
                0x000000000000056c       0x2c CMakeFiles/pushButton.dir/home/arun/pico/pico-sdk/src/rp2_common/pico_unique_id/unique_id.c.obj
 .ARM.attributes
                0x0000000000000598       0x2c CMakeFiles/pushButton.dir/home/arun/pico/pico-sdk/src/rp2_common/hardware_flash/flash.c.obj
 .ARM.attributes
                0x00000000000005c4       0x22 /tmp/cc7NNDtJ.o
 .ARM.attributes
                0x00000000000005e6       0x1e /usr/lib/gcc/arm-none-eabi/10.3.1/thumb/v6-m/nofp/libgcc.a(_dvmd_tls.o)
 .ARM.attributes
                0x0000000000000604       0x2c /usr/lib/gcc/arm-none-eabi/10.3.1/../../../arm-none-eabi/lib/thumb/v6-m/nofp/libg.a(lib_a-strlen-stub.o)
 .ARM.attributes
                0x0000000000000630       0x2c /usr/lib/gcc/arm-none-eabi/10.3.1/thumb/v6-m/nofp/crtend.o

.comment        0x0000000000000000       0x33
 .comment       0x0000000000000000       0x33 /usr/lib/gcc/arm-none-eabi/10.3.1/thumb/v6-m/nofp/crtbegin.o
                                         0x34 (size before relaxing)
 .comment       0x0000000000000033       0x34 CMakeFiles/pushButton.dir/push.c.obj
 .comment       0x0000000000000033       0x34 CMakeFiles/pushButton.dir/home/arun/pico/GPIO_Drivers/gpio/gpio.c.obj
 .comment       0x0000000000000033       0x34 CMakeFiles/pushButton.dir/home/arun/pico/pico-sdk/src/rp2_common/pico_platform/platform.c.obj
 .comment       0x0000000000000033       0x34 CMakeFiles/pushButton.dir/home/arun/pico/pico-sdk/src/rp2_common/hardware_claim/claim.c.obj
 .comment       0x0000000000000033       0x34 CMakeFiles/pushButton.dir/home/arun/pico/pico-sdk/src/rp2_common/hardware_sync/sync.c.obj
 .comment       0x0000000000000033       0x34 CMakeFiles/pushButton.dir/home/arun/pico/pico-sdk/src/rp2_common/hardware_irq/irq.c.obj
 .comment       0x0000000000000033       0x34 CMakeFiles/pushButton.dir/home/arun/pico/pico-sdk/src/common/pico_sync/lock_core.c.obj
 .comment       0x0000000000000033       0x34 CMakeFiles/pushButton.dir/home/arun/pico/pico-sdk/src/common/pico_sync/mutex.c.obj
 .comment       0x0000000000000033       0x34 CMakeFiles/pushButton.dir/home/arun/pico/pico-sdk/src/common/pico_time/time.c.obj
 .comment       0x0000000000000033       0x34 CMakeFiles/pushButton.dir/home/arun/pico/pico-sdk/src/rp2_common/hardware_timer/timer.c.obj
 .comment       0x0000000000000033       0x34 CMakeFiles/pushButton.dir/home/arun/pico/pico-sdk/src/common/pico_util/pheap.c.obj
 .comment       0x0000000000000033       0x34 CMakeFiles/pushButton.dir/home/arun/pico/pico-sdk/src/rp2_common/hardware_clocks/clocks.c.obj
 .comment       0x0000000000000033       0x34 CMakeFiles/pushButton.dir/home/arun/pico/pico-sdk/src/rp2_common/hardware_pll/pll.c.obj
 .comment       0x0000000000000033       0x34 CMakeFiles/pushButton.dir/home/arun/pico/pico-sdk/src/rp2_common/hardware_watchdog/watchdog.c.obj
 .comment       0x0000000000000033       0x34 CMakeFiles/pushButton.dir/home/arun/pico/pico-sdk/src/rp2_common/hardware_xosc/xosc.c.obj
 .comment       0x0000000000000033       0x34 CMakeFiles/pushButton.dir/home/arun/pico/pico-sdk/src/rp2_common/pico_runtime/runtime.c.obj
 .comment       0x0000000000000033       0x34 CMakeFiles/pushButton.dir/home/arun/pico/pico-sdk/src/rp2_common/pico_printf/printf.c.obj
 .comment       0x0000000000000033       0x34 CMakeFiles/pushButton.dir/home/arun/pico/pico-sdk/src/rp2_common/pico_bootrom/bootrom.c.obj
 .comment       0x0000000000000033       0x34 CMakeFiles/pushButton.dir/home/arun/pico/pico-sdk/src/rp2_common/pico_double/double_init_rom.c.obj
 .comment       0x0000000000000033       0x34 CMakeFiles/pushButton.dir/home/arun/pico/pico-sdk/src/rp2_common/pico_float/float_init_rom.c.obj
 .comment       0x0000000000000033       0x34 CMakeFiles/pushButton.dir/home/arun/pico/pico-sdk/src/rp2_common/pico_standard_link/binary_info.c.obj
 .comment       0x0000000000000033       0x34 CMakeFiles/pushButton.dir/home/arun/pico/pico-sdk/src/rp2_common/pico_stdio/stdio.c.obj
 .comment       0x0000000000000033       0x34 CMakeFiles/pushButton.dir/home/arun/pico/pico-sdk/src/rp2_common/pico_unique_id/unique_id.c.obj
 .comment       0x0000000000000033       0x34 CMakeFiles/pushButton.dir/home/arun/pico/pico-sdk/src/rp2_common/hardware_flash/flash.c.obj
 .comment       0x0000000000000033       0x34 /usr/lib/gcc/arm-none-eabi/10.3.1/../../../arm-none-eabi/lib/thumb/v6-m/nofp/libg.a(lib_a-strlen-stub.o)
 .comment       0x0000000000000033       0x34 /usr/lib/gcc/arm-none-eabi/10.3.1/thumb/v6-m/nofp/crtend.o

.debug_info     0x0000000000000000    0x13406
 .debug_info    0x0000000000000000      0x273 CMakeFiles/pushButton.dir/push.c.obj
 .debug_info    0x0000000000000273      0x375 CMakeFiles/pushButton.dir/home/arun/pico/GPIO_Drivers/gpio/gpio.c.obj
 .debug_info    0x00000000000005e8      0x1cb CMakeFiles/pushButton.dir/home/arun/pico/pico-sdk/src/rp2_common/pico_platform/platform.c.obj
 .debug_info    0x00000000000007b3      0x6a4 CMakeFiles/pushButton.dir/home/arun/pico/pico-sdk/src/rp2_common/hardware_claim/claim.c.obj
 .debug_info    0x0000000000000e57      0x576 CMakeFiles/pushButton.dir/home/arun/pico/pico-sdk/src/rp2_common/hardware_sync/sync.c.obj
 .debug_info    0x00000000000013cd     0x1c54 CMakeFiles/pushButton.dir/home/arun/pico/pico-sdk/src/rp2_common/hardware_irq/irq.c.obj
 .debug_info    0x0000000000003021      0x198 CMakeFiles/pushButton.dir/home/arun/pico/pico-sdk/src/common/pico_sync/lock_core.c.obj
 .debug_info    0x00000000000031b9     0x2097 CMakeFiles/pushButton.dir/home/arun/pico/pico-sdk/src/common/pico_sync/mutex.c.obj
 .debug_info    0x0000000000005250     0x402a CMakeFiles/pushButton.dir/home/arun/pico/pico-sdk/src/common/pico_time/time.c.obj
 .debug_info    0x000000000000927a     0x13b2 CMakeFiles/pushButton.dir/home/arun/pico/pico-sdk/src/rp2_common/hardware_timer/timer.c.obj
 .debug_info    0x000000000000a62c     0x123b CMakeFiles/pushButton.dir/home/arun/pico/pico-sdk/src/common/pico_util/pheap.c.obj
 .debug_info    0x000000000000b867      0xf5d CMakeFiles/pushButton.dir/home/arun/pico/pico-sdk/src/rp2_common/hardware_clocks/clocks.c.obj
 .debug_info    0x000000000000c7c4      0x503 CMakeFiles/pushButton.dir/home/arun/pico/pico-sdk/src/rp2_common/hardware_pll/pll.c.obj
 .debug_info    0x000000000000ccc7      0x4ee CMakeFiles/pushButton.dir/home/arun/pico/pico-sdk/src/rp2_common/hardware_watchdog/watchdog.c.obj
 .debug_info    0x000000000000d1b5      0x1c0 CMakeFiles/pushButton.dir/home/arun/pico/pico-sdk/src/rp2_common/hardware_xosc/xosc.c.obj
 .debug_info    0x000000000000d375     0x1028 CMakeFiles/pushButton.dir/home/arun/pico/pico-sdk/src/rp2_common/pico_runtime/runtime.c.obj
 .debug_info    0x000000000000e39d     0x1a47 CMakeFiles/pushButton.dir/home/arun/pico/pico-sdk/src/rp2_common/pico_printf/printf.c.obj
 .debug_info    0x000000000000fde4       0x22 CMakeFiles/pushButton.dir/home/arun/pico/pico-sdk/src/rp2_common/pico_bit_ops/bit_ops_aeabi.S.obj
 .debug_info    0x000000000000fe06      0x258 CMakeFiles/pushButton.dir/home/arun/pico/pico-sdk/src/rp2_common/pico_bootrom/bootrom.c.obj
 .debug_info    0x000000000001005e       0x22 CMakeFiles/pushButton.dir/home/arun/pico/pico-sdk/src/rp2_common/pico_divider/divider.S.obj
 .debug_info    0x0000000000010080       0x22 CMakeFiles/pushButton.dir/home/arun/pico/pico-sdk/src/rp2_common/pico_double/double_aeabi.S.obj
 .debug_info    0x00000000000100a2      0x2a1 CMakeFiles/pushButton.dir/home/arun/pico/pico-sdk/src/rp2_common/pico_double/double_init_rom.c.obj
 .debug_info    0x0000000000010343       0x22 CMakeFiles/pushButton.dir/home/arun/pico/pico-sdk/src/rp2_common/pico_double/double_v1_rom_shim.S.obj
 .debug_info    0x0000000000010365       0x26 CMakeFiles/pushButton.dir/home/arun/pico/pico-sdk/src/rp2_common/pico_int64_ops/pico_int64_ops_aeabi.S.obj
 .debug_info    0x000000000001038b       0x22 CMakeFiles/pushButton.dir/home/arun/pico/pico-sdk/src/rp2_common/pico_float/float_aeabi.S.obj
 .debug_info    0x00000000000103ad      0x2bb CMakeFiles/pushButton.dir/home/arun/pico/pico-sdk/src/rp2_common/pico_float/float_init_rom.c.obj
 .debug_info    0x0000000000010668       0x22 CMakeFiles/pushButton.dir/home/arun/pico/pico-sdk/src/rp2_common/pico_float/float_v1_rom_shim.S.obj
 .debug_info    0x000000000001068a       0x22 CMakeFiles/pushButton.dir/home/arun/pico/pico-sdk/src/rp2_common/pico_mem_ops/mem_ops_aeabi.S.obj
 .debug_info    0x00000000000106ac       0x22 CMakeFiles/pushButton.dir/home/arun/pico/pico-sdk/src/rp2_common/pico_standard_link/crt0.S.obj
 .debug_info    0x00000000000106ce      0x2c6 CMakeFiles/pushButton.dir/home/arun/pico/pico-sdk/src/rp2_common/pico_standard_link/binary_info.c.obj
 .debug_info    0x0000000000010994     0x1821 CMakeFiles/pushButton.dir/home/arun/pico/pico-sdk/src/rp2_common/pico_stdio/stdio.c.obj
 .debug_info    0x00000000000121b5      0x24b CMakeFiles/pushButton.dir/home/arun/pico/pico-sdk/src/rp2_common/pico_unique_id/unique_id.c.obj
 .debug_info    0x0000000000012400      0xef2 CMakeFiles/pushButton.dir/home/arun/pico/pico-sdk/src/rp2_common/hardware_flash/flash.c.obj
 .debug_info    0x00000000000132f2       0x26 /usr/lib/gcc/arm-none-eabi/10.3.1/thumb/v6-m/nofp/libgcc.a(_dvmd_tls.o)
 .debug_info    0x0000000000013318       0xee /usr/lib/gcc/arm-none-eabi/10.3.1/../../../arm-none-eabi/lib/thumb/v6-m/nofp/libg.a(lib_a-strlen-stub.o)

.debug_abbrev   0x0000000000000000     0x3cde
 .debug_abbrev  0x0000000000000000      0x119 CMakeFiles/pushButton.dir/push.c.obj
 .debug_abbrev  0x0000000000000119      0x112 CMakeFiles/pushButton.dir/home/arun/pico/GPIO_Drivers/gpio/gpio.c.obj
 .debug_abbrev  0x000000000000022b       0xeb CMakeFiles/pushButton.dir/home/arun/pico/pico-sdk/src/rp2_common/pico_platform/platform.c.obj
 .debug_abbrev  0x0000000000000316      0x2e9 CMakeFiles/pushButton.dir/home/arun/pico/pico-sdk/src/rp2_common/hardware_claim/claim.c.obj
 .debug_abbrev  0x00000000000005ff      0x21b CMakeFiles/pushButton.dir/home/arun/pico/pico-sdk/src/rp2_common/hardware_sync/sync.c.obj
 .debug_abbrev  0x000000000000081a      0x4e7 CMakeFiles/pushButton.dir/home/arun/pico/pico-sdk/src/rp2_common/hardware_irq/irq.c.obj
 .debug_abbrev  0x0000000000000d01      0x116 CMakeFiles/pushButton.dir/home/arun/pico/pico-sdk/src/common/pico_sync/lock_core.c.obj
 .debug_abbrev  0x0000000000000e17      0x397 CMakeFiles/pushButton.dir/home/arun/pico/pico-sdk/src/common/pico_sync/mutex.c.obj
 .debug_abbrev  0x00000000000011ae      0x571 CMakeFiles/pushButton.dir/home/arun/pico/pico-sdk/src/common/pico_time/time.c.obj
 .debug_abbrev  0x000000000000171f      0x3b8 CMakeFiles/pushButton.dir/home/arun/pico/pico-sdk/src/rp2_common/hardware_timer/timer.c.obj
 .debug_abbrev  0x0000000000001ad7      0x297 CMakeFiles/pushButton.dir/home/arun/pico/pico-sdk/src/common/pico_util/pheap.c.obj
 .debug_abbrev  0x0000000000001d6e      0x3a5 CMakeFiles/pushButton.dir/home/arun/pico/pico-sdk/src/rp2_common/hardware_clocks/clocks.c.obj
 .debug_abbrev  0x0000000000002113      0x1ea CMakeFiles/pushButton.dir/home/arun/pico/pico-sdk/src/rp2_common/hardware_pll/pll.c.obj
 .debug_abbrev  0x00000000000022fd      0x1a8 CMakeFiles/pushButton.dir/home/arun/pico/pico-sdk/src/rp2_common/hardware_watchdog/watchdog.c.obj
 .debug_abbrev  0x00000000000024a5      0x109 CMakeFiles/pushButton.dir/home/arun/pico/pico-sdk/src/rp2_common/hardware_xosc/xosc.c.obj
 .debug_abbrev  0x00000000000025ae      0x4ba CMakeFiles/pushButton.dir/home/arun/pico/pico-sdk/src/rp2_common/pico_runtime/runtime.c.obj
 .debug_abbrev  0x0000000000002a68      0x384 CMakeFiles/pushButton.dir/home/arun/pico/pico-sdk/src/rp2_common/pico_printf/printf.c.obj
 .debug_abbrev  0x0000000000002dec       0x12 CMakeFiles/pushButton.dir/home/arun/pico/pico-sdk/src/rp2_common/pico_bit_ops/bit_ops_aeabi.S.obj
 .debug_abbrev  0x0000000000002dfe      0x13b CMakeFiles/pushButton.dir/home/arun/pico/pico-sdk/src/rp2_common/pico_bootrom/bootrom.c.obj
 .debug_abbrev  0x0000000000002f39       0x12 CMakeFiles/pushButton.dir/home/arun/pico/pico-sdk/src/rp2_common/pico_divider/divider.S.obj
 .debug_abbrev  0x0000000000002f4b       0x12 CMakeFiles/pushButton.dir/home/arun/pico/pico-sdk/src/rp2_common/pico_double/double_aeabi.S.obj
 .debug_abbrev  0x0000000000002f5d      0x179 CMakeFiles/pushButton.dir/home/arun/pico/pico-sdk/src/rp2_common/pico_double/double_init_rom.c.obj
 .debug_abbrev  0x00000000000030d6       0x12 CMakeFiles/pushButton.dir/home/arun/pico/pico-sdk/src/rp2_common/pico_double/double_v1_rom_shim.S.obj
 .debug_abbrev  0x00000000000030e8       0x14 CMakeFiles/pushButton.dir/home/arun/pico/pico-sdk/src/rp2_common/pico_int64_ops/pico_int64_ops_aeabi.S.obj
 .debug_abbrev  0x00000000000030fc       0x12 CMakeFiles/pushButton.dir/home/arun/pico/pico-sdk/src/rp2_common/pico_float/float_aeabi.S.obj
 .debug_abbrev  0x000000000000310e      0x18c CMakeFiles/pushButton.dir/home/arun/pico/pico-sdk/src/rp2_common/pico_float/float_init_rom.c.obj
 .debug_abbrev  0x000000000000329a       0x12 CMakeFiles/pushButton.dir/home/arun/pico/pico-sdk/src/rp2_common/pico_float/float_v1_rom_shim.S.obj
 .debug_abbrev  0x00000000000032ac       0x12 CMakeFiles/pushButton.dir/home/arun/pico/pico-sdk/src/rp2_common/pico_mem_ops/mem_ops_aeabi.S.obj
 .debug_abbrev  0x00000000000032be       0x12 CMakeFiles/pushButton.dir/home/arun/pico/pico-sdk/src/rp2_common/pico_standard_link/crt0.S.obj
 .debug_abbrev  0x00000000000032d0       0xad CMakeFiles/pushButton.dir/home/arun/pico/pico-sdk/src/rp2_common/pico_standard_link/binary_info.c.obj
 .debug_abbrev  0x000000000000337d      0x4a5 CMakeFiles/pushButton.dir/home/arun/pico/pico-sdk/src/rp2_common/pico_stdio/stdio.c.obj
 .debug_abbrev  0x0000000000003822      0x163 CMakeFiles/pushButton.dir/home/arun/pico/pico-sdk/src/rp2_common/pico_unique_id/unique_id.c.obj
 .debug_abbrev  0x0000000000003985      0x2b6 CMakeFiles/pushButton.dir/home/arun/pico/pico-sdk/src/rp2_common/hardware_flash/flash.c.obj
 .debug_abbrev  0x0000000000003c3b       0x14 /usr/lib/gcc/arm-none-eabi/10.3.1/thumb/v6-m/nofp/libgcc.a(_dvmd_tls.o)
 .debug_abbrev  0x0000000000003c4f       0x8f /usr/lib/gcc/arm-none-eabi/10.3.1/../../../arm-none-eabi/lib/thumb/v6-m/nofp/libg.a(lib_a-strlen-stub.o)

.debug_aranges  0x0000000000000000      0xdc0
 .debug_aranges
                0x0000000000000000       0x20 CMakeFiles/pushButton.dir/push.c.obj
 .debug_aranges
                0x0000000000000020       0x48 CMakeFiles/pushButton.dir/home/arun/pico/GPIO_Drivers/gpio/gpio.c.obj
 .debug_aranges
                0x0000000000000068       0x28 CMakeFiles/pushButton.dir/home/arun/pico/pico-sdk/src/rp2_common/pico_platform/platform.c.obj
 .debug_aranges
                0x0000000000000090       0x48 CMakeFiles/pushButton.dir/home/arun/pico/pico-sdk/src/rp2_common/hardware_claim/claim.c.obj
 .debug_aranges
                0x00000000000000d8       0x58 CMakeFiles/pushButton.dir/home/arun/pico/pico-sdk/src/rp2_common/hardware_sync/sync.c.obj
 .debug_aranges
                0x0000000000000130       0xc8 CMakeFiles/pushButton.dir/home/arun/pico/pico-sdk/src/rp2_common/hardware_irq/irq.c.obj
 .debug_aranges
                0x00000000000001f8       0x20 CMakeFiles/pushButton.dir/home/arun/pico/pico-sdk/src/common/pico_sync/lock_core.c.obj
 .debug_aranges
                0x0000000000000218       0x90 CMakeFiles/pushButton.dir/home/arun/pico/pico-sdk/src/common/pico_sync/mutex.c.obj
 .debug_aranges
                0x00000000000002a8       0xe8 CMakeFiles/pushButton.dir/home/arun/pico/pico-sdk/src/common/pico_time/time.c.obj
 .debug_aranges
                0x0000000000000390       0x88 CMakeFiles/pushButton.dir/home/arun/pico/pico-sdk/src/rp2_common/hardware_timer/timer.c.obj
 .debug_aranges
                0x0000000000000418       0x78 CMakeFiles/pushButton.dir/home/arun/pico/pico-sdk/src/common/pico_util/pheap.c.obj
 .debug_aranges
                0x0000000000000490       0x70 CMakeFiles/pushButton.dir/home/arun/pico/pico-sdk/src/rp2_common/hardware_clocks/clocks.c.obj
 .debug_aranges
                0x0000000000000500       0x28 CMakeFiles/pushButton.dir/home/arun/pico/pico-sdk/src/rp2_common/hardware_pll/pll.c.obj
 .debug_aranges
                0x0000000000000528       0x58 CMakeFiles/pushButton.dir/home/arun/pico/pico-sdk/src/rp2_common/hardware_watchdog/watchdog.c.obj
 .debug_aranges
                0x0000000000000580       0x30 CMakeFiles/pushButton.dir/home/arun/pico/pico-sdk/src/rp2_common/hardware_xosc/xosc.c.obj