Archive member included to satisfy reference by file (symbol)

/usr/lib/gcc/arm-none-eabi/10.3.1/thumb/v6-m/nofp/libgcc.a(_dvmd_tls.o)
                              CMakeFiles/Blink.dir/home/arun/pico/pico-sdk/src/rp2_common/pico_divider/divider.S.obj (__aeabi_idiv0)
/usr/lib/gcc/arm-none-eabi/10.3.1/../../../arm-none-eabi/lib/thumb/v6-m/nofp/libg.a(lib_a-atexit.o)
                              /usr/lib/gcc/arm-none-eabi/10.3.1/../../../arm-none-eabi/lib/thumb/v6-m/nofp/crt0.o (atexit)
/usr/lib/gcc/arm-none-eabi/10.3.1/../../../arm-none-eabi/lib/thumb/v6-m/nofp/libg.a(lib_a-calloc.o)
                              CMakeFiles/Blink.dir/home/arun/pico/pico-sdk/src/rp2_common/pico_malloc/pico_malloc.c.obj (calloc)
/usr/lib/gcc/arm-none-eabi/10.3.1/../../../arm-none-eabi/lib/thumb/v6-m/nofp/libg.a(lib_a-callocr.o)
                              /usr/lib/gcc/arm-none-eabi/10.3.1/../../../arm-none-eabi/lib/thumb/v6-m/nofp/libg.a(lib_a-calloc.o) (_calloc_r)
/usr/lib/gcc/arm-none-eabi/10.3.1/../../../arm-none-eabi/lib/thumb/v6-m/nofp/libg.a(lib_a-fini.o)
                              /usr/lib/gcc/arm-none-eabi/10.3.1/../../../arm-none-eabi/lib/thumb/v6-m/nofp/crt0.o (__libc_fini_array)
/usr/lib/gcc/arm-none-eabi/10.3.1/../../../arm-none-eabi/lib/thumb/v6-m/nofp/libg.a(lib_a-impure.o)
                              /usr/lib/gcc/arm-none-eabi/10.3.1/../../../arm-none-eabi/lib/thumb/v6-m/nofp/libg.a(lib_a-calloc.o) (_impure_ptr)
/usr/lib/gcc/arm-none-eabi/10.3.1/../../../arm-none-eabi/lib/thumb/v6-m/nofp/libg.a(lib_a-init.o)
                              /usr/lib/gcc/arm-none-eabi/10.3.1/../../../arm-none-eabi/lib/thumb/v6-m/nofp/crt0.o (__libc_init_array)
/usr/lib/gcc/arm-none-eabi/10.3.1/../../../arm-none-eabi/lib/thumb/v6-m/nofp/libg.a(lib_a-malloc.o)
                              CMakeFiles/Blink.dir/home/arun/pico/pico-sdk/src/rp2_common/pico_malloc/pico_malloc.c.obj (malloc)
/usr/lib/gcc/arm-none-eabi/10.3.1/../../../arm-none-eabi/lib/thumb/v6-m/nofp/libg.a(lib_a-mallocr.o)
                              /usr/lib/gcc/arm-none-eabi/10.3.1/../../../arm-none-eabi/lib/thumb/v6-m/nofp/libg.a(lib_a-callocr.o) (_malloc_r)
/usr/lib/gcc/arm-none-eabi/10.3.1/../../../arm-none-eabi/lib/thumb/v6-m/nofp/libg.a(lib_a-mlock.o)
                              /usr/lib/gcc/arm-none-eabi/10.3.1/../../../arm-none-eabi/lib/thumb/v6-m/nofp/libg.a(lib_a-mallocr.o) (__malloc_lock)
/usr/lib/gcc/arm-none-eabi/10.3.1/../../../arm-none-eabi/lib/thumb/v6-m/nofp/libg.a(lib_a-realloc.o)
                              CMakeFiles/Blink.dir/home/arun/pico/pico-sdk/src/rp2_common/pico_malloc/pico_malloc.c.obj (realloc)
/usr/lib/gcc/arm-none-eabi/10.3.1/../../../arm-none-eabi/lib/thumb/v6-m/nofp/libg.a(lib_a-reallocr.o)
                              /usr/lib/gcc/arm-none-eabi/10.3.1/../../../arm-none-eabi/lib/thumb/v6-m/nofp/libg.a(lib_a-realloc.o) (_realloc_r)
/usr/lib/gcc/arm-none-eabi/10.3.1/../../../arm-none-eabi/lib/thumb/v6-m/nofp/libg.a(lib_a-sbrkr.o)
                              /usr/lib/gcc/arm-none-eabi/10.3.1/../../../arm-none-eabi/lib/thumb/v6-m/nofp/libg.a(lib_a-mallocr.o) (_sbrk_r)
/usr/lib/gcc/arm-none-eabi/10.3.1/../../../arm-none-eabi/lib/thumb/v6-m/nofp/libg.a(lib_a-strlen-stub.o)
                              CMakeFiles/Blink.dir/home/arun/pico/pico-sdk/src/rp2_common/pico_stdio/stdio.c.obj (strlen)
/usr/lib/gcc/arm-none-eabi/10.3.1/../../../arm-none-eabi/lib/thumb/v6-m/nofp/libg.a(lib_a-__atexit.o)
                              /usr/lib/gcc/arm-none-eabi/10.3.1/../../../arm-none-eabi/lib/thumb/v6-m/nofp/libg.a(lib_a-atexit.o) (__register_exitproc)
/usr/lib/gcc/arm-none-eabi/10.3.1/../../../arm-none-eabi/lib/thumb/v6-m/nofp/libg.a(lib_a-freer.o)
                              /usr/lib/gcc/arm-none-eabi/10.3.1/../../../arm-none-eabi/lib/thumb/v6-m/nofp/libg.a(lib_a-malloc.o) (_free_r)
/usr/lib/gcc/arm-none-eabi/10.3.1/../../../arm-none-eabi/lib/thumb/v6-m/nofp/libg.a(lib_a-memmove.o)
                              /usr/lib/gcc/arm-none-eabi/10.3.1/../../../arm-none-eabi/lib/thumb/v6-m/nofp/libg.a(lib_a-reallocr.o) (memmove)
/usr/lib/gcc/arm-none-eabi/10.3.1/../../../arm-none-eabi/lib/thumb/v6-m/nofp/libg.a(lib_a-reent.o)
                              /usr/lib/gcc/arm-none-eabi/10.3.1/../../../arm-none-eabi/lib/thumb/v6-m/nofp/libg.a(lib_a-sbrkr.o) (errno)

Discarded input sections

 .text          0x0000000000000000        0x0 /usr/lib/gcc/arm-none-eabi/10.3.1/thumb/v6-m/nofp/crti.o
 .data          0x0000000000000000        0x0 /usr/lib/gcc/arm-none-eabi/10.3.1/thumb/v6-m/nofp/crti.o
 .bss           0x0000000000000000        0x0 /usr/lib/gcc/arm-none-eabi/10.3.1/thumb/v6-m/nofp/crti.o
 .data          0x0000000000000000        0x4 /usr/lib/gcc/arm-none-eabi/10.3.1/thumb/v6-m/nofp/crtbegin.o
 .rodata        0x0000000000000000       0x24 /usr/lib/gcc/arm-none-eabi/10.3.1/thumb/v6-m/nofp/crtbegin.o
 .fini_array    0x0000000000000000        0x4 /usr/lib/gcc/arm-none-eabi/10.3.1/thumb/v6-m/nofp/crtbegin.o
[...]
Memory Configuration

Name             Origin             Length             Attributes
FLASH            0x0000000010000000 0x0000000000200000 xr
RAM              0x0000000020000000 0x0000000000040000 xrw
SCRATCH_X        0x0000000020040000 0x0000000000001000 xrw
SCRATCH_Y        0x0000000020041000 0x0000000000001000 xrw
*default*        0x0000000000000000 0xffffffffffffffff

Linker script and memory map

LOAD /usr/lib/gcc/arm-none-eabi/10.3.1/thumb/v6-m/nofp/crti.o
LOAD /usr/lib/gcc/arm-none-eabi/10.3.1/thumb/v6-m/nofp/crtbegin.o
LOAD /usr/lib/gcc/arm-none-eabi/10.3.1/../../../arm-none-eabi/lib/thumb/v6-m/nofp/crt0.o

.flash_begin    0x0000000010000000        0x0
                0x0000000010000000                __flash_binary_start = .

.boot2          0x0000000010000000      0x100
                0x0000000010000000                __boot2_start__ = .
 *(.boot2)
 .boot2         0x0000000010000000      0x100 /tmp/ccOEIqtz.o
                0x0000000010000100                __boot2_end__ = .
                0x0000000000000001                ASSERT (((__boot2_end__ - __boot2_start__) == 0x100), ERROR: Pico second stage bootloader must be 256 bytes in size)

.text           0x0000000010000100     0x42b0
                0x0000000010000100                __logical_binary_start = .
 *(.vectors)
 .vectors       0x0000000010000100       0xd4 CMakeFiles/Blink.dir/home/arun/pico/pico-sdk/src/rp2_common/pico_standard_link/crt0.S.obj
                0x0000000010000100                __vectors
                0x0000000010000100                __VECTOR_TABLE
                0x00000000100001c0                isr_invalid
                0x00000000100001c0                __default_isrs_start
                0x00000000100001c2                isr_nmi
                0x00000000100001c4                isr_hardfault
                0x00000000100001c6                isr_svcall
                0x00000000100001c8                isr_pendsv
                0x00000000100001ca                isr_systick
                0x00000000100001cc                isr_irq30
                0x00000000100001cc                __unhandled_user_irq
                0x00000000100001cc                isr_irq13
                0x00000000100001cc                isr_irq27
                0x00000000100001cc                isr_irq31
                0x00000000100001cc                isr_irq5
                0x00000000100001cc                isr_irq11
                0x00000000100001cc                isr_irq23
                0x00000000100001cc                isr_irq18
                0x00000000100001cc                isr_irq28
                0x00000000100001cc                isr_irq19
                0x00000000100001cc                isr_irq0
                0x00000000100001cc                isr_irq6
                0x00000000100001cc                isr_irq22
                0x00000000100001cc                isr_irq17
                0x00000000100001cc                isr_irq14
                0x00000000100001cc                isr_irq2
                0x00000000100001cc                isr_irq10
                0x00000000100001cc                isr_irq8
                0x00000000100001cc                isr_irq24
                0x00000000100001cc                isr_irq1
                0x00000000100001cc                isr_irq7
                0x00000000100001cc                isr_irq21
                0x00000000100001cc                isr_irq20
                0x00000000100001cc                isr_irq15
                0x00000000100001cc                isr_irq25
                0x00000000100001cc                isr_irq4
                0x00000000100001cc                isr_irq16
                0x00000000100001cc                isr_irq29
                0x00000000100001cc                isr_irq26
                0x00000000100001cc                __default_isrs_end
                0x00000000100001cc                isr_irq3
                0x00000000100001cc                isr_irq12
                0x00000000100001cc                isr_irq9
                0x00000000100001d2                unhandled_user_irq_num_in_r0
 *(.binary_info_header)
 .binary_info_header
                0x00000000100001d4       0x14 CMakeFiles/Blink.dir/home/arun/pico/pico-sdk/src/rp2_common/pico_standard_link/crt0.S.obj
                0x00000000100001e8                __binary_info_header_end = .
 *(.reset)
 .reset         0x00000000100001e8       0xa0 CMakeFiles/Blink.dir/home/arun/pico/pico-sdk/src/rp2_common/pico_standard_link/crt0.S.obj
                0x00000000100001e8                _entry_point
 .reset         0x0000000010000288       0x30 CMakeFiles/Blink.dir/home/arun/pico/pico-sdk/src/rp2_common/pico_standard_link/binary_info.c.obj
 *(.init)
 .init          0x00000000100002b8        0x4 /usr/lib/gcc/arm-none-eabi/10.3.1/thumb/v6-m/nofp/crti.o
                0x00000000100002b8                _init
 *(EXCLUDE_FILE(*libm.a: *libc.a:*lib_a-mem*.o *libgcc.a:) .text*)
 .text          0x00000000100002bc       0x98 /usr/lib/gcc/arm-none-eabi/10.3.1/thumb/v6-m/nofp/crtbegin.o
 .text.main     0x0000000010000354       0x34 CMakeFiles/Blink.dir/main.c.obj
                0x0000000010000354                main
 .text.gpio_conf_pin_mode
                0x0000000010000388       0x14 CMakeFiles/Blink.dir/home/arun/pico/GPIO_Drivers/gpio/gpio.c.obj
                0x0000000010000388                gpio_conf_pin_mode
 .text.gpio_conf_pin_dir
                0x000000001000039c       0x38 CMakeFiles/Blink.dir/home/arun/pico/GPIO_Drivers/gpio/gpio.c.obj
                0x000000001000039c                gpio_conf_pin_dir
 .text.gpio_write_to_pin
                0x00000000100003d4       0x2c CMakeFiles/Blink.dir/home/arun/pico/GPIO_Drivers/gpio/gpio.c.obj
                0x00000000100003d4                gpio_write_to_pin
 .text.running_on_fpga
                0x0000000010000400       0x14 CMakeFiles/Blink.dir/home/arun/pico/pico-sdk/src/rp2_common/pico_platform/platform.c.obj
                0x0000000010000400                running_on_fpga
 .text.hw_claim_lock
                0x0000000010000414       0x18 CMakeFiles/Blink.dir/home/arun/pico/pico-sdk/src/rp2_common/hardware_claim/claim.c.obj
                0x0000000010000414                hw_claim_lock
 .text.hw_claim_unlock
                0x000000001000042c       0x14 CMakeFiles/Blink.dir/home/arun/pico/pico-sdk/src/rp2_common/hardware_claim/claim.c.obj
                0x000000001000042c                hw_claim_unlock
 .text.hw_claim_or_assert
                0x0000000010000440       0x32 CMakeFiles/Blink.dir/home/arun/pico/pico-sdk/src/rp2_common/hardware_claim/claim.c.obj
                0x0000000010000440                hw_claim_or_assert
 *fill*         0x0000000010000472        0x2 
 .text.spin_locks_reset
                0x0000000010000474       0x20 CMakeFiles/Blink.dir/home/arun/pico/pico-sdk/src/rp2_common/hardware_sync/sync.c.obj
                0x0000000010000474                spin_locks_reset
 .text.next_striped_spin_lock_num
                0x0000000010000494       0x1c CMakeFiles/Blink.dir/home/arun/pico/pico-sdk/src/rp2_common/hardware_sync/sync.c.obj
                0x0000000010000494                next_striped_spin_lock_num
 .text.set_raw_irq_handler_and_unlock
                0x00000000100004b0       0x28 CMakeFiles/Blink.dir/home/arun/pico/pico-sdk/src/rp2_common/hardware_irq/irq.c.obj
 .text.make_branch
                0x00000000100004d8       0x48 CMakeFiles/Blink.dir/home/arun/pico/pico-sdk/src/rp2_common/hardware_irq/irq.c.obj
 .text.insert_branch_and_link
                0x0000000010000520       0x40 CMakeFiles/Blink.dir/home/arun/pico/pico-sdk/src/rp2_common/hardware_irq/irq.c.obj
 .text.irq_is_enabled
                0x0000000010000560       0x18 CMakeFiles/Blink.dir/home/arun/pico/pico-sdk/src/rp2_common/hardware_irq/irq.c.obj
                0x0000000010000560                irq_is_enabled
 .text.irq_set_mask_enabled
                0x0000000010000578       0x20 CMakeFiles/Blink.dir/home/arun/pico/pico-sdk/src/rp2_common/hardware_irq/irq.c.obj
                0x0000000010000578                irq_set_mask_enabled
 .text.irq_set_enabled
                0x0000000010000598        0xe CMakeFiles/Blink.dir/home/arun/pico/pico-sdk/src/rp2_common/hardware_irq/irq.c.obj
                0x0000000010000598                irq_set_enabled
 *fill*         0x00000000100005a6        0x2 
 .text.irq_get_vtable_handler
                0x00000000100005a8       0x10 CMakeFiles/Blink.dir/home/arun/pico/pico-sdk/src/rp2_common/hardware_irq/irq.c.obj
                0x00000000100005a8                irq_get_vtable_handler
 .text.irq_set_exclusive_handler
                0x00000000100005b8       0x54 CMakeFiles/Blink.dir/home/arun/pico/pico-sdk/src/rp2_common/hardware_irq/irq.c.obj
                0x00000000100005b8                irq_set_exclusive_handler
 .text.irq_remove_handler
                0x000000001000060c      0x1ac CMakeFiles/Blink.dir/home/arun/pico/pico-sdk/src/rp2_common/hardware_irq/irq.c.obj
                0x000000001000060c                irq_remove_handler
 .text.irq_add_tail_to_free_list
                0x00000000100007b8       0xf0 CMakeFiles/Blink.dir/home/arun/pico/pico-sdk/src/rp2_common/hardware_irq/irq.c.obj
                0x00000000100007b8                irq_add_tail_to_free_list
 .text.irq_init_priorities
                0x00000000100008a8       0x1c CMakeFiles/Blink.dir/home/arun/pico/pico-sdk/src/rp2_common/hardware_irq/irq.c.obj
                0x00000000100008a8                irq_init_priorities
 .text.lock_init
                0x00000000100008c4       0x10 CMakeFiles/Blink.dir/home/arun/pico/pico-sdk/src/common/pico_sync/lock_core.c.obj
                0x00000000100008c4                lock_init
 .text.mutex_init
                0x00000000100008d4       0x1a CMakeFiles/Blink.dir/home/arun/pico/pico-sdk/src/common/pico_sync/mutex.c.obj
                0x00000000100008d4                mutex_init
 .text.recursive_mutex_init
                0x00000000100008ee       0x1e CMakeFiles/Blink.dir/home/arun/pico/pico-sdk/src/common/pico_sync/mutex.c.obj
                0x00000000100008ee                recursive_mutex_init
 .text.alarm_pool_post_alloc_init
                0x000000001000090c       0x40 CMakeFiles/Blink.dir/home/arun/pico/pico-sdk/src/common/pico_time/time.c.obj
 .text.sleep_until_callback
                0x000000001000094c       0x30 CMakeFiles/Blink.dir/home/arun/pico/pico-sdk/src/common/pico_time/time.c.obj
 .text.timer_pool_entry_comparator
                0x000000001000097c       0x7c CMakeFiles/Blink.dir/home/arun/pico/pico-sdk/src/common/pico_time/time.c.obj
                0x000000001000097c                timer_pool_entry_comparator
 .text.ph_add_child_node
                0x00000000100009f8       0xa4 CMakeFiles/Blink.dir/home/arun/pico/pico-sdk/src/common/pico_time/time.c.obj
 .text.ph_merge_nodes
                0x0000000010000a9c       0x3e CMakeFiles/Blink.dir/home/arun/pico/pico-sdk/src/common/pico_time/time.c.obj
 *fill*         0x0000000010000ada        0x2 
 .text.add_alarm_under_lock
                0x0000000010000adc      0x174 CMakeFiles/Blink.dir/home/arun/pico/pico-sdk/src/common/pico_time/time.c.obj
 .text.alarm_pool_alarm_callback
                0x0000000010000c50      0x33c CMakeFiles/Blink.dir/home/arun/pico/pico-sdk/src/common/pico_time/time.c.obj
 .text.alarm_pool_init_default
                0x0000000010000f8c       0x40 CMakeFiles/Blink.dir/home/arun/pico/pico-sdk/src/common/pico_time/time.c.obj
                0x0000000010000f8c                alarm_pool_init_default
 .text.alarm_pool_get_default
                0x0000000010000fcc       0x2c CMakeFiles/Blink.dir/home/arun/pico/pico-sdk/src/common/pico_time/time.c.obj
                0x0000000010000fcc                alarm_pool_get_default
 .text.alarm_pool_add_alarm_at
                0x0000000010000ff8      0x168 CMakeFiles/Blink.dir/home/arun/pico/pico-sdk/src/common/pico_time/time.c.obj
                0x0000000010000ff8                alarm_pool_add_alarm_at
 .text.alarm_pool_cancel_alarm
                0x0000000010001160       0xf0 CMakeFiles/Blink.dir/home/arun/pico/pico-sdk/src/common/pico_time/time.c.obj
                0x0000000010001160                alarm_pool_cancel_alarm
 .text.sleep_until
                0x0000000010001250       0xfc CMakeFiles/Blink.dir/home/arun/pico/pico-sdk/src/common/pico_time/time.c.obj
                0x0000000010001250                sleep_until
 .text.sleep_us
                0x000000001000134c       0x58 CMakeFiles/Blink.dir/home/arun/pico/pico-sdk/src/common/pico_time/time.c.obj
                0x000000001000134c                sleep_us
 .text.sleep_ms
                0x00000000100013a4       0x14 CMakeFiles/Blink.dir/home/arun/pico/pico-sdk/src/common/pico_time/time.c.obj
                0x00000000100013a4                sleep_ms
 .text.best_effort_wfe_or_timeout
                0x00000000100013b8       0xac CMakeFiles/Blink.dir/home/arun/pico/pico-sdk/src/common/pico_time/time.c.obj
                0x00000000100013b8                best_effort_wfe_or_timeout
 .text.hardware_alarm_irq_handler
                0x0000000010001464       0x90 CMakeFiles/Blink.dir/home/arun/pico/pico-sdk/src/rp2_common/hardware_timer/timer.c.obj
 .text.hardware_alarm_claim
                0x00000000100014f4       0x18 CMakeFiles/Blink.dir/home/arun/pico/pico-sdk/src/rp2_common/hardware_timer/timer.c.obj
                0x00000000100014f4                hardware_alarm_claim
 .text.time_us_64
                0x000000001000150c       0x18 CMakeFiles/Blink.dir/home/arun/pico/pico-sdk/src/rp2_common/hardware_timer/timer.c.obj
                0x000000001000150c                time_us_64
 .text.busy_wait_until
                0x0000000010001524       0x28 CMakeFiles/Blink.dir/home/arun/pico/pico-sdk/src/rp2_common/hardware_timer/timer.c.obj
                0x0000000010001524                busy_wait_until
 .text.hardware_alarm_set_callback
                0x000000001000154c       0x90 CMakeFiles/Blink.dir/home/arun/pico/pico-sdk/src/rp2_common/hardware_timer/timer.c.obj
                0x000000001000154c                hardware_alarm_set_callback
 .text.hardware_alarm_set_target
                0x00000000100015dc       0xe8 CMakeFiles/Blink.dir/home/arun/pico/pico-sdk/src/rp2_common/hardware_timer/timer.c.obj
                0x00000000100015dc                hardware_alarm_set_target
 .text.hardware_alarm_cancel
                0x00000000100016c4       0x40 CMakeFiles/Blink.dir/home/arun/pico/pico-sdk/src/rp2_common/hardware_timer/timer.c.obj
                0x00000000100016c4                hardware_alarm_cancel
 .text.ph_add_child_node
                0x0000000010001704       0xa4 CMakeFiles/Blink.dir/home/arun/pico/pico-sdk/src/common/pico_util/pheap.c.obj
 .text.ph_merge_nodes
                0x00000000100017a8       0x3e CMakeFiles/Blink.dir/home/arun/pico/pico-sdk/src/common/pico_util/pheap.c.obj
 *fill*         0x00000000100017e6        0x2 
 .text.ph_clear
                0x00000000100017e8       0x70 CMakeFiles/Blink.dir/home/arun/pico/pico-sdk/src/common/pico_util/pheap.c.obj
                0x00000000100017e8                ph_clear
 .text.ph_post_alloc_init
                0x0000000010001858        0xe CMakeFiles/Blink.dir/home/arun/pico/pico-sdk/src/common/pico_util/pheap.c.obj
                0x0000000010001858                ph_post_alloc_init
 *fill*         0x0000000010001866        0x2 
 .text.ph_merge_two_pass
                0x0000000010001868       0xa8 CMakeFiles/Blink.dir/home/arun/pico/pico-sdk/src/common/pico_util/pheap.c.obj
                0x0000000010001868                ph_merge_two_pass
 .text.ph_remove_any_head
                0x0000000010001910      0x128 CMakeFiles/Blink.dir/home/arun/pico/pico-sdk/src/common/pico_util/pheap.c.obj
 .text.ph_remove_head
                0x0000000010001a38       0x14 CMakeFiles/Blink.dir/home/arun/pico/pico-sdk/src/common/pico_util/pheap.c.obj
                0x0000000010001a38                ph_remove_head
 .text.ph_remove_and_free_node
                0x0000000010001a4c       0xf8 CMakeFiles/Blink.dir/home/arun/pico/pico-sdk/src/common/pico_util/pheap.c.obj
                0x0000000010001a4c                ph_remove_and_free_node
 .text.clock_configure
                0x0000000010001b44      0x104 CMakeFiles/Blink.dir/home/arun/pico/pico-sdk/src/rp2_common/hardware_clocks/clocks.c.obj
                0x0000000010001b44                clock_configure
 .text.clocks_init
                0x0000000010001c48      0x100 CMakeFiles/Blink.dir/home/arun/pico/pico-sdk/src/rp2_common/hardware_clocks/clocks.c.obj
                0x0000000010001c48                clocks_init
 .text.pll_init
                0x0000000010001d48      0x12c CMakeFiles/Blink.dir/home/arun/pico/pico-sdk/src/rp2_common/hardware_pll/pll.c.obj
                0x0000000010001d48                pll_init
 .text.watchdog_start_tick
                0x0000000010001e74       0x10 CMakeFiles/Blink.dir/home/arun/pico/pico-sdk/src/rp2_common/hardware_watchdog/watchdog.c.obj
                0x0000000010001e74                watchdog_start_tick
 .text.xosc_init
                0x0000000010001e84       0x28 CMakeFiles/Blink.dir/home/arun/pico/pico-sdk/src/rp2_common/hardware_xosc/xosc.c.obj
                0x0000000010001e84                xosc_init
 .text._exit    0x0000000010001eac        0x4 CMakeFiles/Blink.dir/home/arun/pico/pico-sdk/src/rp2_common/pico_runtime/runtime.c.obj
                0x0000000010001eac                _exit
 .text.exit     0x0000000010001eb0        0x6 CMakeFiles/Blink.dir/home/arun/pico/pico-sdk/src/rp2_common/pico_runtime/runtime.c.obj
                0x0000000010001eb0                exit
 *fill*         0x0000000010001eb6        0x2 
 .text.__assert_func
                0x0000000010001eb8       0x3c CMakeFiles/Blink.dir/home/arun/pico/pico-sdk/src/rp2_common/pico_runtime/runtime.c.obj
                0x0000000010001eb8                __assert_func
 .text.runtime_init
                0x0000000010001ef4       0xf8 CMakeFiles/Blink.dir/home/arun/pico/pico-sdk/src/rp2_common/pico_runtime/runtime.c.obj
                0x0000000010001ef4                runtime_init
 .text.panic    0x0000000010001fec       0x30 CMakeFiles/Blink.dir/home/arun/pico/pico-sdk/src/rp2_common/pico_runtime/runtime.c.obj
                0x0000000010001fec                panic
 .text._out_null
                0x000000001000201c        0x2 CMakeFiles/Blink.dir/home/arun/pico/pico-sdk/src/rp2_common/pico_printf/printf.c.obj
 .text._out_fct
                0x000000001000201e        0xe CMakeFiles/Blink.dir/home/arun/pico/pico-sdk/src/rp2_common/pico_printf/printf.c.obj
 .text._atoi    0x000000001000202c       0x24 CMakeFiles/Blink.dir/home/arun/pico/pico-sdk/src/rp2_common/pico_printf/printf.c.obj
 .text._out_rev
                0x0000000010002050       0xae CMakeFiles/Blink.dir/home/arun/pico/pico-sdk/src/rp2_common/pico_printf/printf.c.obj
 .text._ntoa_format
                0x00000000100020fe      0x112 CMakeFiles/Blink.dir/home/arun/pico/pico-sdk/src/rp2_common/pico_printf/printf.c.obj
 .text._ntoa_long
                0x0000000010002210       0xbc CMakeFiles/Blink.dir/home/arun/pico/pico-sdk/src/rp2_common/pico_printf/printf.c.obj
 .text._ntoa_long_long
                0x00000000100022cc       0xe2 CMakeFiles/Blink.dir/home/arun/pico/pico-sdk/src/rp2_common/pico_printf/printf.c.obj
 *fill*         0x00000000100023ae        0x2 
 .text._etoa    0x00000000100023b0      0x414 CMakeFiles/Blink.dir/home/arun/pico/pico-sdk/src/rp2_common/pico_printf/printf.c.obj
 .text._ftoa    0x00000000100027c4      0x354 CMakeFiles/Blink.dir/home/arun/pico/pico-sdk/src/rp2_common/pico_printf/printf.c.obj
 .text._vsnprintf
                0x0000000010002b18      0x624 CMakeFiles/Blink.dir/home/arun/pico/pico-sdk/src/rp2_common/pico_printf/printf.c.obj
 .text.vfctprintf
                0x000000001000313c       0x20 CMakeFiles/Blink.dir/home/arun/pico/pico-sdk/src/rp2_common/pico_printf/printf.c.obj
                0x000000001000313c                vfctprintf
 .text          0x000000001000315c       0x10 CMakeFiles/Blink.dir/home/arun/pico/pico-sdk/src/rp2_common/pico_bit_ops/bit_ops_aeabi.S.obj
 .text.rom_func_lookup
                0x000000001000316c       0x10 CMakeFiles/Blink.dir/home/arun/pico/pico-sdk/src/rp2_common/pico_bootrom/bootrom.c.obj
                0x000000001000316c                rom_func_lookup
 .text.rom_data_lookup
                0x000000001000317c       0x10 CMakeFiles/Blink.dir/home/arun/pico/pico-sdk/src/rp2_common/pico_bootrom/bootrom.c.obj
                0x000000001000317c                rom_data_lookup
 .text.rom_funcs_lookup
                0x000000001000318c       0x36 CMakeFiles/Blink.dir/home/arun/pico/pico-sdk/src/rp2_common/pico_bootrom/bootrom.c.obj
                0x000000001000318c                rom_funcs_lookup
 *fill*         0x00000000100031c2        0x2 
 .text.__wrap___aeabi_idiv
                0x00000000100031c4       0x50 CMakeFiles/Blink.dir/home/arun/pico/pico-sdk/src/rp2_common/pico_divider/divider.S.obj
                0x00000000100031c4                __wrap___aeabi_idivmod
                0x00000000100031c4                divmod_s32s32
                0x00000000100031c4                div_s32s32
                0x00000000100031c4                __wrap___aeabi_idiv
                0x00000000100031cc                divmod_s32s32_unsafe
                0x00000000100031f8                divmod_s32s32_savestate
 .text.__wrap___aeabi_uidiv
                0x0000000010003214       0x4c CMakeFiles/Blink.dir/home/arun/pico/pico-sdk/src/rp2_common/pico_divider/divider.S.obj
                0x0000000010003214                __wrap___aeabi_uidiv
                0x0000000010003214                __wrap___aeabi_uidivmod
                0x0000000010003214                div_u32u32
                0x0000000010003214                divmod_u32u32
                0x000000001000321c                divmod_u32u32_unsafe
                0x0000000010003244                divmod_u32u32_savestate
 .text.__wrap___aeabi_ldiv
                0x0000000010003260      0x424 CMakeFiles/Blink.dir/home/arun/pico/pico-sdk/src/rp2_common/pico_divider/divider.S.obj
                0x0000000010003260                div_s64s64
                0x0000000010003260                divmod_s64s64
                0x0000000010003260                __wrap___aeabi_ldivmod
                0x0000000010003290                div_u64u64
                0x0000000010003290                divmod_u64u64
                0x0000000010003290                __wrap___aeabi_uldivmod
                0x00000000100032a0                divmod_u64u64_savestate
                0x00000000100032c0                divmod_s64s64_unsafe
                0x0000000010003348                divmod_u64u64_unsafe
 .text.__wrap___aeabi_darithmetic
                0x0000000010003684       0x80 CMakeFiles/Blink.dir/home/arun/pico/pico-sdk/src/rp2_common/pico_double/double_aeabi.S.obj
                0x0000000010003684                __wrap___aeabi_drsub
                0x000000001000368a                __wrap___aeabi_dsub
                0x000000001000369c                __wrap___aeabi_dadd
                0x00000000100036ae                __wrap___aeabi_ddiv
                0x00000000100036ea                __wrap___aeabi_dmul
 .text.__wrap___aeabi_cdcmple
                0x0000000010003704       0x6c CMakeFiles/Blink.dir/home/arun/pico/pico-sdk/src/rp2_common/pico_double/double_aeabi.S.obj
                0x0000000010003704                __wrap___aeabi_cdrcmple
                0x0000000010003714                __wrap___aeabi_cdcmple
                0x0000000010003714                __wrap___aeabi_cdcmpeq
 .text.__wrap___aeabi_dcmplt
                0x0000000010003770        0xc CMakeFiles/Blink.dir/home/arun/pico/pico-sdk/src/rp2_common/pico_double/double_aeabi.S.obj
                0x0000000010003770                __wrap___aeabi_dcmplt
 .text.__wrap___aeabi_dcmple
                0x000000001000377c       0x10 CMakeFiles/Blink.dir/home/arun/pico/pico-sdk/src/rp2_common/pico_double/double_aeabi.S.obj
                0x000000001000377c                __wrap___aeabi_dcmple
 .text.__wrap___aeabi_dcmpge
                0x000000001000378c       0x10 CMakeFiles/Blink.dir/home/arun/pico/pico-sdk/src/rp2_common/pico_double/double_aeabi.S.obj
                0x000000001000378c                __wrap___aeabi_dcmpge
 .text.__wrap___aeabi_dcmpgt
                0x000000001000379c        0xa CMakeFiles/Blink.dir/home/arun/pico/pico-sdk/src/rp2_common/pico_double/double_aeabi.S.obj
                0x000000001000379c                __wrap___aeabi_dcmpgt
 .text.__wrap___aeabi_dcmpun
                0x00000000100037a6       0x1c CMakeFiles/Blink.dir/home/arun/pico/pico-sdk/src/rp2_common/pico_double/double_aeabi.S.obj
                0x00000000100037a6                __wrap___aeabi_dcmpun
 *fill*         0x00000000100037c2        0x2 
 .text.__wrap___aeabi_i2d
                0x00000000100037c4       0x38 CMakeFiles/Blink.dir/home/arun/pico/pico-sdk/src/rp2_common/pico_double/double_aeabi.S.obj
                0x00000000100037c4                __wrap___aeabi_ui2d
                0x00000000100037cc                __wrap___aeabi_i2d
 .text.__wrap___aeabi_d2iz
                0x00000000100037fc       0x48 CMakeFiles/Blink.dir/home/arun/pico/pico-sdk/src/rp2_common/pico_double/double_aeabi.S.obj
                0x00000000100037fc                __wrap___aeabi_d2iz
                0x00000000100037fc                double2int_z
 .text.__wrap___aeabi_d2uiz
                0x0000000010003844       0x18 CMakeFiles/Blink.dir/home/arun/pico/pico-sdk/src/rp2_common/pico_double/double_aeabi.S.obj
                0x0000000010003844                double2uint
                0x0000000010003844                __wrap___aeabi_d2uiz
 .text.__aeabi_double_init
                0x000000001000385c       0xc8 CMakeFiles/Blink.dir/home/arun/pico/pico-sdk/src/rp2_common/pico_double/double_init_rom.c.obj
                0x000000001000385c                __aeabi_double_init
 .text.double_table_shim_on_use_helper
                0x0000000010003924       0x34 CMakeFiles/Blink.dir/home/arun/pico/pico-sdk/src/rp2_common/pico_double/double_v1_rom_shim.S.obj
                0x0000000010003924                double_table_shim_on_use_helper
 .text.__wrap___aeabi_dsub
                0x0000000010003958       0x10 CMakeFiles/Blink.dir/home/arun/pico/pico-sdk/src/rp2_common/pico_double/double_v1_rom_shim.S.obj
                0x0000000010003958                drsub_shim
                0x000000001000395e                dsub_shim
 .text.dadd_shim
                0x0000000010003968      0x15c CMakeFiles/Blink.dir/home/arun/pico/pico-sdk/src/rp2_common/pico_double/double_v1_rom_shim.S.obj
                0x0000000010003968                dadd_shim
 .text.dmul_shim
                0x0000000010003ac4      0x15c CMakeFiles/Blink.dir/home/arun/pico/pico-sdk/src/rp2_common/pico_double/double_v1_rom_shim.S.obj
                0x0000000010003ac4                dmul_shim
 .text.ddiv_shim
                0x0000000010003c20      0x1b0 CMakeFiles/Blink.dir/home/arun/pico/pico-sdk/src/rp2_common/pico_double/double_v1_rom_shim.S.obj
                0x0000000010003c20                ddiv_shim
 .text.double2uint_shim
                0x0000000010003dd0        0xe CMakeFiles/Blink.dir/home/arun/pico/pico-sdk/src/rp2_common/pico_double/double_v1_rom_shim.S.obj
                0x0000000010003dd0                double2uint_shim
                0x0000000010003dd2                double2ufix_shim
 *fill*         0x0000000010003dde        0x2 
 .text.double2uint64_shim
                0x0000000010003de0       0x70 CMakeFiles/Blink.dir/home/arun/pico/pico-sdk/src/rp2_common/pico_double/double_v1_rom_shim.S.obj
                0x0000000010003de0                double2uint64_shim
                0x0000000010003de2                double2ufix64_shim
                0x0000000010003e02                d2fix_a
 .text.dunpacks
                0x0000000010003e50       0x3c CMakeFiles/Blink.dir/home/arun/pico/pico-sdk/src/rp2_common/pico_double/double_v1_rom_shim.S.obj
                0x0000000010003e50                dunpacks
 .text.__aeabi_lmul
                0x0000000010003e8c       0x32 CMakeFiles/Blink.dir/home/arun/pico/pico-sdk/src/rp2_common/pico_int64_ops/pico_int64_ops_aeabi.S.obj
                0x0000000010003e8c                __wrap___aeabi_lmul
 *fill*         0x0000000010003ebe        0x2 
 .text.__aeabi_float_init
                0x0000000010003ec0       0xfc CMakeFiles/Blink.dir/home/arun/pico/pico-sdk/src/rp2_common/pico_float/float_init_rom.c.obj
                0x0000000010003ec0                __aeabi_float_init
 .text.float_table_shim_on_use_helper
                0x0000000010003fbc       0x34 CMakeFiles/Blink.dir/home/arun/pico/pico-sdk/src/rp2_common/pico_float/float_v1_rom_shim.S.obj
                0x0000000010003fbc                float_table_shim_on_use_helper
 .text          0x0000000010003ff0       0x10 CMakeFiles/Blink.dir/home/arun/pico/pico-sdk/src/rp2_common/pico_mem_ops/mem_ops_aeabi.S.obj
                0x0000000010003ff0                __aeabi_mem_init
 .text.memset   0x0000000010004000        0xc CMakeFiles/Blink.dir/home/arun/pico/pico-sdk/src/rp2_common/pico_mem_ops/mem_ops_aeabi.S.obj
                0x0000000010004000                __wrap_memset
 .text.memcpy   0x000000001000400c        0xc CMakeFiles/Blink.dir/home/arun/pico/pico-sdk/src/rp2_common/pico_mem_ops/mem_ops_aeabi.S.obj
                0x000000001000400c                __wrap___aeabi_memcpy
                0x000000001000400c                __wrap_memcpy
 .text.stdio_out_chars_no_crlf
                0x0000000010004018        0xe CMakeFiles/Blink.dir/home/arun/pico/pico-sdk/src/rp2_common/pico_stdio/stdio.c.obj
 *fill*         0x0000000010004026        0x2 
 .text.stdio_out_chars_crlf
                0x0000000010004028       0x80 CMakeFiles/Blink.dir/home/arun/pico/pico-sdk/src/rp2_common/pico_stdio/stdio.c.obj
 .text.stdio_stack_buffer_flush
                0x00000000100040a8       0x44 CMakeFiles/Blink.dir/home/arun/pico/pico-sdk/src/rp2_common/pico_stdio/stdio.c.obj
 .text.stdio_buffered_printer
                0x00000000100040ec       0x20 CMakeFiles/Blink.dir/home/arun/pico/pico-sdk/src/rp2_common/pico_stdio/stdio.c.obj
 .text.stdout_serialize_begin
                0x000000001000410c       0x5c CMakeFiles/Blink.dir/home/arun/pico/pico-sdk/src/rp2_common/pico_stdio/stdio.c.obj
                0x000000001000410c                stdout_serialize_begin
 .text.stdout_serialize_end
                0x0000000010004168       0x10 CMakeFiles/Blink.dir/home/arun/pico/pico-sdk/src/rp2_common/pico_stdio/stdio.c.obj
                0x0000000010004168                stdout_serialize_end
 .text.stdio_put_string
                0x0000000010004178       0x98 CMakeFiles/Blink.dir/home/arun/pico/pico-sdk/src/rp2_common/pico_stdio/stdio.c.obj
 .text.stdio_flush
                0x0000000010004210       0x20 CMakeFiles/Blink.dir/home/arun/pico/pico-sdk/src/rp2_common/pico_stdio/stdio.c.obj
                0x0000000010004210                stdio_flush
 .text.__wrap_puts
                0x0000000010004230       0x1e CMakeFiles/Blink.dir/home/arun/pico/pico-sdk/src/rp2_common/pico_stdio/stdio.c.obj
                0x0000000010004230                __wrap_puts
 *fill*         0x000000001000424e        0x2 
 .text.__wrap_vprintf
                0x0000000010004250       0x40 CMakeFiles/Blink.dir/home/arun/pico/pico-sdk/src/rp2_common/pico_stdio/stdio.c.obj
                0x0000000010004250                __wrap_vprintf
 .text.__wrap_printf
                0x0000000010004290       0x18 CMakeFiles/Blink.dir/home/arun/pico/pico-sdk/src/rp2_common/pico_stdio/stdio.c.obj
                0x0000000010004290                __wrap_printf
 .text._retrieve_unique_id_on_boot
                0x00000000100042a8       0x10 CMakeFiles/Blink.dir/home/arun/pico/pico-sdk/src/rp2_common/pico_unique_id/unique_id.c.obj
 .text.flash_get_unique_id
                0x00000000100042b8       0x46 CMakeFiles/Blink.dir/home/arun/pico/pico-sdk/src/rp2_common/hardware_flash/flash.c.obj
                0x00000000100042b8                flash_get_unique_id
 *fill*         0x00000000100042fe        0x2 
 .text          0x0000000010004300       0x5c /usr/lib/gcc/arm-none-eabi/10.3.1/../../../arm-none-eabi/lib/thumb/v6-m/nofp/libg.a(lib_a-strlen-stub.o)
                0x0000000010004300                strlen
 *(.fini)
 .fini          0x000000001000435c        0x4 /usr/lib/gcc/arm-none-eabi/10.3.1/thumb/v6-m/nofp/crti.o
                0x000000001000435c                _fini
 .fini.__stub   0x0000000010004360       0x50 linker stubs
 *crtbegin.o(.ctors)
 *crtbegin?.o(.ctors)
 *(EXCLUDE_FILE(*crtend.o *crtend?.o) .ctors)
 *(SORT_BY_NAME(.ctors.*))
 *(.ctors)
 *crtbegin.o(.dtors)
 *crtbegin?.o(.dtors)
 *(EXCLUDE_FILE(*crtend.o *crtend?.o) .dtors)
 *(SORT_BY_NAME(.dtors.*))
 *(.dtors)
 *(.eh_frame*)
 .eh_frame      0x00000000100043b0        0x0 /usr/lib/gcc/arm-none-eabi/10.3.1/thumb/v6-m/nofp/crtbegin.o
                0x00000000100043b0                . = ALIGN (0x4)

.glue_7         0x00000000100043b0        0x0
 .glue_7        0x00000000100043b0        0x0 linker stubs

.glue_7t        0x00000000100043b0        0x0
 .glue_7t       0x00000000100043b0        0x0 linker stubs

.vfp11_veneer   0x00000000100043b0        0x0
 .vfp11_veneer  0x00000000100043b0        0x0 linker stubs

.v4_bx          0x00000000100043b0        0x0
 .v4_bx         0x00000000100043b0        0x0 linker stubs

.iplt           0x00000000100043b0        0x0
 .iplt          0x00000000100043b0        0x0 /usr/lib/gcc/arm-none-eabi/10.3.1/thumb/v6-m/nofp/crtbegin.o

.rodata         0x00000000100043b0     0x103c
 *(EXCLUDE_FILE(*libm.a: *libc.a:*lib_a-mem*.o *libgcc.a:) .rodata*)
 .rodata.make_branch.str1.4
                0x00000000100043b0       0x6b CMakeFiles/Blink.dir/home/arun/pico/pico-sdk/src/rp2_common/hardware_irq/irq.c.obj
 *fill*         0x000000001000441b        0x1 
 .rodata.insert_branch_and_link.str1.4
                0x000000001000441c       0x10 CMakeFiles/Blink.dir/home/arun/pico/pico-sdk/src/rp2_common/hardware_irq/irq.c.obj
 .rodata.irq_set_exclusive_handler.str1.4
                0x000000001000442c       0x36 CMakeFiles/Blink.dir/home/arun/pico/pico-sdk/src/rp2_common/hardware_irq/irq.c.obj
 *fill*         0x0000000010004462        0x2 
 .rodata.irq_add_shared_handler.str1.4
                0x0000000010004464       0xd9 CMakeFiles/Blink.dir/home/arun/pico/pico-sdk/src/rp2_common/hardware_irq/irq.c.obj
 *fill*         0x000000001000453d        0x3 
 .rodata.irq_remove_handler.str1.4
                0x0000000010004540       0x3a CMakeFiles/Blink.dir/home/arun/pico/pico-sdk/src/rp2_common/hardware_irq/irq.c.obj
 *fill*         0x000000001000457a        0x2 
 .rodata.irq_add_tail_to_free_list.str1.4
                0x000000001000457c       0x3a CMakeFiles/Blink.dir/home/arun/pico/pico-sdk/src/rp2_common/hardware_irq/irq.c.obj
 *fill*         0x00000000100045b6        0x2 
 .rodata.__func__.0
                0x00000000100045b8       0x1a CMakeFiles/Blink.dir/home/arun/pico/pico-sdk/src/rp2_common/hardware_irq/irq.c.obj
 *fill*         0x00000000100045d2        0x2 
 .rodata.__func__.1
                0x00000000100045d4       0x17 CMakeFiles/Blink.dir/home/arun/pico/pico-sdk/src/rp2_common/hardware_irq/irq.c.obj
 *fill*         0x00000000100045eb        0x1 
 .rodata.__func__.2
                0x00000000100045ec       0x13 CMakeFiles/Blink.dir/home/arun/pico/pico-sdk/src/rp2_common/hardware_irq/irq.c.obj
 *fill*         0x00000000100045ff        0x1 
 .rodata.__func__.3
                0x0000000010004600        0xc CMakeFiles/Blink.dir/home/arun/pico/pico-sdk/src/rp2_common/hardware_irq/irq.c.obj
 .rodata.__func__.4
                0x000000001000460c        0xf CMakeFiles/Blink.dir/home/arun/pico/pico-sdk/src/rp2_common/hardware_irq/irq.c.obj
 *fill*         0x000000001000461b        0x1 
 .rodata.__func__.6
                0x000000001000461c       0x1a CMakeFiles/Blink.dir/home/arun/pico/pico-sdk/src/rp2_common/hardware_irq/irq.c.obj
 *fill*         0x0000000010004636        0x2 
 .rodata.str1.4
                0x0000000010004638       0xe9 CMakeFiles/Blink.dir/home/arun/pico/pico-sdk/src/common/pico_sync/mutex.c.obj
 *fill*         0x0000000010004721        0x3 
 .rodata.__func__.1
                0x0000000010004724        0xb CMakeFiles/Blink.dir/home/arun/pico/pico-sdk/src/common/pico_sync/mutex.c.obj
 *fill*         0x000000001000472f        0x1 
 .rodata.__func__.3
                0x0000000010004730       0x18 CMakeFiles/Blink.dir/home/arun/pico/pico-sdk/src/common/pico_sync/mutex.c.obj
 .rodata.repeating_timer_callback.str1.4
                0x0000000010004748       0x49 CMakeFiles/Blink.dir/home/arun/pico/pico-sdk/src/common/pico_time/time.c.obj
 *fill*         0x0000000010004791        0x3 
 .rodata.timer_pool_entry_comparator.str1.4
                0x0000000010004794       0x22 CMakeFiles/Blink.dir/home/arun/pico/pico-sdk/src/common/pico_time/time.c.obj
 *fill*         0x00000000100047b6        0x2 
 .rodata.ph_add_child_node.str1.4
                0x00000000100047b8       0x92 CMakeFiles/Blink.dir/home/arun/pico/pico-sdk/src/common/pico_time/time.c.obj
 *fill*         0x000000001000484a        0x2 
 .rodata.add_alarm_under_lock.str1.4
                0x000000001000484c       0x28 CMakeFiles/Blink.dir/home/arun/pico/pico-sdk/src/common/pico_time/time.c.obj
                                         0x2b (size before relaxing)
 .rodata.alarm_pool_alarm_callback.str1.4
                0x0000000010004874       0x98 CMakeFiles/Blink.dir/home/arun/pico/pico-sdk/src/common/pico_time/time.c.obj
                                         0xf8 (size before relaxing)
 .rodata.alarm_pool_get_default.str1.4
                0x000000001000490c       0x21 CMakeFiles/Blink.dir/home/arun/pico/pico-sdk/src/common/pico_time/time.c.obj
 *fill*         0x000000001000492d        0x3 
 .rodata.alarm_pool_cancel_alarm.str1.4
                0x0000000010004930       0x27 CMakeFiles/Blink.dir/home/arun/pico/pico-sdk/src/common/pico_time/time.c.obj
 *fill*         0x0000000010004957        0x1 
 .rodata.sleep_until.str1.4
                0x0000000010004958       0x4d CMakeFiles/Blink.dir/home/arun/pico/pico-sdk/src/common/pico_time/time.c.obj
 *fill*         0x00000000100049a5        0x3 
 .rodata.__func__.1
                0x00000000100049a8       0x18 CMakeFiles/Blink.dir/home/arun/pico/pico-sdk/src/common/pico_time/time.c.obj
 .rodata.__func__.10
                0x00000000100049c0       0x15 CMakeFiles/Blink.dir/home/arun/pico/pico-sdk/src/common/pico_time/time.c.obj
 *fill*         0x00000000100049d5        0x3 
 .rodata.__func__.11
                0x00000000100049d8       0x1a CMakeFiles/Blink.dir/home/arun/pico/pico-sdk/src/common/pico_time/time.c.obj
 *fill*         0x00000000100049f2        0x2 
 .rodata.__func__.12
                0x00000000100049f4        0xa CMakeFiles/Blink.dir/home/arun/pico/pico-sdk/src/common/pico_time/time.c.obj
 *fill*         0x00000000100049fe        0x2 
 .rodata.__func__.3
                0x0000000010004a00       0x17 CMakeFiles/Blink.dir/home/arun/pico/pico-sdk/src/common/pico_time/time.c.obj
 *fill*         0x0000000010004a17        0x1 
 .rodata.__func__.4
                0x0000000010004a18       0x12 CMakeFiles/Blink.dir/home/arun/pico/pico-sdk/src/common/pico_time/time.c.obj
 *fill*         0x0000000010004a2a        0x2 
 .rodata.__func__.5
                0x0000000010004a2c        0xd CMakeFiles/Blink.dir/home/arun/pico/pico-sdk/src/common/pico_time/time.c.obj
 *fill*         0x0000000010004a39        0x3 
 .rodata.__func__.6
                0x0000000010004a3c       0x12 CMakeFiles/Blink.dir/home/arun/pico/pico-sdk/src/common/pico_time/time.c.obj
 *fill*         0x0000000010004a4e        0x2 
 .rodata.__func__.7
                0x0000000010004a50        0xf CMakeFiles/Blink.dir/home/arun/pico/pico-sdk/src/common/pico_time/time.c.obj
 *fill*         0x0000000010004a5f        0x1 
 .rodata.__func__.8
                0x0000000010004a60        0xc CMakeFiles/Blink.dir/home/arun/pico/pico-sdk/src/common/pico_time/time.c.obj
 .rodata.__func__.9
                0x0000000010004a6c       0x15 CMakeFiles/Blink.dir/home/arun/pico/pico-sdk/src/common/pico_time/time.c.obj
 *fill*         0x0000000010004a81        0x3 
 .rodata.hardware_alarm_claim.str1.4
                0x0000000010004a84       0x22 CMakeFiles/Blink.dir/home/arun/pico/pico-sdk/src/rp2_common/hardware_timer/timer.c.obj
 *fill*         0x0000000010004aa6        0x2 
 .rodata.hardware_alarm_set_target.str1.4
                0x0000000010004aa8       0x63 CMakeFiles/Blink.dir/home/arun/pico/pico-sdk/src/rp2_common/hardware_timer/timer.c.obj
 *fill*         0x0000000010004b0b        0x1 
 .rodata.__func__.0
                0x0000000010004b0c       0x1a CMakeFiles/Blink.dir/home/arun/pico/pico-sdk/src/rp2_common/hardware_timer/timer.c.obj
 .rodata.ph_add_child_node.str1.4
                0x0000000010004b26       0x92 CMakeFiles/Blink.dir/home/arun/pico/pico-sdk/src/common/pico_util/pheap.c.obj
 *fill*         0x0000000010004b26        0x2 
 .rodata.ph_remove_any_head.str1.4
                0x0000000010004b28       0x8c CMakeFiles/Blink.dir/home/arun/pico/pico-sdk/src/common/pico_util/pheap.c.obj
                                         0xa0 (size before relaxing)
 .rodata.ph_remove_and_free_node.str1.4
                0x0000000010004bb4       0x1e CMakeFiles/Blink.dir/home/arun/pico/pico-sdk/src/common/pico_util/pheap.c.obj
                                         0x26 (size before relaxing)
 *fill*         0x0000000010004bd2        0x2 
 .rodata.__func__.0
                0x0000000010004bd4       0x18 CMakeFiles/Blink.dir/home/arun/pico/pico-sdk/src/common/pico_util/pheap.c.obj
 .rodata.__func__.1
                0x0000000010004bec       0x13 CMakeFiles/Blink.dir/home/arun/pico/pico-sdk/src/common/pico_util/pheap.c.obj
 *fill*         0x0000000010004bff        0x1 
 .rodata.__func__.2
                0x0000000010004c00       0x12 CMakeFiles/Blink.dir/home/arun/pico/pico-sdk/src/common/pico_util/pheap.c.obj
 *fill*         0x0000000010004c12        0x2 
 .rodata.__func__.3
                0x0000000010004c14        0xc CMakeFiles/Blink.dir/home/arun/pico/pico-sdk/src/common/pico_util/pheap.c.obj
 .rodata.clock_configure.str1.4
                0x0000000010004c20       0x55 CMakeFiles/Blink.dir/home/arun/pico/pico-sdk/src/rp2_common/hardware_clocks/clocks.c.obj
 *fill*         0x0000000010004c75        0x3 
 .rodata.__func__.1
                0x0000000010004c78       0x10 CMakeFiles/Blink.dir/home/arun/pico/pico-sdk/src/rp2_common/hardware_clocks/clocks.c.obj
 .rodata.pll_init.str1.4
                0x0000000010004c88      0x11f CMakeFiles/Blink.dir/home/arun/pico/pico-sdk/src/rp2_common/hardware_pll/pll.c.obj
 *fill*         0x0000000010004da7        0x1 
 .rodata.__func__.0
                0x0000000010004da8        0x9 CMakeFiles/Blink.dir/home/arun/pico/pico-sdk/src/rp2_common/hardware_pll/pll.c.obj
 *fill*         0x0000000010004db1        0x3 
 .rodata.__assert_func.str1.4
                0x0000000010004db4       0x3f CMakeFiles/Blink.dir/home/arun/pico/pico-sdk/src/rp2_common/pico_runtime/runtime.c.obj
                                         0x43 (size before relaxing)
 *fill*         0x0000000010004df3        0x1 
 .rodata.runtime_init.str1.4
                0x0000000010004df4       0x5f CMakeFiles/Blink.dir/home/arun/pico/pico-sdk/src/rp2_common/pico_runtime/runtime.c.obj
 *fill*         0x0000000010004e53        0x1 
 .rodata.panic.str1.4
                0x0000000010004e54       0x12 CMakeFiles/Blink.dir/home/arun/pico/pico-sdk/src/rp2_common/pico_runtime/runtime.c.obj
 *fill*         0x0000000010004e66        0x2 
 .rodata.__func__.2
                0x0000000010004e68        0xd CMakeFiles/Blink.dir/home/arun/pico/pico-sdk/src/rp2_common/pico_runtime/runtime.c.obj
 *fill*         0x0000000010004e75        0x3 
 .rodata._ftoa.str1.4
                0x0000000010004e78       0x15 CMakeFiles/Blink.dir/home/arun/pico/pico-sdk/src/rp2_common/pico_printf/printf.c.obj
 *fill*         0x0000000010004e8d        0x3 
 .rodata._vsnprintf
                0x0000000010004e90      0x1e0 CMakeFiles/Blink.dir/home/arun/pico/pico-sdk/src/rp2_common/pico_printf/printf.c.obj
 .rodata.pow10.0
                0x0000000010005070       0x50 CMakeFiles/Blink.dir/home/arun/pico/pico-sdk/src/rp2_common/pico_printf/printf.c.obj
 .rodata.__aeabi_double_init.str1.4
                0x00000000100050c0       0xa6 CMakeFiles/Blink.dir/home/arun/pico/pico-sdk/src/rp2_common/pico_double/double_init_rom.c.obj
 *fill*         0x0000000010005166        0x2 
 .rodata.__func__.0
                0x0000000010005168       0x14 CMakeFiles/Blink.dir/home/arun/pico/pico-sdk/src/rp2_common/pico_double/double_init_rom.c.obj
 .rodata.__aeabi_float_init.str1.4
                0x000000001000517c       0x78 CMakeFiles/Blink.dir/home/arun/pico/pico-sdk/src/rp2_common/pico_float/float_init_rom.c.obj
                                         0x7c (size before relaxing)
 .rodata.__func__.0
                0x00000000100051f4       0x13 CMakeFiles/Blink.dir/home/arun/pico/pico-sdk/src/rp2_common/pico_float/float_init_rom.c.obj
 *fill*         0x0000000010005207        0x1 
 .rodata.str1.4
                0x0000000010005208       0x3c CMakeFiles/Blink.dir/home/arun/pico/pico-sdk/src/rp2_common/pico_standard_link/binary_info.c.obj
 .rodata.__bi_44
                0x0000000010005244        0xc CMakeFiles/Blink.dir/home/arun/pico/pico-sdk/src/rp2_common/pico_standard_link/binary_info.c.obj
 .rodata.__bi_75
                0x0000000010005250        0xc CMakeFiles/Blink.dir/home/arun/pico/pico-sdk/src/rp2_common/pico_standard_link/binary_info.c.obj
 .rodata.__bi_81
                0x000000001000525c        0xc CMakeFiles/Blink.dir/home/arun/pico/pico-sdk/src/rp2_common/pico_standard_link/binary_info.c.obj
 .rodata.stdout_serialize_begin.str1.4
                0x0000000010005268       0x5f CMakeFiles/Blink.dir/home/arun/pico/pico-sdk/src/rp2_common/pico_stdio/stdio.c.obj
 .rodata.__func__.3
                0x0000000010005268       0x15 CMakeFiles/Blink.dir/home/arun/pico/pico-sdk/src/rp2_common/pico_stdio/stdio.c.obj
 *fill*         0x000000001000527d        0x3 
 .rodata.crlf_str.2
                0x0000000010005280        0x2 CMakeFiles/Blink.dir/home/arun/pico/pico-sdk/src/rp2_common/pico_stdio/stdio.c.obj
 *fill*         0x0000000010005282        0x2 
 .rodata.str1.4
                0x0000000010005284      0x156 CMakeFiles/Blink.dir/home/arun/pico/pico-sdk/src/rp2_common/hardware_flash/flash.c.obj
 *fill*         0x00000000100053da        0x2 
 .rodata.__func__.0
                0x00000000100053dc        0xd CMakeFiles/Blink.dir/home/arun/pico/pico-sdk/src/rp2_common/hardware_flash/flash.c.obj
                0x00000000100053ec                . = ALIGN (0x4)
 *fill*         0x00000000100053e9        0x3 
 *(SORT_BY_ALIGNMENT(SORT_BY_NAME(.flashdata*)))
                0x00000000100053ec                . = ALIGN (0x4)

.rel.dyn        0x00000000100053ec        0x0
 .rel.iplt      0x00000000100053ec        0x0 /usr/lib/gcc/arm-none-eabi/10.3.1/thumb/v6-m/nofp/crtbegin.o

.ARM.extab
 *(.ARM.extab* .gnu.linkonce.armextab.*)
                0x00000000100053ec                __exidx_start = .

.ARM.exidx
 *(.ARM.exidx* .gnu.linkonce.armexidx.*)
                0x00000000100053ec                __exidx_end = .
                0x00000000100053ec                . = ALIGN (0x4)
                0x00000000100053ec                __binary_info_start = .

.binary_info    0x00000000100053ec       0x1c
 *(.binary_info.keep.*)
 .binary_info.keep.__bi_ptr22
                0x00000000100053ec        0x4 CMakeFiles/Blink.dir/home/arun/pico/pico-sdk/src/rp2_common/pico_standard_link/binary_info.c.obj
 .binary_info.keep.__bi_ptr30
                0x00000000100053f0        0x4 CMakeFiles/Blink.dir/home/arun/pico/pico-sdk/src/rp2_common/pico_standard_link/binary_info.c.obj
 .binary_info.keep.__bi_ptr38
                0x00000000100053f4        0x4 CMakeFiles/Blink.dir/home/arun/pico/pico-sdk/src/rp2_common/pico_standard_link/binary_info.c.obj
 .binary_info.keep.__bi_ptr44
                0x00000000100053f8        0x4 CMakeFiles/Blink.dir/home/arun/pico/pico-sdk/src/rp2_common/pico_standard_link/binary_info.c.obj
 .binary_info.keep.__bi_ptr50
                0x00000000100053fc        0x4 CMakeFiles/Blink.dir/home/arun/pico/pico-sdk/src/rp2_common/pico_standard_link/binary_info.c.obj
 .binary_info.keep.__bi_ptr75
                0x0000000010005400        0x4 CMakeFiles/Blink.dir/home/arun/pico/pico-sdk/src/rp2_common/pico_standard_link/binary_info.c.obj
 .binary_info.keep.__bi_ptr81
                0x0000000010005404        0x4 CMakeFiles/Blink.dir/home/arun/pico/pico-sdk/src/rp2_common/pico_standard_link/binary_info.c.obj
 *(.binary_info.*)
                0x0000000010005408                __binary_info_end = .
                0x0000000010005408                . = ALIGN (0x4)
                0x0000000010005408                __etext = .

.ram_vector_table
                0x0000000020000000       0xc0
 *(.ram_vector_table)
 .ram_vector_table
                0x0000000020000000       0xc0 CMakeFiles/Blink.dir/home/arun/pico/pico-sdk/src/rp2_common/pico_runtime/runtime.c.obj
                0x0000000020000000                ram_vector_table

.data           0x00000000200000c0      0x380 load address 0x0000000010005408
                0x00000000200000c0                __data_start__ = .
 *(vtable)
 *(.time_critical*)
 .time_critical.mutex_try_enter
                0x00000000200000c0       0x46 CMakeFiles/Blink.dir/home/arun/pico/pico-sdk/src/common/pico_sync/mutex.c.obj
                0x00000000200000c0                mutex_try_enter
 *fill*         0x0000000020000106        0x2 
 .time_critical.mutex_enter_block_until
                0x0000000020000108       0x8c CMakeFiles/Blink.dir/home/arun/pico/pico-sdk/src/common/pico_sync/mutex.c.obj
                0x0000000020000108                mutex_enter_block_until
 .time_critical.mutex_try_enter_block_until
                0x0000000020000194       0x34 CMakeFiles/Blink.dir/home/arun/pico/pico-sdk/src/common/pico_sync/mutex.c.obj
                0x0000000020000194                mutex_try_enter_block_until
 .time_critical.mutex_exit
                0x00000000200001c8       0x4c CMakeFiles/Blink.dir/home/arun/pico/pico-sdk/src/common/pico_sync/mutex.c.obj
                0x00000000200001c8                mutex_exit
 .time_critical.flash_init_boot2_copyout
                0x0000000020000214       0x30 CMakeFiles/Blink.dir/home/arun/pico/pico-sdk/src/rp2_common/hardware_flash/flash.c.obj
 .time_critical.flash_enable_xip_via_boot2
                0x0000000020000244       0x10 CMakeFiles/Blink.dir/home/arun/pico/pico-sdk/src/rp2_common/hardware_flash/flash.c.obj
 .time_critical.flash_cs_force
                0x0000000020000254       0x28 CMakeFiles/Blink.dir/home/arun/pico/pico-sdk/src/rp2_common/hardware_flash/flash.c.obj
 .time_critical.flash_do_cmd
                0x000000002000027c       0xd8 CMakeFiles/Blink.dir/home/arun/pico/pico-sdk/src/rp2_common/hardware_flash/flash.c.obj
                0x000000002000027c                flash_do_cmd
 *(.text*)
 .text          0x0000000020000354        0x4 /usr/lib/gcc/arm-none-eabi/10.3.1/thumb/v6-m/nofp/libgcc.a(_dvmd_tls.o)
                0x0000000020000354                __aeabi_ldiv0
                0x0000000020000354                __aeabi_idiv0
 .text.__stub   0x0000000020000358       0x20 linker stubs
                0x0000000020000378                . = ALIGN (0x4)
 *(.rodata*)
                0x0000000020000378                . = ALIGN (0x4)
 *(.data*)
 .data.SIO_GPIO_OE_CLR
                0x0000000020000378        0x4 CMakeFiles/Blink.dir/home/arun/pico/GPIO_Drivers/gpio/gpio.c.obj
                0x0000000020000378                SIO_GPIO_OE_CLR
 .data.SIO_GPIO_OE_SET
                0x000000002000037c        0x4 CMakeFiles/Blink.dir/home/arun/pico/GPIO_Drivers/gpio/gpio.c.obj
                0x000000002000037c                SIO_GPIO_OE_SET
 .data.SIO_GPIO_OUT_CLR
                0x0000000020000380        0x4 CMakeFiles/Blink.dir/home/arun/pico/GPIO_Drivers/gpio/gpio.c.obj
                0x0000000020000380                SIO_GPIO_OUT_CLR
 .data.SIO_GPIO_OUT_SET
                0x0000000020000384        0x4 CMakeFiles/Blink.dir/home/arun/pico/GPIO_Drivers/gpio/gpio.c.obj
                0x0000000020000384                SIO_GPIO_OUT_SET
 .data.striped_spin_lock_num
                0x0000000020000388        0x1 CMakeFiles/Blink.dir/home/arun/pico/pico-sdk/src/rp2_common/hardware_sync/sync.c.obj
 *fill*         0x0000000020000389        0x3 
 .data          0x000000002000038c       0x48 CMakeFiles/Blink.dir/home/arun/pico/pico-sdk/src/rp2_common/hardware_irq/irq_handler_chain.S.obj
                0x000000002000038c                irq_handler_chain_slots
                0x00000000200003bc                irq_handler_chain_first_slot
                0x00000000200003c6                irq_handler_chain_remove_tail
 .data.default_alarm_pool
                0x00000000200003d4       0x18 CMakeFiles/Blink.dir/home/arun/pico/pico-sdk/src/common/pico_time/time.c.obj
 .data.default_alarm_pool_heap
                0x00000000200003ec       0x10 CMakeFiles/Blink.dir/home/arun/pico/pico-sdk/src/common/pico_time/time.c.obj
 *fill*         0x00000000200003fc        0x4 
 .data.aeabi_bits_funcs
                0x0000000020000400       0x10 CMakeFiles/Blink.dir/home/arun/pico/pico-sdk/src/rp2_common/pico_bit_ops/bit_ops_aeabi.S.obj
                0x0000000020000400                aeabi_bits_funcs
                0x0000000020000410                aeabi_bits_funcs_end
 .data.aeabi_mem_funcs
                0x0000000020000410       0x10 CMakeFiles/Blink.dir/home/arun/pico/pico-sdk/src/rp2_common/pico_mem_ops/mem_ops_aeabi.S.obj
                0x0000000020000410                aeabi_mem_funcs
                0x0000000020000420                aeabi_mem_funcs_end
                0x0000000020000420                . = ALIGN (0x4)
 *(.after_data.*)
                0x0000000020000420                . = ALIGN (0x4)
                0x0000000020000420                PROVIDE (__mutex_array_start = .)
 *(SORT_BY_NAME(.mutex_array.*))
 *(.mutex_array)
 .mutex_array   0x0000000020000420        0x8 CMakeFiles/Blink.dir/home/arun/pico/pico-sdk/src/rp2_common/pico_stdio/stdio.c.obj
                0x0000000020000428                PROVIDE (__mutex_array_end = .)
                0x0000000020000428                . = ALIGN (0x4)
                0x0000000020000428                PROVIDE (__preinit_array_start = .)
 *(SORT_BY_NAME(.preinit_array.*))
 .preinit_array.00001
                0x0000000020000428        0x4 CMakeFiles/Blink.dir/home/arun/pico/pico-sdk/src/rp2_common/pico_mem_ops/mem_ops_aeabi.S.obj
 .preinit_array.00010
                0x000000002000042c        0x4 CMakeFiles/Blink.dir/home/arun/pico/pico-sdk/src/rp2_common/pico_bit_ops/bit_ops_aeabi.S.obj
 .preinit_array.00020
                0x0000000020000430        0x4 CMakeFiles/Blink.dir/home/arun/pico/pico-sdk/src/rp2_common/pico_double/double_aeabi.S.obj
 .preinit_array.00020
                0x0000000020000434        0x4 CMakeFiles/Blink.dir/home/arun/pico/pico-sdk/src/rp2_common/pico_float/float_aeabi.S.obj
 *(.preinit_array)
                0x0000000020000438                PROVIDE (__preinit_array_end = .)
                0x0000000020000438                . = ALIGN (0x4)
                0x0000000020000438                PROVIDE (__init_array_start = .)
 *(SORT_BY_NAME(.init_array.*))
 *(.init_array)
 .init_array    0x0000000020000438        0x4 /usr/lib/gcc/arm-none-eabi/10.3.1/thumb/v6-m/nofp/crtbegin.o
 .init_array    0x000000002000043c        0x4 CMakeFiles/Blink.dir/home/arun/pico/pico-sdk/src/rp2_common/pico_unique_id/unique_id.c.obj
                0x0000000020000440                PROVIDE (__init_array_end = .)
                0x0000000020000440                . = ALIGN (0x4)
                0x0000000020000440                PROVIDE (__fini_array_start = .)
 *(SORT_BY_NAME(.fini_array.*))
 *(.fini_array)
                0x0000000020000440                PROVIDE (__fini_array_end = .)
 *(.jcr)
                0x0000000020000440                . = ALIGN (0x4)
                0x0000000020000440                __data_end__ = .

.tm_clone_table
                0x0000000020000440        0x0 load address 0x0000000010005788
 .tm_clone_table
                0x0000000020000440        0x0 /usr/lib/gcc/arm-none-eabi/10.3.1/thumb/v6-m/nofp/crtbegin.o
 .tm_clone_table
                0x0000000020000440        0x0 /usr/lib/gcc/arm-none-eabi/10.3.1/thumb/v6-m/nofp/crtend.o

.igot.plt       0x0000000020000440        0x0 load address 0x0000000010005788
 .igot.plt      0x0000000020000440        0x0 /usr/lib/gcc/arm-none-eabi/10.3.1/thumb/v6-m/nofp/crtbegin.o

.uninitialized_data
                0x0000000020000440        0x0 load address 0x0000000010005788
                0x0000000020000440                . = ALIGN (0x4)
 *(.uninitialized_data*)

.scratch_x      0x0000000020040000        0x0 load address 0x0000000010005788
                0x0000000020040000                __scratch_x_start__ = .
 *(.scratch_x.*)
                0x0000000020040000                . = ALIGN (0x4)
                0x0000000020040000                __scratch_x_end__ = .
                0x0000000010005788                __scratch_x_source__ = LOADADDR (.scratch_x)

.scratch_y      0x0000000020041000        0x0 load address 0x0000000010005788
                0x0000000020041000                __scratch_y_start__ = .
 *(.scratch_y.*)
                0x0000000020041000                . = ALIGN (0x4)
                0x0000000020041000                __scratch_y_end__ = .
                0x0000000010005788                __scratch_y_source__ = LOADADDR (.scratch_y)

.bss            0x0000000020000440      0x4d0
                0x0000000020000440                . = ALIGN (0x4)
                0x0000000020000440                __bss_start__ = .
 *(SORT_BY_ALIGNMENT(SORT_BY_NAME(.bss*)))
 .bss.default_alarm_pool_entries
                0x0000000020000440      0x100 CMakeFiles/Blink.dir/home/arun/pico/pico-sdk/src/common/pico_time/time.c.obj
 .bss           0x0000000020000540       0x1c /usr/lib/gcc/arm-none-eabi/10.3.1/thumb/v6-m/nofp/crtbegin.o
 .bss.alarm_callbacks
                0x000000002000055c       0x10 CMakeFiles/Blink.dir/home/arun/pico/pico-sdk/src/rp2_common/hardware_timer/timer.c.obj
 .bss.boot2_copyout
                0x000000002000056c      0x100 CMakeFiles/Blink.dir/home/arun/pico/pico-sdk/src/rp2_common/hardware_flash/flash.c.obj
 .bss.configured_freq
                0x000000002000066c       0x28 CMakeFiles/Blink.dir/home/arun/pico/pico-sdk/src/rp2_common/hardware_clocks/clocks.c.obj
 .bss.default_alarm_pool_entry_ids_high
                0x0000000020000694       0x10 CMakeFiles/Blink.dir/home/arun/pico/pico-sdk/src/common/pico_time/time.c.obj
 .bss.default_alarm_pool_heap_nodes
                0x00000000200006a4       0x30 CMakeFiles/Blink.dir/home/arun/pico/pico-sdk/src/common/pico_time/time.c.obj
 .bss.drivers   0x00000000200006d4        0x4 CMakeFiles/Blink.dir/home/arun/pico/pico-sdk/src/rp2_common/pico_stdio/stdio.c.obj
 .bss.filter    0x00000000200006d8        0x4 CMakeFiles/Blink.dir/home/arun/pico/pico-sdk/src/rp2_common/pico_stdio/stdio.c.obj
 .bss.pools     0x00000000200006dc       0x10 CMakeFiles/Blink.dir/home/arun/pico/pico-sdk/src/common/pico_time/time.c.obj
 .bss.retrieved_id
                0x00000000200006ec        0x8 CMakeFiles/Blink.dir/home/arun/pico/pico-sdk/src/rp2_common/pico_unique_id/unique_id.c.obj
 .bss.sd_table  0x00000000200006f4      0x100 CMakeFiles/Blink.dir/home/arun/pico/pico-sdk/src/rp2_common/pico_double/double_init_rom.c.obj
                0x00000000200006f4                sd_table
 .bss.sf_clz_func
                0x00000000200007f4        0x4 CMakeFiles/Blink.dir/home/arun/pico/pico-sdk/src/rp2_common/pico_double/double_init_rom.c.obj
                0x00000000200007f4                sf_clz_func
 .bss.sf_table  0x00000000200007f8      0x100 CMakeFiles/Blink.dir/home/arun/pico/pico-sdk/src/rp2_common/pico_float/float_init_rom.c.obj
                0x00000000200007f8                sf_table
 .bss.sleep_notifier
                0x00000000200008f8        0x4 CMakeFiles/Blink.dir/home/arun/pico/pico-sdk/src/common/pico_time/time.c.obj
 .bss.target_hi
                0x00000000200008fc       0x10 CMakeFiles/Blink.dir/home/arun/pico/pico-sdk/src/rp2_common/hardware_timer/timer.c.obj
 .bss.boot2_copyout_valid
                0x000000002000090c        0x1 CMakeFiles/Blink.dir/home/arun/pico/pico-sdk/src/rp2_common/hardware_flash/flash.c.obj
 .bss.claimed   0x000000002000090d        0x1 CMakeFiles/Blink.dir/home/arun/pico/pico-sdk/src/rp2_common/hardware_timer/timer.c.obj
 .bss.irq_hander_chain_free_slot_head
                0x000000002000090e        0x1 CMakeFiles/Blink.dir/home/arun/pico/pico-sdk/src/rp2_common/hardware_irq/irq.c.obj
 .bss.timer_callbacks_pending
                0x000000002000090f        0x1 CMakeFiles/Blink.dir/home/arun/pico/pico-sdk/src/rp2_common/hardware_timer/timer.c.obj
 *(COMMON)
                0x0000000020000910                . = ALIGN (0x4)
                0x0000000020000910                __bss_end__ = .

.heap           0x0000000020000910      0x800
                0x0000000020000910                __end__ = .
                0x0000000020000910                end = __end__
 *(.heap*)
 .heap          0x0000000020000910      0x800 CMakeFiles/Blink.dir/home/arun/pico/pico-sdk/src/rp2_common/pico_standard_link/crt0.S.obj
                0x0000000020001110                __HeapLimit = .

.stack1_dummy   0x0000000020040000        0x0
 *(.stack1*)

.stack_dummy    0x0000000020041000      0x800
 *(.stack*)
 .stack         0x0000000020041000      0x800 CMakeFiles/Blink.dir/home/arun/pico/pico-sdk/src/rp2_common/pico_standard_link/crt0.S.obj

.flash_end      0x0000000010005788        0x0
                0x0000000010005788                __flash_binary_end = .
                0x0000000020040000                __StackLimit = (ORIGIN (RAM) + LENGTH (RAM))
                0x0000000020041000                __StackOneTop = (ORIGIN (SCRATCH_X) + LENGTH (SCRATCH_X))
                0x0000000020042000                __StackTop = (ORIGIN (SCRATCH_Y) + LENGTH (SCRATCH_Y))
                0x0000000020041000                __StackOneBottom = (__StackOneTop - SIZEOF (.stack1_dummy))
                0x0000000020041800                __StackBottom = (__StackTop - SIZEOF (.stack_dummy))
                0x0000000020042000                PROVIDE (__stack = __StackTop)
                0x0000000000000001                ASSERT ((__StackLimit >= __HeapLimit), region RAM overflowed)
                0x0000000000000001                ASSERT (((__binary_info_header_end - __logical_binary_start) <= 0x100), Binary info must be in first 256 bytes of the binary)
LOAD CMakeFiles/Blink.dir/main.c.obj
LOAD CMakeFiles/Blink.dir/home/arun/pico/GPIO_Drivers/gpio/gpio.c.obj
LOAD CMakeFiles/Blink.dir/home/arun/pico/pico-sdk/src/rp2_common/pico_stdlib/stdlib.c.obj
LOAD CMakeFiles/Blink.dir/home/arun/pico/pico-sdk/src/rp2_common/hardware_gpio/gpio.c.obj
LOAD CMakeFiles/Blink.dir/home/arun/pico/pico-sdk/src/rp2_common/pico_platform/platform.c.obj
LOAD CMakeFiles/Blink.dir/home/arun/pico/pico-sdk/src/rp2_common/hardware_claim/claim.c.obj
LOAD CMakeFiles/Blink.dir/home/arun/pico/pico-sdk/src/rp2_common/hardware_sync/sync.c.obj
LOAD CMakeFiles/Blink.dir/home/arun/pico/pico-sdk/src/rp2_common/hardware_irq/irq.c.obj
LOAD CMakeFiles/Blink.dir/home/arun/pico/pico-sdk/src/rp2_common/hardware_irq/irq_handler_chain.S.obj
LOAD CMakeFiles/Blink.dir/home/arun/pico/pico-sdk/src/common/pico_sync/sem.c.obj
LOAD CMakeFiles/Blink.dir/home/arun/pico/pico-sdk/src/common/pico_sync/lock_core.c.obj
LOAD CMakeFiles/Blink.dir/home/arun/pico/pico-sdk/src/common/pico_sync/mutex.c.obj
LOAD CMakeFiles/Blink.dir/home/arun/pico/pico-sdk/src/common/pico_sync/critical_section.c.obj
LOAD CMakeFiles/Blink.dir/home/arun/pico/pico-sdk/src/common/pico_time/time.c.obj
LOAD CMakeFiles/Blink.dir/home/arun/pico/pico-sdk/src/common/pico_time/timeout_helper.c.obj
LOAD CMakeFiles/Blink.dir/home/arun/pico/pico-sdk/src/rp2_common/hardware_timer/timer.c.obj
LOAD CMakeFiles/Blink.dir/home/arun/pico/pico-sdk/src/common/pico_util/datetime.c.obj
LOAD CMakeFiles/Blink.dir/home/arun/pico/pico-sdk/src/common/pico_util/pheap.c.obj
LOAD CMakeFiles/Blink.dir/home/arun/pico/pico-sdk/src/common/pico_util/queue.c.obj
LOAD CMakeFiles/Blink.dir/home/arun/pico/pico-sdk/src/rp2_common/hardware_uart/uart.c.obj
LOAD CMakeFiles/Blink.dir/home/arun/pico/pico-sdk/src/rp2_common/hardware_clocks/clocks.c.obj
LOAD CMakeFiles/Blink.dir/home/arun/pico/pico-sdk/src/rp2_common/hardware_pll/pll.c.obj
LOAD CMakeFiles/Blink.dir/home/arun/pico/pico-sdk/src/rp2_common/hardware_vreg/vreg.c.obj
LOAD CMakeFiles/Blink.dir/home/arun/pico/pico-sdk/src/rp2_common/hardware_watchdog/watchdog.c.obj
LOAD CMakeFiles/Blink.dir/home/arun/pico/pico-sdk/src/rp2_common/hardware_xosc/xosc.c.obj
LOAD CMakeFiles/Blink.dir/home/arun/pico/pico-sdk/src/rp2_common/hardware_divider/divider.S.obj
LOAD CMakeFiles/Blink.dir/home/arun/pico/pico-sdk/src/rp2_common/pico_runtime/runtime.c.obj
LOAD CMakeFiles/Blink.dir/home/arun/pico/pico-sdk/src/rp2_common/pico_printf/printf.c.obj
LOAD CMakeFiles/Blink.dir/home/arun/pico/pico-sdk/src/rp2_common/pico_bit_ops/bit_ops_aeabi.S.obj
LOAD CMakeFiles/Blink.dir/home/arun/pico/pico-sdk/src/rp2_common/pico_bootrom/bootrom.c.obj
LOAD CMakeFiles/Blink.dir/home/arun/pico/pico-sdk/src/rp2_common/pico_divider/divider.S.obj
LOAD CMakeFiles/Blink.dir/home/arun/pico/pico-sdk/src/rp2_common/pico_double/double_aeabi.S.obj
LOAD CMakeFiles/Blink.dir/home/arun/pico/pico-sdk/src/rp2_common/pico_double/double_init_rom.c.obj
LOAD CMakeFiles/Blink.dir/home/arun/pico/pico-sdk/src/rp2_common/pico_double/double_math.c.obj
LOAD CMakeFiles/Blink.dir/home/arun/pico/pico-sdk/src/rp2_common/pico_double/double_v1_rom_shim.S.obj
LOAD CMakeFiles/Blink.dir/home/arun/pico/pico-sdk/src/rp2_common/pico_int64_ops/pico_int64_ops_aeabi.S.obj
LOAD CMakeFiles/Blink.dir/home/arun/pico/pico-sdk/src/rp2_common/pico_float/float_aeabi.S.obj
LOAD CMakeFiles/Blink.dir/home/arun/pico/pico-sdk/src/rp2_common/pico_float/float_init_rom.c.obj
LOAD CMakeFiles/Blink.dir/home/arun/pico/pico-sdk/src/rp2_common/pico_float/float_math.c.obj
LOAD CMakeFiles/Blink.dir/home/arun/pico/pico-sdk/src/rp2_common/pico_float/float_v1_rom_shim.S.obj
LOAD CMakeFiles/Blink.dir/home/arun/pico/pico-sdk/src/rp2_common/pico_malloc/pico_malloc.c.obj
LOAD CMakeFiles/Blink.dir/home/arun/pico/pico-sdk/src/rp2_common/pico_mem_ops/mem_ops_aeabi.S.obj
LOAD CMakeFiles/Blink.dir/home/arun/pico/pico-sdk/src/rp2_common/pico_standard_link/crt0.S.obj
LOAD CMakeFiles/Blink.dir/home/arun/pico/pico-sdk/src/rp2_common/pico_standard_link/new_delete.cpp.obj
LOAD CMakeFiles/Blink.dir/home/arun/pico/pico-sdk/src/rp2_common/pico_standard_link/binary_info.c.obj
LOAD CMakeFiles/Blink.dir/home/arun/pico/pico-sdk/src/rp2_common/pico_stdio/stdio.c.obj
LOAD CMakeFiles/Blink.dir/home/arun/pico/pico-sdk/src/rp2_common/pico_stdio_usb/reset_interface.c.obj
LOAD CMakeFiles/Blink.dir/home/arun/pico/pico-sdk/src/rp2_common/pico_stdio_usb/stdio_usb.c.obj
LOAD CMakeFiles/Blink.dir/home/arun/pico/pico-sdk/src/rp2_common/pico_stdio_usb/stdio_usb_descriptors.c.obj
LOAD CMakeFiles/Blink.dir/home/arun/pico/pico-sdk/src/rp2_common/pico_unique_id/unique_id.c.obj
LOAD CMakeFiles/Blink.dir/home/arun/pico/pico-sdk/src/rp2_common/hardware_flash/flash.c.obj
LOAD CMakeFiles/Blink.dir/home/arun/pico/pico-sdk/lib/tinyusb/src/portable/raspberrypi/rp2040/dcd_rp2040.c.obj
LOAD CMakeFiles/Blink.dir/home/arun/pico/pico-sdk/lib/tinyusb/src/portable/raspberrypi/rp2040/rp2040_usb.c.obj
LOAD CMakeFiles/Blink.dir/home/arun/pico/pico-sdk/lib/tinyusb/src/device/usbd.c.obj
LOAD CMakeFiles/Blink.dir/home/arun/pico/pico-sdk/lib/tinyusb/src/device/usbd_control.c.obj
LOAD CMakeFiles/Blink.dir/home/arun/pico/pico-sdk/lib/tinyusb/src/class/audio/audio_device.c.obj
LOAD CMakeFiles/Blink.dir/home/arun/pico/pico-sdk/lib/tinyusb/src/class/cdc/cdc_device.c.obj
LOAD CMakeFiles/Blink.dir/home/arun/pico/pico-sdk/lib/tinyusb/src/class/dfu/dfu_device.c.obj
LOAD CMakeFiles/Blink.dir/home/arun/pico/pico-sdk/lib/tinyusb/src/class/dfu/dfu_rt_device.c.obj
LOAD CMakeFiles/Blink.dir/home/arun/pico/pico-sdk/lib/tinyusb/src/class/hid/hid_device.c.obj
LOAD CMakeFiles/Blink.dir/home/arun/pico/pico-sdk/lib/tinyusb/src/class/midi/midi_device.c.obj
LOAD CMakeFiles/Blink.dir/home/arun/pico/pico-sdk/lib/tinyusb/src/class/msc/msc_device.c.obj
LOAD CMakeFiles/Blink.dir/home/arun/pico/pico-sdk/lib/tinyusb/src/class/net/ecm_rndis_device.c.obj
LOAD CMakeFiles/Blink.dir/home/arun/pico/pico-sdk/lib/tinyusb/src/class/net/ncm_device.c.obj
LOAD CMakeFiles/Blink.dir/home/arun/pico/pico-sdk/lib/tinyusb/src/class/usbtmc/usbtmc_device.c.obj
LOAD CMakeFiles/Blink.dir/home/arun/pico/pico-sdk/lib/tinyusb/src/class/vendor/vendor_device.c.obj
LOAD CMakeFiles/Blink.dir/home/arun/pico/pico-sdk/lib/tinyusb/src/class/video/video_device.c.obj
LOAD CMakeFiles/Blink.dir/home/arun/pico/pico-sdk/lib/tinyusb/src/tusb.c.obj
LOAD CMakeFiles/Blink.dir/home/arun/pico/pico-sdk/lib/tinyusb/src/common/tusb_fifo.c.obj
LOAD CMakeFiles/Blink.dir/home/arun/pico/pico-sdk/src/rp2_common/pico_fix/rp2040_usb_device_enumeration/rp2040_usb_device_enumeration.c.obj
LOAD /tmp/ccOEIqtz.o
LOAD /usr/lib/gcc/arm-none-eabi/10.3.1/../../../arm-none-eabi/lib/thumb/v6-m/nofp/libstdc++.a
LOAD /usr/lib/gcc/arm-none-eabi/10.3.1/../../../arm-none-eabi/lib/thumb/v6-m/nofp/libm.a
START GROUP
LOAD /usr/lib/gcc/arm-none-eabi/10.3.1/thumb/v6-m/nofp/libgcc.a
LOAD /usr/lib/gcc/arm-none-eabi/10.3.1/../../../arm-none-eabi/lib/thumb/v6-m/nofp/libg.a
LOAD /usr/lib/gcc/arm-none-eabi/10.3.1/../../../arm-none-eabi/lib/thumb/v6-m/nofp/libc.a
END GROUP
START GROUP
LOAD /usr/lib/gcc/arm-none-eabi/10.3.1/thumb/v6-m/nofp/libgcc.a
LOAD /usr/lib/gcc/arm-none-eabi/10.3.1/../../../arm-none-eabi/lib/thumb/v6-m/nofp/libc.a
LOAD /usr/lib/gcc/arm-none-eabi/10.3.1/../../../arm-none-eabi/lib/thumb/v6-m/nofp/libnosys.a
END GROUP
LOAD /usr/lib/gcc/arm-none-eabi/10.3.1/thumb/v6-m/nofp/crtend.o
LOAD /usr/lib/gcc/arm-none-eabi/10.3.1/thumb/v6-m/nofp/crtn.o
OUTPUT(Blink.elf elf32-littlearm)
LOAD linker stubs

.ARM.attributes
                0x0000000000000000       0x28
 .ARM.attributes
                0x0000000000000000       0x1e /usr/lib/gcc/arm-none-eabi/10.3.1/thumb/v6-m/nofp/crti.o
 .ARM.attributes
                0x000000000000001e       0x2c /usr/lib/gcc/arm-none-eabi/10.3.1/thumb/v6-m/nofp/crtbegin.o
 .ARM.attributes
                0x000000000000004a       0x2c CMakeFiles/Blink.dir/main.c.obj
 .ARM.attributes
                0x0000000000000076       0x2c CMakeFiles/Blink.dir/home/arun/pico/GPIO_Drivers/gpio/gpio.c.obj
 .ARM.attributes
                0x00000000000000a2       0x2c CMakeFiles/Blink.dir/home/arun/pico/pico-sdk/src/rp2_common/pico_platform/platform.c.obj
 .ARM.attributes
                0x00000000000000ce       0x2c CMakeFiles/Blink.dir/home/arun/pico/pico-sdk/src/rp2_common/hardware_claim/claim.c.obj
 .ARM.attributes
                0x00000000000000fa       0x2c CMakeFiles/Blink.dir/home/arun/pico/pico-sdk/src/rp2_common/hardware_sync/sync.c.obj
 .ARM.attributes
                0x0000000000000126       0x2c CMakeFiles/Blink.dir/home/arun/pico/pico-sdk/src/rp2_common/hardware_irq/irq.c.obj
 .ARM.attributes
                0x0000000000000152       0x22 CMakeFiles/Blink.dir/home/arun/pico/pico-sdk/src/rp2_common/hardware_irq/irq_handler_chain.S.obj
 .ARM.attributes
                0x0000000000000174       0x2c CMakeFiles/Blink.dir/home/arun/pico/pico-sdk/src/common/pico_sync/lock_core.c.obj
 .ARM.attributes
                0x00000000000001a0       0x2c CMakeFiles/Blink.dir/home/arun/pico/pico-sdk/src/common/pico_sync/mutex.c.obj
 .ARM.attributes
                0x00000000000001cc       0x2c CMakeFiles/Blink.dir/home/arun/pico/pico-sdk/src/common/pico_time/time.c.obj
 .ARM.attributes
                0x00000000000001f8       0x2c CMakeFiles/Blink.dir/home/arun/pico/pico-sdk/src/rp2_common/hardware_timer/timer.c.obj
 .ARM.attributes
                0x0000000000000224       0x2c CMakeFiles/Blink.dir/home/arun/pico/pico-sdk/src/common/pico_util/pheap.c.obj
 .ARM.attributes
                0x0000000000000250       0x2c CMakeFiles/Blink.dir/home/arun/pico/pico-sdk/src/rp2_common/hardware_clocks/clocks.c.obj
 .ARM.attributes
                0x000000000000027c       0x2c CMakeFiles/Blink.dir/home/arun/pico/pico-sdk/src/rp2_common/hardware_pll/pll.c.obj
 .ARM.attributes
                0x00000000000002a8       0x2c CMakeFiles/Blink.dir/home/arun/pico/pico-sdk/src/rp2_common/hardware_watchdog/watchdog.c.obj
 .ARM.attributes
                0x00000000000002d4       0x2c CMakeFiles/Blink.dir/home/arun/pico/pico-sdk/src/rp2_common/hardware_xosc/xosc.c.obj
 .ARM.attributes
                0x0000000000000300       0x2c CMakeFiles/Blink.dir/home/arun/pico/pico-sdk/src/rp2_common/pico_runtime/runtime.c.obj
 .ARM.attributes
                0x000000000000032c       0x2c CMakeFiles/Blink.dir/home/arun/pico/pico-sdk/src/rp2_common/pico_printf/printf.c.obj
 .ARM.attributes
                0x0000000000000358       0x22 CMakeFiles/Blink.dir/home/arun/pico/pico-sdk/src/rp2_common/pico_bit_ops/bit_ops_aeabi.S.obj
 .ARM.attributes
                0x000000000000037a       0x2c CMakeFiles/Blink.dir/home/arun/pico/pico-sdk/src/rp2_common/pico_bootrom/bootrom.c.obj
 .ARM.attributes
                0x00000000000003a6       0x22 CMakeFiles/Blink.dir/home/arun/pico/pico-sdk/src/rp2_common/pico_divider/divider.S.obj
 .ARM.attributes
                0x00000000000003c8       0x22 CMakeFiles/Blink.dir/home/arun/pico/pico-sdk/src/rp2_common/pico_double/double_aeabi.S.obj
 .ARM.attributes
                0x00000000000003ea       0x2c CMakeFiles/Blink.dir/home/arun/pico/pico-sdk/src/rp2_common/pico_double/double_init_rom.c.obj
 .ARM.attributes
                0x0000000000000416       0x22 CMakeFiles/Blink.dir/home/arun/pico/pico-sdk/src/rp2_common/pico_double/double_v1_rom_shim.S.obj
 .ARM.attributes
                0x0000000000000438       0x22 CMakeFiles/Blink.dir/home/arun/pico/pico-sdk/src/rp2_common/pico_int64_ops/pico_int64_ops_aeabi.S.obj
 .ARM.attributes
                0x000000000000045a       0x22 CMakeFiles/Blink.dir/home/arun/pico/pico-sdk/src/rp2_common/pico_float/float_aeabi.S.obj
 .ARM.attributes
                0x000000000000047c       0x2c CMakeFiles/Blink.dir/home/arun/pico/pico-sdk/src/rp2_common/pico_float/float_init_rom.c.obj
 .ARM.attributes
                0x00000000000004a8       0x22 CMakeFiles/Blink.dir/home/arun/pico/pico-sdk/src/rp2_common/pico_float/float_v1_rom_shim.S.obj
 .ARM.attributes
                0x00000000000004ca       0x22 CMakeFiles/Blink.dir/home/arun/pico/pico-sdk/src/rp2_common/pico_mem_ops/mem_ops_aeabi.S.obj
 .ARM.attributes
                0x00000000000004ec       0x22 CMakeFiles/Blink.dir/home/arun/pico/pico-sdk/src/rp2_common/pico_standard_link/crt0.S.obj
 .ARM.attributes
                0x000000000000050e       0x32 CMakeFiles/Blink.dir/home/arun/pico/pico-sdk/src/rp2_common/pico_standard_link/binary_info.c.obj
 .ARM.attributes
                0x0000000000000540       0x2c CMakeFiles/Blink.dir/home/arun/pico/pico-sdk/src/rp2_common/pico_stdio/stdio.c.obj
 .ARM.attributes
                0x000000000000056c       0x2c CMakeFiles/Blink.dir/home/arun/pico/pico-sdk/src/rp2_common/pico_unique_id/unique_id.c.obj
 .ARM.attributes
                0x0000000000000598       0x2c CMakeFiles/Blink.dir/home/arun/pico/pico-sdk/src/rp2_common/hardware_flash/flash.c.obj
 .ARM.attributes
                0x00000000000005c4       0x22 /tmp/ccOEIqtz.o
 .ARM.attributes
                0x00000000000005e6       0x1e /usr/lib/gcc/arm-none-eabi/10.3.1/thumb/v6-m/nofp/libgcc.a(_dvmd_tls.o)
 .ARM.attributes
                0x0000000000000604       0x2c /usr/lib/gcc/arm-none-eabi/10.3.1/../../../arm-none-eabi/lib/thumb/v6-m/nofp/libg.a(lib_a-strlen-stub.o)
 .ARM.attributes
                0x0000000000000630       0x2c /usr/lib/gcc/arm-none-eabi/10.3.1/thumb/v6-m/nofp/crtend.o

.comment        0x0000000000000000       0x33
 .comment       0x0000000000000000       0x33 /usr/lib/gcc/arm-none-eabi/10.3.1/thumb/v6-m/nofp/crtbegin.o
                                         0x34 (size before relaxing)
 .comment       0x0000000000000033       0x34 CMakeFiles/Blink.dir/main.c.obj
 .comment       0x0000000000000033       0x34 CMakeFiles/Blink.dir/home/arun/pico/GPIO_Drivers/gpio/gpio.c.obj
 .comment       0x0000000000000033       0x34 CMakeFiles/Blink.dir/home/arun/pico/pico-sdk/src/rp2_common/pico_platform/platform.c.obj
 .comment       0x0000000000000033       0x34 CMakeFiles/Blink.dir/home/arun/pico/pico-sdk/src/rp2_common/hardware_claim/claim.c.obj
 .comment       0x0000000000000033       0x34 CMakeFiles/Blink.dir/home/arun/pico/pico-sdk/src/rp2_common/hardware_sync/sync.c.obj
 .comment       0x0000000000000033       0x34 CMakeFiles/Blink.dir/home/arun/pico/pico-sdk/src/rp2_common/hardware_irq/irq.c.obj
 .comment       0x0000000000000033       0x34 CMakeFiles/Blink.dir/home/arun/pico/pico-sdk/src/common/pico_sync/lock_core.c.obj
 .comment       0x0000000000000033       0x34 CMakeFiles/Blink.dir/home/arun/pico/pico-sdk/src/common/pico_sync/mutex.c.obj
 .comment       0x0000000000000033       0x34 CMakeFiles/Blink.dir/home/arun/pico/pico-sdk/src/common/pico_time/time.c.obj
 .comment       0x0000000000000033       0x34 CMakeFiles/Blink.dir/home/arun/pico/pico-sdk/src/rp2_common/hardware_timer/timer.c.obj
 .comment       0x0000000000000033       0x34 CMakeFiles/Blink.dir/home/arun/pico/pico-sdk/src/common/pico_util/pheap.c.obj
 .comment       0x0000000000000033       0x34 CMakeFiles/Blink.dir/home/arun/pico/pico-sdk/src/rp2_common/hardware_clocks/clocks.c.obj
 .comment       0x0000000000000033       0x34 CMakeFiles/Blink.dir/home/arun/pico/pico-sdk/src/rp2_common/hardware_pll/pll.c.obj
 .comment       0x0000000000000033       0x34 CMakeFiles/Blink.dir/home/arun/pico/pico-sdk/src/rp2_common/hardware_watchdog/watchdog.c.obj
 .comment       0x0000000000000033       0x34 CMakeFiles/Blink.dir/home/arun/pico/pico-sdk/src/rp2_common/hardware_xosc/xosc.c.obj
 .comment       0x0000000000000033       0x34 CMakeFiles/Blink.dir/home/arun/pico/pico-sdk/src/rp2_common/pico_runtime/runtime.c.obj
 .comment       0x0000000000000033       0x34 CMakeFiles/Blink.dir/home/arun/pico/pico-sdk/src/rp2_common/pico_printf/printf.c.obj
 .comment       0x0000000000000033       0x34 CMakeFiles/Blink.dir/home/arun/pico/pico-sdk/src/rp2_common/pico_bootrom/bootrom.c.obj
 .comment       0x0000000000000033       0x34 CMakeFiles/Blink.dir/home/arun/pico/pico-sdk/src/rp2_common/pico_double/double_init_rom.c.obj
 .comment       0x0000000000000033       0x34 CMakeFiles/Blink.dir/home/arun/pico/pico-sdk/src/rp2_common/pico_float/float_init_rom.c.obj
 .comment       0x0000000000000033       0x34 CMakeFiles/Blink.dir/home/arun/pico/pico-sdk/src/rp2_common/pico_standard_link/binary_info.c.obj
 .comment       0x0000000000000033       0x34 CMakeFiles/Blink.dir/home/arun/pico/pico-sdk/src/rp2_common/pico_stdio/stdio.c.obj
 .comment       0x0000000000000033       0x34 CMakeFiles/Blink.dir/home/arun/pico/pico-sdk/src/rp2_common/pico_unique_id/unique_id.c.obj
 .comment       0x0000000000000033       0x34 CMakeFiles/Blink.dir/home/arun/pico/pico-sdk/src/rp2_common/hardware_flash/flash.c.obj
 .comment       0x0000000000000033       0x34 /usr/lib/gcc/arm-none-eabi/10.3.1/../../../arm-none-eabi/lib/thumb/v6-m/nofp/libg.a(lib_a-strlen-stub.o)
 .comment       0x0000000000000033       0x34 /usr/lib/gcc/arm-none-eabi/10.3.1/thumb/v6-m/nofp/crtend.o

.debug_info     0x0000000000000000    0x1336c
 .debug_info    0x0000000000000000      0x1d9 CMakeFiles/Blink.dir/main.c.obj
 .debug_info    0x00000000000001d9      0x375 CMakeFiles/Blink.dir/home/arun/pico/GPIO_Drivers/gpio/gpio.c.obj
 .debug_info    0x000000000000054e      0x1cb CMakeFiles/Blink.dir/home/arun/pico/pico-sdk/src/rp2_common/pico_platform/platform.c.obj
 .debug_info    0x0000000000000719      0x6a4 CMakeFiles/Blink.dir/home/arun/pico/pico-sdk/src/rp2_common/hardware_claim/claim.c.obj
 .debug_info    0x0000000000000dbd      0x576 CMakeFiles/Blink.dir/home/arun/pico/pico-sdk/src/rp2_common/hardware_sync/sync.c.obj
 .debug_info    0x0000000000001333     0x1c54 CMakeFiles/Blink.dir/home/arun/pico/pico-sdk/src/rp2_common/hardware_irq/irq.c.obj
 .debug_info    0x0000000000002f87      0x198 CMakeFiles/Blink.dir/home/arun/pico/pico-sdk/src/common/pico_sync/lock_core.c.obj
 .debug_info    0x000000000000311f     0x2097 CMakeFiles/Blink.dir/home/arun/pico/pico-sdk/src/common/pico_sync/mutex.c.obj
 .debug_info    0x00000000000051b6     0x402a CMakeFiles/Blink.dir/home/arun/pico/pico-sdk/src/common/pico_time/time.c.obj
 .debug_info    0x00000000000091e0     0x13b2 CMakeFiles/Blink.dir/home/arun/pico/pico-sdk/src/rp2_common/hardware_timer/timer.c.obj
 .debug_info    0x000000000000a592     0x123b CMakeFiles/Blink.dir/home/arun/pico/pico-sdk/src/common/pico_util/pheap.c.obj
 .debug_info    0x000000000000b7cd      0xf5d CMakeFiles/Blink.dir/home/arun/pico/pico-sdk/src/rp2_common/hardware_clocks/clocks.c.obj
 .debug_info    0x000000000000c72a      0x503 CMakeFiles/Blink.dir/home/arun/pico/pico-sdk/src/rp2_common/hardware_pll/pll.c.obj
 .debug_info    0x000000000000cc2d      0x4ee CMakeFiles/Blink.dir/home/arun/pico/pico-sdk/src/rp2_common/hardware_watchdog/watchdog.c.obj
 .debug_info    0x000000000000d11b      0x1c0 CMakeFiles/Blink.dir/home/arun/pico/pico-sdk/src/rp2_common/hardware_xosc/xosc.c.obj
 .debug_info    0x000000000000d2db     0x1028 CMakeFiles/Blink.dir/home/arun/pico/pico-sdk/src/rp2_common/pico_runtime/runtime.c.obj
 .debug_info    0x000000000000e303     0x1a47 CMakeFiles/Blink.dir/home/arun/pico/pico-sdk/src/rp2_common/pico_printf/printf.c.obj
 .debug_info    0x000000000000fd4a       0x22 CMakeFiles/Blink.dir/home/arun/pico/pico-sdk/src/rp2_common/pico_bit_ops/bit_ops_aeabi.S.obj
 .debug_info    0x000000000000fd6c      0x258 CMakeFiles/Blink.dir/home/arun/pico/pico-sdk/src/rp2_common/pico_bootrom/bootrom.c.obj
 .debug_info    0x000000000000ffc4       0x22 CMakeFiles/Blink.dir/home/arun/pico/pico-sdk/src/rp2_common/pico_divider/divider.S.obj
 .debug_info    0x000000000000ffe6       0x22 CMakeFiles/Blink.dir/home/arun/pico/pico-sdk/src/rp2_common/pico_double/double_aeabi.S.obj
 .debug_info    0x0000000000010008      0x2a1 CMakeFiles/Blink.dir/home/arun/pico/pico-sdk/src/rp2_common/pico_double/double_init_rom.c.obj
 .debug_info    0x00000000000102a9       0x22 CMakeFiles/Blink.dir/home/arun/pico/pico-sdk/src/rp2_common/pico_double/double_v1_rom_shim.S.obj
 .debug_info    0x00000000000102cb       0x26 CMakeFiles/Blink.dir/home/arun/pico/pico-sdk/src/rp2_common/pico_int64_ops/pico_int64_ops_aeabi.S.obj
 .debug_info    0x00000000000102f1       0x22 CMakeFiles/Blink.dir/home/arun/pico/pico-sdk/src/rp2_common/pico_float/float_aeabi.S.obj
 .debug_info    0x0000000000010313      0x2bb CMakeFiles/Blink.dir/home/arun/pico/pico-sdk/src/rp2_common/pico_float/float_init_rom.c.obj
 .debug_info    0x00000000000105ce       0x22 CMakeFiles/Blink.dir/home/arun/pico/pico-sdk/src/rp2_common/pico_float/float_v1_rom_shim.S.obj
 .debug_info    0x00000000000105f0       0x22 CMakeFiles/Blink.dir/home/arun/pico/pico-sdk/src/rp2_common/pico_mem_ops/mem_ops_aeabi.S.obj
 .debug_info    0x0000000000010612       0x22 CMakeFiles/Blink.dir/home/arun/pico/pico-sdk/src/rp2_common/pico_standard_link/crt0.S.obj
 .debug_info    0x0000000000010634      0x2c6 CMakeFiles/Blink.dir/home/arun/pico/pico-sdk/src/rp2_common/pico_standard_link/binary_info.c.obj
 .debug_info    0x00000000000108fa     0x1821 CMakeFiles/Blink.dir/home/arun/pico/pico-sdk/src/rp2_common/pico_stdio/stdio.c.obj
 .debug_info    0x000000000001211b      0x24b CMakeFiles/Blink.dir/home/arun/pico/pico-sdk/src/rp2_common/pico_unique_id/unique_id.c.obj
 .debug_info    0x0000000000012366      0xef2 CMakeFiles/Blink.dir/home/arun/pico/pico-sdk/src/rp2_common/hardware_flash/flash.c.obj
 .debug_info    0x0000000000013258       0x26 /usr/lib/gcc/arm-none-eabi/10.3.1/thumb/v6-m/nofp/libgcc.a(_dvmd_tls.o)
 .debug_info    0x000000000001327e       0xee /usr/lib/gcc/arm-none-eabi/10.3.1/../../../arm-none-eabi/lib/thumb/v6-m/nofp/libg.a(lib_a-strlen-stub.o)

.debug_abbrev   0x0000000000000000     0x3cb1
 .debug_abbrev  0x0000000000000000       0xec CMakeFiles/Blink.dir/main.c.obj
 .debug_abbrev  0x00000000000000ec      0x112 CMakeFiles/Blink.dir/home/arun/pico/GPIO_Drivers/gpio/gpio.c.obj
 .debug_abbrev  0x00000000000001fe       0xeb CMakeFiles/Blink.dir/home/arun/pico/pico-sdk/src/rp2_common/pico_platform/platform.c.obj
 .debug_abbrev  0x00000000000002e9      0x2e9 CMakeFiles/Blink.dir/home/arun/pico/pico-sdk/src/rp2_common/hardware_claim/claim.c.obj
 .debug_abbrev  0x00000000000005d2      0x21b CMakeFiles/Blink.dir/home/arun/pico/pico-sdk/src/rp2_common/hardware_sync/sync.c.obj
 .debug_abbrev  0x00000000000007ed      0x4e7 CMakeFiles/Blink.dir/home/arun/pico/pico-sdk/src/rp2_common/hardware_irq/irq.c.obj
 .debug_abbrev  0x0000000000000cd4      0x116 CMakeFiles/Blink.dir/home/arun/pico/pico-sdk/src/common/pico_sync/lock_core.c.obj
 .debug_abbrev  0x0000000000000dea      0x397 CMakeFiles/Blink.dir/home/arun/pico/pico-sdk/src/common/pico_sync/mutex.c.obj
 .debug_abbrev  0x0000000000001181      0x571 CMakeFiles/Blink.dir/home/arun/pico/pico-sdk/src/common/pico_time/time.c.obj
 .debug_abbrev  0x00000000000016f2      0x3b8 CMakeFiles/Blink.dir/home/arun/pico/pico-sdk/src/rp2_common/hardware_timer/timer.c.obj
 .debug_abbrev  0x0000000000001aaa      0x297 CMakeFiles/Blink.dir/home/arun/pico/pico-sdk/src/common/pico_util/pheap.c.obj
 .debug_abbrev  0x0000000000001d41      0x3a5 CMakeFiles/Blink.dir/home/arun/pico/pico-sdk/src/rp2_common/hardware_clocks/clocks.c.obj
 .debug_abbrev  0x00000000000020e6      0x1ea CMakeFiles/Blink.dir/home/arun/pico/pico-sdk/src/rp2_common/hardware_pll/pll.c.obj
 .debug_abbrev  0x00000000000022d0      0x1a8 CMakeFiles/Blink.dir/home/arun/pico/pico-sdk/src/rp2_common/hardware_watchdog/watchdog.c.obj
 .debug_abbrev  0x0000000000002478      0x109 CMakeFiles/Blink.dir/home/arun/pico/pico-sdk/src/rp2_common/hardware_xosc/xosc.c.obj
 .debug_abbrev  0x0000000000002581      0x4ba CMakeFiles/Blink.dir/home/arun/pico/pico-sdk/src/rp2_common/pico_runtime/runtime.c.obj
 .debug_abbrev  0x0000000000002a3b      0x384 CMakeFiles/Blink.dir/home/arun/pico/pico-sdk/src/rp2_common/pico_printf/printf.c.obj
 .debug_abbrev  0x0000000000002dbf       0x12 CMakeFiles/Blink.dir/home/arun/pico/pico-sdk/src/rp2_common/pico_bit_ops/bit_ops_aeabi.S.obj
 .debug_abbrev  0x0000000000002dd1      0x13b CMakeFiles/Blink.dir/home/arun/pico/pico-sdk/src/rp2_common/pico_bootrom/bootrom.c.obj
 .debug_abbrev  0x0000000000002f0c       0x12 CMakeFiles/Blink.dir/home/arun/pico/pico-sdk/src/rp2_common/pico_divider/divider.S.obj
 .debug_abbrev  0x0000000000002f1e       0x12 CMakeFiles/Blink.dir/home/arun/pico/pico-sdk/src/rp2_common/pico_double/double_aeabi.S.obj
 .debug_abbrev  0x0000000000002f30      0x179 CMakeFiles/Blink.dir/home/arun/pico/pico-sdk/src/rp2_common/pico_double/double_init_rom.c.obj
 .debug_abbrev  0x00000000000030a9       0x12 CMakeFiles/Blink.dir/home/arun/pico/pico-sdk/src/rp2_common/pico_double/double_v1_rom_shim.S.obj
 .debug_abbrev  0x00000000000030bb       0x14 CMakeFiles/Blink.dir/home/arun/pico/pico-sdk/src/rp2_common/pico_int64_ops/pico_int64_ops_aeabi.S.obj
 .debug_abbrev  0x00000000000030cf       0x12 CMakeFiles/Blink.dir/home/arun/pico/pico-sdk/src/rp2_common/pico_float/float_aeabi.S.obj
 .debug_abbrev  0x00000000000030e1      0x18c CMakeFiles/Blink.dir/home/arun/pico/pico-sdk/src/rp2_common/pico_float/float_init_rom.c.obj
 .debug_abbrev  0x000000000000326d       0x12 CMakeFiles/Blink.dir/home/arun/pico/pico-sdk/src/rp2_common/pico_float/float_v1_rom_shim.S.obj
 .debug_abbrev  0x000000000000327f       0x12 CMakeFiles/Blink.dir/home/arun/pico/pico-sdk/src/rp2_common/pico_mem_ops/mem_ops_aeabi.S.obj
 .debug_abbrev  0x0000000000003291       0x12 CMakeFiles/Blink.dir/home/arun/pico/pico-sdk/src/rp2_common/pico_standard_link/crt0.S.obj
 .debug_abbrev  0x00000000000032a3       0xad CMakeFiles/Blink.dir/home/arun/pico/pico-sdk/src/rp2_common/pico_standard_link/binary_info.c.obj
 .debug_abbrev  0x0000000000003350      0x4a5 CMakeFiles/Blink.dir/home/arun/pico/pico-sdk/src/rp2_common/pico_stdio/stdio.c.obj
 .debug_abbrev  0x00000000000037f5      0x163 CMakeFiles/Blink.dir/home/arun/pico/pico-sdk/src/rp2_common/pico_unique_id/unique_id.c.obj
 .debug_abbrev  0x0000000000003958      0x2b6 CMakeFiles/Blink.dir/home/arun/pico/pico-sdk/src/rp2_common/hardware_flash/flash.c.obj
 .debug_abbrev  0x0000000000003c0e       0x14 /usr/lib/gcc/arm-none-eabi/10.3.1/thumb/v6-m/nofp/libgcc.a(_dvmd_tls.o)
 .debug_abbrev  0x0000000000003c22       0x8f /usr/lib/gcc/arm-none-eabi/10.3.1/../../../arm-none-eabi/lib/thumb/v6-m/nofp/libg.a(lib_a-strlen-stub.o)

.debug_aranges  0x0000000000000000      0xdc0
 .debug_aranges
                0x0000000000000000       0x20 CMakeFiles/Blink.dir/main.c.obj
 .debug_aranges
                0x0000000000000020       0x48 CMakeFiles/Blink.dir/home/arun/pico/GPIO_Drivers/gpio/gpio.c.obj
 .debug_aranges
                0x0000000000000068       0x28 CMakeFiles/Blink.dir/home/arun/pico/pico-sdk/src/rp2_common/pico_platform/platform.c.obj
 .debug_aranges
                0x0000000000000090       0x48 CMakeFiles/Blink.dir/home/arun/pico/pico-sdk/src/rp2_common/hardware_claim/claim.c.obj
 .debug_aranges
                0x00000000000000d8       0x58 CMakeFiles/Blink.dir/home/arun/pico/pico-sdk/src/rp2_common/hardware_sync/sync.c.obj
 .debug_aranges
                0x0000000000000130       0xc8 CMakeFiles/Blink.dir/home/arun/pico/pico-sdk/src/rp2_common/hardware_irq/irq.c.obj
 .debug_aranges
                0x00000000000001f8       0x20 CMakeFiles/Blink.dir/home/arun/pico/pico-sdk/src/common/pico_sync/lock_core.c.obj
 .debug_aranges
                0x0000000000000218       0x90 CMakeFiles/Blink.dir/home/arun/pico/pico-sdk/src/common/pico_sync/mutex.c.obj
 .debug_aranges
                0x00000000000002a8       0xe8 CMakeFiles/Blink.dir/home/arun/pico/pico-sdk/src/common/pico_time/time.c.obj
 .debug_aranges
                0x0000000000000390       0x88 CMakeFiles/Blink.dir/home/arun/pico/pico-sdk/src/rp2_common/hardware_timer/timer.c.obj
 .debug_aranges
                0x0000000000000418       0x78 CMakeFiles/Blink.dir/home/arun/pico/pico-sdk/src/common/pico_util/pheap.c.obj
 .debug_aranges
                0x0000000000000490       0x70 CMakeFiles/Blink.dir/home/arun/pico/pico-sdk/src/rp2_common/hardware_clocks/clocks.c.obj
 .debug_aranges
                0x0000000000000500       0x28 CMakeFiles/Blink.dir/home/arun/pico/pico-sdk/src/rp2_common/hardware_pll/pll.c.obj
 .debug_aranges
                0x0000000000000528       0x58 CMakeFiles/Blink.dir/home/arun/pico/pico-sdk/src/rp2_common/hardware_watchdog/watchdog.c.obj
 .debug_aranges
                0x0000000000000580       0x30 CMakeFiles/Blink.dir/home/arun/pico/pico-sdk/src/rp2_common/hardware_xosc/xosc.c.obj
 .debug_aranges
                0x00000000000005b0       0x88 CMakeFiles/Blink.dir/home/arun/pico/pico-sdk/src/rp2_common/pico_runtime/runtime.c.obj
 .debug_aranges
                0x0000000000000638       0x90 CMakeFiles/Blink.dir/home/arun/pico/pico-sdk/src/rp2_common/pico_printf/printf.c.obj
 .debug_aranges
                0x00000000000006c8       0x68 CMakeFiles/Blink.dir/home/arun/pico/pico-sdk/src/rp2_common/pico_bit_ops/bit_ops_aeabi.S.obj
 .debug_aranges
                0x0000000000000730       0x30 CMakeFiles/Blink.dir/home/arun/pico/pico-sdk/src/rp2_common/pico_bootrom/bootrom.c.obj
 .debug_aranges
                0x0000000000000760       0x40 CMakeFiles/Blink.dir/home/arun/pico/pico-sdk/src/rp2_common/pico_divider/divider.S.obj
 .debug_aranges
                0x00000000000007a0      0x140 CMakeFiles/Blink.dir/home/arun/pico/pico-sdk/src/rp2_common/pico_double/double_aeabi.S.obj
 .debug_aranges
                0x00000000000008e0       0x20 CMakeFiles/Blink.dir/home/arun/pico/pico-sdk/src/rp2_common/pico_double/double_init_rom.c.obj
 .debug_aranges
                0x0000000000000900       0xc8 CMakeFiles/Blink.dir/home/arun/pico/pico-sdk/src/rp2_common/pico_double/double_v1_rom_shim.S.obj
 .debug_aranges
                0x00000000000009c8       0x20 CMakeFiles/Blink.dir/home/arun/pico/pico-sdk/src/rp2_common/pico_int64_ops/pico_int64_ops_aeabi.S.obj
 .debug_aranges
                0x00000000000009e8      0x130 CMakeFiles/Blink.dir/home/arun/pico/pico-sdk/src/rp2_common/pico_float/float_aeabi.S.obj
 .debug_aranges
                0x0000000000000b18       0x20 CMakeFiles/Blink.dir/home/arun/pico/pico-sdk/src/rp2_common/pico_float/float_init_rom.c.obj
 .debug_aranges
                0x0000000000000b38       0x50 CMakeFiles/Blink.dir/home/arun/pico/pico-sdk/src/rp2_common/pico_float/float_v1_rom_shim.S.obj
 .debug_aranges
                0x0000000000000b88       0x38 CMakeFiles/Blink.dir/home/arun/pico/pico-sdk/src/rp2_common/pico_mem_ops/mem_ops_aeabi.S.obj
 .debug_aranges
                0x0000000000000bc0       0x28 CMakeFiles/Blink.dir/home/arun/pico/pico-sdk/src/rp2_common/pico_standard_link/crt0.S.obj
 .debug_aranges
                0x0000000000000be8       0x18 CMakeFiles/Blink.dir/home/arun/pico/pico-sdk/src/rp2_common/pico_standard_link/binary_info.c.obj
 .debug_aranges
                0x0000000000000c00      0x100 CMakeFiles/Blink.dir/home/arun/pico/pico-sdk/src/rp2_common/pico_stdio/stdio.c.obj
 .debug_aranges
                0x0000000000000d00       0x30 CMakeFiles/Blink.dir/home/arun/pico/pico-sdk/src/rp2_common/pico_unique_id/unique_id.c.obj
 .debug_aranges
                0x0000000000000d30       0x50 CMakeFiles/Blink.dir/home/arun/pico/pico-sdk/src/rp2_common/hardware_flash/flash.c.obj
 .debug_aranges
                0x0000000000000d80       0x20 /usr/lib/gcc/arm-none-eabi/10.3.1/thumb/v6-m/nofp/libgcc.a(_dvmd_tls.o)
 .debug_aranges
                0x0000000000000da0       0x20 /usr/lib/gcc/arm-none-eabi/10.3.1/../../../arm-none-eabi/lib/thumb/v6-m/nofp/libg.a(lib_a-strlen-stub.o)

.debug_ranges   0x0000000000000000     0x2ef8